<html>
<body>
<pre>
<h1>µVision Build Log</h1>
<h2>Tool Versions:</h2>
IDE-Version: µVision V5.41.0.0
Copyright (C) 2024 ARM Ltd and ARM Germany GmbH. All rights reserved.
License Information: Julien Villemejane
Institut d'Optique Graduate School
User-based license: Keil MDK Community (non-commercial free of charge)
Valid until: Jun 1 2033. Cached until: Sep 1 2025
 
Tool Versions:
Toolchain:       Keil MDK Community (non-commercial free of charge  Version: 5.41.0.0
Toolchain Path:  C:\Keil_v5\ARM\ARMCLANG\Bin
C Compiler:      ArmClang.exe V6.22
Assembler:       Armasm.exe V6.22
Linker/Locator:  ArmLink.exe V6.22
Library Manager: ArmAr.exe V6.22
Hex Converter:   FromElf.exe V6.22
CPU DLL:         
Dialog DLL:      DCM.DLL V1.17.5.0
Target DLL:      STLink\ST-LINKIII-KEIL_SWO.dll V3.3.0.0
Dialog DLL:      TCM.DLL V1.56.4.0
 
<h2>Project:</h2>
D:\tools\git_repo\LEnsE\ressources\mbed6-libraries\keil_projects\L476RG\hello-L476RG_pre\hello-L476RG.uvprojx
Project File Date:  05/23/2025

<h2>Output:</h2>
*** Using Compiler 'V6.22', folder: 'C:\Keil_v5\ARM\ARMCLANG\Bin'
Rebuild target 'hello-L476RG'
compiling analogout_device.c...
compiling analogin_api.c...
compiling analogout_api.c...
compiling analogin_device.c...
C:/Keil_v5/mbed-os/targets/TARGET_STM/can_api.c(1036): warning: & has lower precedence than <; < will be evaluated first [-Wparentheses]
 1036 |     msg->len = ((uint8_t)0x0F & can->sFIFOMailBox[rxfifo_default].RDTR < 8) ? ((uint8_t)0x0F & can->sFIFOMailBox[rxfifo_default].RDTR) : ((uint8_t) 8);
      |                               ^~~~~~~~~~~~~~~~~~~~~~~~~~~~~~~~~~~~~~~~~~~~
C:/Keil_v5/mbed-os/targets/TARGET_STM/can_api.c(1036): note: place parentheses around the '<' expression to silence this warning
 1036 |     msg->len = ((uint8_t)0x0F & can->sFIFOMailBox[rxfifo_default].RDTR < 8) ? ((uint8_t)0x0F & can->sFIFOMailBox[rxfifo_default].RDTR) : ((uint8_t) 8);
      |                               ^                                           
      |                                 (                                         )
C:/Keil_v5/mbed-os/targets/TARGET_STM/can_api.c(1036): note: place parentheses around the & expression to evaluate it first
 1036 |     msg->len = ((uint8_t)0x0F & can->sFIFOMailBox[rxfifo_default].RDTR < 8) ? ((uint8_t)0x0F & can->sFIFOMailBox[rxfifo_default].RDTR) : ((uint8_t) 8);
      |                               ^
      |                 (                                                     )
1 warning generated.
compiling can_api.c...
compiling CriticalSectionLock.cpp...
compiling BufferedBlockDevice.cpp...
compiling CThunkBase.cpp...
compiling BusIn.cpp...
compiling ATCmdParser.cpp...
compiling AnalogOut.cpp...
C:/Keil_v5/mbed-os/drivers/source/AnalogIn.cpp(18): warning: In file included from...
C:/Keil_v5/mbed-os/drivers/include\drivers/AnalogIn.h(79): warning: use of NaN via a macro is undefined behavior due to the currently enabled floating-point options [-Wnan-infinity-disabled]
   79 |     AnalogIn(const PinMap &pinmap, float vref = MBED_CONF_TARGET_DEFAULT_ADC_VREF);
      |                                                 ^
.\mbed_config.h(74): note: expanded from macro 'MBED_CONF_TARGET_DEFAULT_ADC_VREF'
   74 | #define MBED_CONF_TARGET_DEFAULT_ADC_VREF                                 NAN                    // set by target:Target
      |                                                                           ^
C:/Keil_v5/mbed-os/drivers/source/AnalogIn.cpp(18): warning: In file included from...
C:/Keil_v5/mbed-os/drivers/include\drivers/AnalogIn.h(80): warning: use of NaN via a macro is undefined behavior due to the currently enabled floating-point options [-Wnan-infinity-disabled]
   80 |     AnalogIn(const PinMap &&, float vref = MBED_CONF_TARGET_DEFAULT_ADC_VREF) = delete; // prevent passing of temporary objects
      |                                            ^
.\mbed_config.h(74): note: expanded from macro 'MBED_CONF_TARGET_DEFAULT_ADC_VREF'
   74 | #define MBED_CONF_TARGET_DEFAULT_ADC_VREF                                 NAN                    // set by target:Target
      |                                                                           ^
C:/Keil_v5/mbed-os/drivers/source/AnalogIn.cpp(18): warning: In file included from...
C:/Keil_v5/mbed-os/drivers/include\drivers/AnalogIn.h(89): warning: use of NaN via a macro is undefined behavior due to the currently enabled floating-point options [-Wnan-infinity-disabled]
   89 |     AnalogIn(PinName pin, float vref = MBED_CONF_TARGET_DEFAULT_ADC_VREF);
      |                                        ^
.\mbed_config.h(74): note: expanded from macro 'MBED_CONF_TARGET_DEFAULT_ADC_VREF'
   74 | #define MBED_CONF_TARGET_DEFAULT_ADC_VREF                                 NAN                    // set by target:Target
      |                                                                           ^
C:/Keil_v5/mbed-os/drivers/source/AnalogIn.cpp(18): warning: In file included from...
C:/Keil_v5/mbed-os/drivers/include\drivers/AnalogIn.h(79): warning: use of NaN is undefined behavior due to the currently enabled floating-point options [-Wnan-infinity-disabled]
   79 |     AnalogIn(const PinMap &pinmap, float vref = MBED_CONF_TARGET_DEFAULT_ADC_VREF);
      |                                                 ^~~~~~~~~~~~~~~~~~~~~~~~~~~~~~~~~
.\mbed_config.h(74): note: expanded from macro 'MBED_CONF_TARGET_DEFAULT_ADC_VREF'
   74 | #define MBED_CONF_TARGET_DEFAULT_ADC_VREF                                 NAN                    // set by target:Target
      |                                                                           ^~~
C:\Keil_v5\ARM\ARMCLANG\bin\..\include\math.h(272): note: expanded from macro 'NAN'
  272 | #   define NAN __builtin_nanf("")
      |                ^~~~~~~~~~~~~~~~~~
C:/Keil_v5/mbed-os/drivers/source/AnalogIn.cpp(18): warning: In file included from...
C:/Keil_v5/mbed-os/drivers/include\drivers/AnalogIn.h(80): warning: use of NaN is undefined behavior due to the currently enabled floating-point options [-Wnan-infinity-disabled]
   80 |     AnalogIn(const PinMap &&, float vref = MBED_CONF_TARGET_DEFAULT_ADC_VREF) = delete; // prevent passing of temporary objects
      |                                            ^~~~~~~~~~~~~~~~~~~~~~~~~~~~~~~~~
.\mbed_config.h(74): note: expanded from macro 'MBED_CONF_TARGET_DEFAULT_ADC_VREF'
   74 | #define MBED_CONF_TARGET_DEFAULT_ADC_VREF                                 NAN                    // set by target:Target
      |                                                                           ^~~
C:\Keil_v5\ARM\ARMCLANG\bin\..\include\math.h(272): note: expanded from macro 'NAN'
  272 | #   define NAN __builtin_nanf("")
      |                ^~~~~~~~~~~~~~~~~~
C:/Keil_v5/mbed-os/drivers/source/AnalogIn.cpp(18): warning: In file included from...
C:/Keil_v5/mbed-os/drivers/include\drivers/AnalogIn.h(89): warning: use of NaN is undefined behavior due to the currently enabled floating-point options [-Wnan-infinity-disabled]
   89 |     AnalogIn(PinName pin, float vref = MBED_CONF_TARGET_DEFAULT_ADC_VREF);
      |                                        ^~~~~~~~~~~~~~~~~~~~~~~~~~~~~~~~~
.\mbed_config.h(74): note: expanded from macro 'MBED_CONF_TARGET_DEFAULT_ADC_VREF'
   74 | #define MBED_CONF_TARGET_DEFAULT_ADC_VREF                                 NAN                    // set by target:Target
      |                                                                           ^~~
C:\Keil_v5\ARM\ARMCLANG\bin\..\include\math.h(272): note: expanded from macro 'NAN'
  272 | #   define NAN __builtin_nanf("")
      |                ^~~~~~~~~~~~~~~~~~
6 warnings generated.
compiling AnalogIn.cpp...
compiling BusInOut.cpp...
compiling BusOut.cpp...
compiling BufferedSerial.cpp...
compiling ChainingBlockDevice.cpp...
compiling DigitalIn.cpp...
compiling ConditionVariable.cpp...
compiling DigitalInOut.cpp...
compiling DigitalOut.cpp...
compiling CAN.cpp...
compiling flash_api.c...
compiling gpio_api.c...
compiling gpio_irq_api.c...
compiling gpio_irq_device.c...
compiling hal_tick_overrides.c...
compiling DeepSleepLock.cpp...
compiling EventFlags.cpp...
compiling ExhaustibleBlockDevice.cpp...
compiling FileHandle.cpp...
compiling i2c_device.c...
compiling FileBase.cpp...
compiling FilePath.cpp...
compiling FileSystemHandle.cpp...
compiling i2c_api.c...
compiling FlashSimBlockDevice.cpp...
compiling FlashIAP.cpp...
compiling I2CSlave.cpp...
compiling mbed_assert.c...
compiling LocalFileSystem.cpp...
compiling lp_ticker.c...
compiling mbed_application.c...
compiling mbed_atomic_impl.c...
compiling HeapBlockDevice.cpp...
compiling mbed_compat.c...
compiling mbed_board.c...
compiling mbed_critical.c...
compiling mbed_critical_section_api.c...
compiling mbed_crc_api.c...
compiling I2C.cpp...
compiling mbed_error_hist.c...
compiling mbed_error.c...
compiling mbed_io.cpp...
compiling mbed_flash_api.c...
compiling mbed_gpio.c...
compiling mbed_fault_handler.c...
compiling mbed_itm_api.c...
compiling mbed_gpio_irq.c...
compiling mbed_interface.c...
compiling mbed_mktime.c...
compiling InterruptIn.cpp...
compiling Kernel.cpp...
compiling mbed_lp_ticker_api.c...
compiling mbed_mpu_mgmt.c...
compiling mbed_mpu_v7m.c...
compiling mbed_lp_ticker_wrapper.cpp...
compiling mbed_mpu_v8m.c...
compiling LowPowerTickerWrapper.cpp...
compiling mbed_alloc_wrappers.cpp...
compiling mbed_overrides.c...
compiling mbed_printf_wrapper.c...
compiling mbed_printf_armlink_overrides.c...
compiling mbed_printf_implementation.c...
compiling mbed_pinmap_common.c...
compiling mbed_pinmap_default.cpp...
compiling mbed_power_mgmt.c...
compiling mbed_trace.c...
compiling mbed_stats.c...
compiling mbed_semihost_api.c...
compiling mbed_sdk_boot.c...
compiling mbed_tz_context.c...
compiling mbed_usb_phy.cpp...
compiling mbed_ticker_api.c...
compiling mbed_us_ticker_api.c...
C:/Keil_v5/mbed-os/platform/source/mbed_wait_api_no_rtos.c(136): warning: passing arguments to a function without a prototype is deprecated in all versions of C and is not supported in C23 [-Wdeprecated-non-prototype]
  136 |     delay_loop(count);
      |               ^
1 warning generated.
compiling mbed_wait_api_no_rtos.c...
compiling mbed_mem_trace.cpp...
compiling ospi_api.c...
compiling mbed_os_timer.cpp...
compiling mbed_poll.cpp...
compiling OSPI.cpp...
compiling PeripheralPins.c...
compiling pinmap.c...
compiling mbed_rtc_time.cpp...
compiling mbed_retarget.cpp...
compiling ProfilingBlockDevice.cpp...
compiling mbed_thread.cpp...
compiling port_api.c...
compiling PortIn.cpp...
compiling qspi_api.c...
compiling PortInOut.cpp...
compiling MBRBlockDevice.cpp...
compiling PortOut.cpp...
compiling mstd_mutex.cpp...
compiling pwmout_device.c...
compiling MbedCRC.cpp...
compiling ResetReason.cpp...
compiling pwmout_api.c...
compiling PwmOut.cpp...
compiling QSPI.cpp...
compiling Mutex.cpp...
compiling reset_reason.c...
compiling SlicingBlockDevice.cpp...
compiling rtc_api.c...
compiling ObservingBlockDevice.cpp...
assembling startup_stm32l476xx.S...
startup_stm32l476xx.S: Warning: A1950W: The legacy armasm assembler is deprecated. Consider using the armclang integrated assembler instead.
compiling serial_api.c...
compiling sleep.c...
compiling serial_device.c...
compiling SerialWireOutput.cpp...
compiling spi_api.c...
compiling stm32l4xx_hal.c...
compiling stm32l4xx_hal_can.c...
compiling SPISlave.cpp...
compiling static_pinmap.cpp...
compiling stm32l4xx_hal_adc_ex.c...
compiling stm32l4xx_hal_adc.c...
compiling stm32l4xx_hal_can_legacy.c...
compiling stm32l4xx_hal_cortex.c...
compiling stm32l4xx_hal_comp.c...
compiling stm32l4xx_hal_crc.c...
compiling stm32l4xx_hal_cryp.c...
compiling stm32l4xx_hal_crc_ex.c...
compiling stm32l4xx_hal_cryp_ex.c...
compiling SFDP.cpp...
compiling ReadOnlyBlockDevice.cpp...
compiling stm32l4xx_hal_dac.c...
compiling stm32l4xx_hal_dcmi.c...
compiling stm32l4xx_hal_dac_ex.c...
compiling Semaphore.cpp...
compiling stm32l4xx_hal_dfsdm_ex.c...
compiling stm32l4xx_hal_dma2d.c...
compiling stm32l4xx_hal_dma.c...
compiling stm32l4xx_hal_dma_ex.c...
compiling stm32l4xx_hal_dfsdm.c...
compiling SerialBase.cpp...
compiling stm32l4xx_hal_dsi.c...
compiling stm32l4xx_hal_exti.c...
compiling stm32l4xx_hal_firewall.c...
compiling stm32l4xx_hal_gfxmmu.c...
compiling stm32l4xx_hal_flash.c...
compiling stm32l4xx_hal_flash_ramfunc.c...
compiling stm32l4xx_hal_flash_ex.c...
compiling stm32l4xx_hal_hash.c...
compiling stm32l4xx_hal_hash_ex.c...
compiling stm32l4xx_hal_gpio.c...
compiling SPI.cpp...
compiling stm32l4xx_hal_i2c_ex.c...
compiling stm32l4xx_hal_hcd.c...
compiling stm32l4xx_hal_iwdg.c...
compiling stm32l4xx_hal_lcd.c...
compiling stm32l4xx_hal_ltdc.c...
compiling stm32l4xx_hal_ltdc_ex.c...
compiling stm32l4xx_hal_irda.c...
compiling stm32l4xx_hal_mmc_ex.c...
compiling stm32l4xx_hal_lptim.c...
compiling stm32l4xx_hal_opamp.c...
compiling stm32l4xx_hal_nor.c...
compiling stm32l4xx_hal_nand.c...
compiling stm32l4xx_hal_i2c.c...
compiling stm32l4xx_hal_opamp_ex.c...
compiling stm32l4xx_hal_ospi.c...
compiling stm32l4xx_hal_mmc.c...
compiling stm32l4xx_hal_pka.c...
compiling stm32l4xx_hal_pcd_ex.c...
compiling stm32l4xx_hal_pssi.c...
compiling stm32l4xx_hal_pcd.c...
compiling stm32l4xx_hal_pwr.c...
compiling stm32l4xx_hal_pwr_ex.c...
compiling stm32l4xx_hal_rng.c...
compiling stm32l4xx_hal_rng_ex.c...
compiling stm32l4xx_hal_rcc.c...
compiling stm32l4xx_hal_sai_ex.c...
compiling stm32l4xx_hal_qspi.c...
compiling stm32l4xx_hal_rtc.c...
compiling stm32l4xx_hal_rcc_ex.c...
compiling stm32l4xx_hal_rtc_ex.c...
compiling stm32l4xx_hal_sd_ex.c...
compiling stm32l4xx_hal_sai.c...
compiling stm32l4xx_hal_smartcard_ex.c...
compiling stm32l4xx_hal_sd.c...
compiling stm32l4xx_hal_smbus_ex.c...
compiling stm32l4xx_hal_spi_ex.c...
compiling stm32l4xx_hal_smartcard.c...
compiling stm32l4xx_hal_smbus.c...
compiling stm32l4xx_hal_sram.c...
compiling stm32l4xx_hal_swpmi.c...
compiling stm32l4xx_hal_tsc.c...
compiling stm32l4xx_hal_spi.c...
compiling stm32l4xx_hal_uart_ex.c...
compiling stm32l4xx_hal_tim_ex.c...
compiling stm32l4xx_hal_usart_ex.c...
compiling stm32l4xx_hal_wwdg.c...
compiling stm32l4xx_ll_comp.c...
compiling stm32l4xx_ll_adc.c...
compiling stm32l4xx_hal_uart.c...
compiling stm32l4xx_hal_usart.c...
compiling stm32l4xx_ll_crc.c...
compiling stm32l4xx_ll_crs.c...
compiling stm32l4xx_hal_tim.c...
compiling stm32l4xx_ll_dma2d.c...
compiling stm32l4xx_ll_dac.c...
compiling stm32l4xx_ll_dma.c...
compiling stm32l4xx_ll_exti.c...
compiling stm32l4xx_ll_gpio.c...
compiling stm32l4xx_ll_i2c.c...
compiling stm32l4xx_ll_fmc.c...
compiling stm32l4xx_ll_opamp.c...
compiling stm32l4xx_ll_lptim.c...
compiling stm32l4xx_ll_lpuart.c...
compiling stm32l4xx_ll_pka.c...
compiling stm32l4xx_ll_pwr.c...
compiling stm32l4xx_ll_rng.c...
compiling stm32l4xx_ll_rtc.c...
compiling stm32l4xx_ll_rcc.c...
compiling stm32l4xx_ll_sdmmc.c...
compiling stm32l4xx_ll_spi.c...
compiling stm32l4xx_ll_swpmi.c...
compiling stm32l4xx_ll_usart.c...
compiling stm32l4xx_ll_utils.c...
compiling system_stm32l4xx.c...
compiling stm32l4xx_ll_tim.c...
compiling system_clock.c...
compiling stm32l4xx_ll_usb.c...
compiling stm_spi_api.c...
compiling USBPhy_STM32.cpp...
compiling trng_api.c...
compiling us_ticker.c...
compiling Watchdog.cpp...
compiling watchdog_api.c...
compiling Stream.cpp...
compiling ThisThread.cpp...
compiling SysTimer.cpp...
compiling Ticker.cpp...
compiling TimerEvent.cpp...
compiling Timeout.cpp...
compiling Thread.cpp...
compiling Timer.cpp...
compiling UnbufferedSerial.cpp...
./main.cpp(12): warning: In file included from...
C:/Keil_v5/mbed-os\mbed.h(63): warning: In file included from...
C:/Keil_v5/mbed-os/drivers/include\drivers/AnalogIn.h(79): warning: use of NaN via a macro is undefined behavior due to the currently enabled floating-point options [-Wnan-infinity-disabled]
   79 |     AnalogIn(const PinMap &pinmap, float vref = MBED_CONF_TARGET_DEFAULT_ADC_VREF);
      |                                                 ^
.\mbed_config.h(74): note: expanded from macro 'MBED_CONF_TARGET_DEFAULT_ADC_VREF'
   74 | #define MBED_CONF_TARGET_DEFAULT_ADC_VREF                                 NAN                    // set by target:Target
      |                                                                           ^
./main.cpp(12): warning: In file included from...
C:/Keil_v5/mbed-os\mbed.h(63): warning: In file included from...
C:/Keil_v5/mbed-os/drivers/include\drivers/AnalogIn.h(80): warning: use of NaN via a macro is undefined behavior due to the currently enabled floating-point options [-Wnan-infinity-disabled]
   80 |     AnalogIn(const PinMap &&, float vref = MBED_CONF_TARGET_DEFAULT_ADC_VREF) = delete; // prevent passing of temporary objects
      |                                            ^
.\mbed_config.h(74): note: expanded from macro 'MBED_CONF_TARGET_DEFAULT_ADC_VREF'
   74 | #define MBED_CONF_TARGET_DEFAULT_ADC_VREF                                 NAN                    // set by target:Target
      |                                                                           ^
./main.cpp(12): warning: In file included from...
C:/Keil_v5/mbed-os\mbed.h(63): warning: In file included from...
C:/Keil_v5/mbed-os/drivers/include\drivers/AnalogIn.h(89): warning: use of NaN via a macro is undefined behavior due to the currently enabled floating-point options [-Wnan-infinity-disabled]
   89 |     AnalogIn(PinName pin, float vref = MBED_CONF_TARGET_DEFAULT_ADC_VREF);
      |                                        ^
.\mbed_config.h(74): note: expanded from macro 'MBED_CONF_TARGET_DEFAULT_ADC_VREF'
   74 | #define MBED_CONF_TARGET_DEFAULT_ADC_VREF                                 NAN                    // set by target:Target
      |                                                                           ^
./main.cpp(12): warning: In file included from...
C:/Keil_v5/mbed-os\mbed.h(63): warning: In file included from...
C:/Keil_v5/mbed-os/drivers/include\drivers/AnalogIn.h(79): warning: use of NaN is undefined behavior due to the currently enabled floating-point options [-Wnan-infinity-disabled]
   79 |     AnalogIn(const PinMap &pinmap, float vref = MBED_CONF_TARGET_DEFAULT_ADC_VREF);
      |                                                 ^~~~~~~~~~~~~~~~~~~~~~~~~~~~~~~~~
.\mbed_config.h(74): note: expanded from macro 'MBED_CONF_TARGET_DEFAULT_ADC_VREF'
   74 | #define MBED_CONF_TARGET_DEFAULT_ADC_VREF                                 NAN                    // set by target:Target
      |                                                                           ^~~
C:\Keil_v5\ARM\ARMCLANG\bin\..\include\math.h(272): note: expanded from macro 'NAN'
  272 | #   define NAN __builtin_nanf("")
      |                ^~~~~~~~~~~~~~~~~~
./main.cpp(12): warning: In file included from...
C:/Keil_v5/mbed-os\mbed.h(63): warning: In file included from...
C:/Keil_v5/mbed-os/drivers/include\drivers/AnalogIn.h(80): warning: use of NaN is undefined behavior due to the currently enabled floating-point options [-Wnan-infinity-disabled]
   80 |     AnalogIn(const PinMap &&, float vref = MBED_CONF_TARGET_DEFAULT_ADC_VREF) = delete; // prevent passing of temporary objects
      |                                            ^~~~~~~~~~~~~~~~~~~~~~~~~~~~~~~~~
.\mbed_config.h(74): note: expanded from macro 'MBED_CONF_TARGET_DEFAULT_ADC_VREF'
   74 | #define MBED_CONF_TARGET_DEFAULT_ADC_VREF                                 NAN                    // set by target:Target
      |                                                                           ^~~
C:\Keil_v5\ARM\ARMCLANG\bin\..\include\math.h(272): note: expanded from macro 'NAN'
  272 | #   define NAN __builtin_nanf("")
      |                ^~~~~~~~~~~~~~~~~~
./main.cpp(12): warning: In file included from...
C:/Keil_v5/mbed-os\mbed.h(63): warning: In file included from...
C:/Keil_v5/mbed-os/drivers/include\drivers/AnalogIn.h(89): warning: use of NaN is undefined behavior due to the currently enabled floating-point options [-Wnan-infinity-disabled]
   89 |     AnalogIn(PinName pin, float vref = MBED_CONF_TARGET_DEFAULT_ADC_VREF);
      |                                        ^~~~~~~~~~~~~~~~~~~~~~~~~~~~~~~~~
.\mbed_config.h(74): note: expanded from macro 'MBED_CONF_TARGET_DEFAULT_ADC_VREF'
   74 | #define MBED_CONF_TARGET_DEFAULT_ADC_VREF                                 NAN                    // set by target:Target
      |                                                                           ^~~
C:\Keil_v5\ARM\ARMCLANG\bin\..\include\math.h(272): note: expanded from macro 'NAN'
  272 | #   define NAN __builtin_nanf("")
      |                ^~~~~~~~~~~~~~~~~~
6 warnings generated.
compiling main.cpp...
linking...
Program Size: Code=23488 RO-data=1708 RW-data=20 ZI-data=100048  
After Build - User command #1: C:\Keil_v5\\ARM\ARMCLANG\bin\fromelf.exe --bin --output=hello-L476RG.bin .\BUILD\hello-L476RG.axf
".\BUILD\hello-L476RG.axf" - 0 Error(s), 15 Warning(s).

<h2>Software Packages used:</h2>

Package Vendor: Keil
                https://www.keil.com/pack/Keil.STM32L4xx_DFP.3.0.0.pack
                Keil::STM32L4xx_DFP@3.0.0
                STMicroelectronics STM32L4 Series Device Support

<h2>Collection of Component include folders:</h2>

<h2>Collection of Component Files used:</h2>
Build Time Elapsed:  00:00:41
</pre>
</body>
</html>
