<!doctype html public "-//w3c//dtd html 4.0 transitional//en">
<html><head>
<title>Static Call Graph - [.\BUILD\pot_leds.axf]</title></head>
<body><HR>
<H1>Static Call Graph for image .\BUILD\pot_leds.axf</H1><HR>
<BR><P>#&#060CALLGRAPH&#062# ARM Linker, 6220000: Last Updated: Sat Feb 15 17:12:45 2025
<BR><P>
<H3>Maximum Stack Usage =       1064 bytes + Unknown(Cycles, Untraceable Function Pointers)</H3><H3>
Call chain for Maximum Stack Depth:</H3>
lp_ticker_init &rArr; sleep_manager_unlock_deep_sleep_internal &rArr; mbed_error &rArr; print_error_report &rArr; mbed_error_printf &rArr; mbed_error_puts &rArr; write &rArr; mbed::minimal_console_putc(int) &rArr; do_serial_init_once() &rArr;  mbed_assert_internal (Cycle)
<P>
<H3>
Mutually Recursive functions
</H3> <LI><a href="#[1]">NMI_Handler</a>&nbsp;&nbsp;&nbsp;&rArr;&nbsp;&nbsp;&nbsp;<a href="#[1]">NMI_Handler</a><BR>
 <LI><a href="#[2]">HardFault_Handler</a>&nbsp;&nbsp;&nbsp;&rArr;&nbsp;&nbsp;&nbsp;<a href="#[2]">HardFault_Handler</a><BR>
 <LI><a href="#[3]">MemManage_Handler</a>&nbsp;&nbsp;&nbsp;&rArr;&nbsp;&nbsp;&nbsp;<a href="#[3]">MemManage_Handler</a><BR>
 <LI><a href="#[4]">BusFault_Handler</a>&nbsp;&nbsp;&nbsp;&rArr;&nbsp;&nbsp;&nbsp;<a href="#[4]">BusFault_Handler</a><BR>
 <LI><a href="#[5]">UsageFault_Handler</a>&nbsp;&nbsp;&nbsp;&rArr;&nbsp;&nbsp;&nbsp;<a href="#[5]">UsageFault_Handler</a><BR>
 <LI><a href="#[6]">SVC_Handler</a>&nbsp;&nbsp;&nbsp;&rArr;&nbsp;&nbsp;&nbsp;<a href="#[6]">SVC_Handler</a><BR>
 <LI><a href="#[7]">DebugMon_Handler</a>&nbsp;&nbsp;&nbsp;&rArr;&nbsp;&nbsp;&nbsp;<a href="#[7]">DebugMon_Handler</a><BR>
 <LI><a href="#[8]">PendSV_Handler</a>&nbsp;&nbsp;&nbsp;&rArr;&nbsp;&nbsp;&nbsp;<a href="#[8]">PendSV_Handler</a><BR>
 <LI><a href="#[9]">SysTick_Handler</a>&nbsp;&nbsp;&nbsp;&rArr;&nbsp;&nbsp;&nbsp;<a href="#[9]">SysTick_Handler</a><BR>
 <LI><a href="#[1c]">ADC1_2_IRQHandler</a>&nbsp;&nbsp;&nbsp;&rArr;&nbsp;&nbsp;&nbsp;<a href="#[1c]">ADC1_2_IRQHandler</a><BR>
 <LI><a href="#[115]">hal_critical_section_exit</a>&nbsp;&nbsp;&nbsp;&rArr;&nbsp;&nbsp;&nbsp;<a href="#[e1]">mbed_assert_internal</a><BR>
 <LI><a href="#[b2]">core_util_critical_section_enter</a>&nbsp;&nbsp;&nbsp;&rArr;&nbsp;&nbsp;&nbsp;<a href="#[e1]">mbed_assert_internal</a><BR>
 <LI><a href="#[e0]">do_serial_init_once()</a>&nbsp;&nbsp;&nbsp;&rArr;&nbsp;&nbsp;&nbsp;<a href="#[e1]">mbed_assert_internal</a><BR>
 <LI><a href="#[91]">_sys_write</a>&nbsp;&nbsp;&nbsp;&rArr;&nbsp;&nbsp;&nbsp;<a href="#[f3]">mbed::minimal_console_putc(int)</a><BR>
 <LI><a href="#[13b]">pinmap_merge</a>&nbsp;&nbsp;&nbsp;&rArr;&nbsp;&nbsp;&nbsp;<a href="#[12c]">mbed_error</a><BR>
 <LI><a href="#[d5]">Set_GPIO_Clock</a>&nbsp;&nbsp;&nbsp;&rArr;&nbsp;&nbsp;&nbsp;<a href="#[d2]">error</a><BR>
 <LI><a href="#[111]">pin_function</a>&nbsp;&nbsp;&nbsp;&rArr;&nbsp;&nbsp;&nbsp;<a href="#[e1]">mbed_assert_internal</a><BR>
 <LI><a href="#[d2]">error</a>&nbsp;&nbsp;&nbsp;&rArr;&nbsp;&nbsp;&nbsp;<a href="#[118]">print_error_report</a><BR>
 <LI><a href="#[119]">mbed_error_vprintf</a>&nbsp;&nbsp;&nbsp;&rArr;&nbsp;&nbsp;&nbsp;<a href="#[11a]">mbed_error_puts</a><BR>
 <LI><a href="#[10f]">pinmap_peripheral</a>&nbsp;&nbsp;&nbsp;&rArr;&nbsp;&nbsp;&nbsp;<a href="#[12c]">mbed_error</a><BR>
 <LI><a href="#[140]">serial_init</a>&nbsp;&nbsp;&nbsp;&rArr;&nbsp;&nbsp;&nbsp;<a href="#[e1]">mbed_assert_internal</a><BR>
</UL>
<P>
<H3>
Function Pointers
</H3><UL>
 <LI><a href="#[1c]">ADC1_2_IRQHandler</a> from .\build\startup_stm32l476xx.o(.text) referenced from .\build\startup_stm32l476xx.o(RESET)
 <LI><a href="#[39]">ADC3_IRQHandler</a> from .\build\startup_stm32l476xx.o(.text) referenced from .\build\startup_stm32l476xx.o(RESET)
 <LI><a href="#[4]">BusFault_Handler</a> from .\build\startup_stm32l476xx.o(.text) referenced from .\build\startup_stm32l476xx.o(RESET)
 <LI><a href="#[1e]">CAN1_RX0_IRQHandler</a> from .\build\can_api.o(.text.CAN1_RX0_IRQHandler) referenced from .\build\startup_stm32l476xx.o(RESET)
 <LI><a href="#[1f]">CAN1_RX1_IRQHandler</a> from .\build\startup_stm32l476xx.o(.text) referenced from .\build\startup_stm32l476xx.o(RESET)
 <LI><a href="#[20]">CAN1_SCE_IRQHandler</a> from .\build\can_api.o(.text.CAN1_SCE_IRQHandler) referenced from .\build\startup_stm32l476xx.o(RESET)
 <LI><a href="#[1d]">CAN1_TX_IRQHandler</a> from .\build\can_api.o(.text.CAN1_TX_IRQHandler) referenced from .\build\startup_stm32l476xx.o(RESET)
 <LI><a href="#[4a]">COMP_IRQHandler</a> from .\build\startup_stm32l476xx.o(.text) referenced from .\build\startup_stm32l476xx.o(RESET)
 <LI><a href="#[47]">DFSDM1_FLT0_IRQHandler</a> from .\build\startup_stm32l476xx.o(.text) referenced from .\build\startup_stm32l476xx.o(RESET)
 <LI><a href="#[48]">DFSDM1_FLT1_IRQHandler</a> from .\build\startup_stm32l476xx.o(.text) referenced from .\build\startup_stm32l476xx.o(RESET)
 <LI><a href="#[49]">DFSDM1_FLT2_IRQHandler</a> from .\build\startup_stm32l476xx.o(.text) referenced from .\build\startup_stm32l476xx.o(RESET)
 <LI><a href="#[34]">DFSDM1_FLT3_IRQHandler</a> from .\build\startup_stm32l476xx.o(.text) referenced from .\build\startup_stm32l476xx.o(RESET)
 <LI><a href="#[15]">DMA1_Channel1_IRQHandler</a> from .\build\startup_stm32l476xx.o(.text) referenced from .\build\startup_stm32l476xx.o(RESET)
 <LI><a href="#[16]">DMA1_Channel2_IRQHandler</a> from .\build\startup_stm32l476xx.o(.text) referenced from .\build\startup_stm32l476xx.o(RESET)
 <LI><a href="#[17]">DMA1_Channel3_IRQHandler</a> from .\build\startup_stm32l476xx.o(.text) referenced from .\build\startup_stm32l476xx.o(RESET)
 <LI><a href="#[18]">DMA1_Channel4_IRQHandler</a> from .\build\startup_stm32l476xx.o(.text) referenced from .\build\startup_stm32l476xx.o(RESET)
 <LI><a href="#[19]">DMA1_Channel5_IRQHandler</a> from .\build\startup_stm32l476xx.o(.text) referenced from .\build\startup_stm32l476xx.o(RESET)
 <LI><a href="#[1a]">DMA1_Channel6_IRQHandler</a> from .\build\startup_stm32l476xx.o(.text) referenced from .\build\startup_stm32l476xx.o(RESET)
 <LI><a href="#[1b]">DMA1_Channel7_IRQHandler</a> from .\build\startup_stm32l476xx.o(.text) referenced from .\build\startup_stm32l476xx.o(RESET)
 <LI><a href="#[42]">DMA2_Channel1_IRQHandler</a> from .\build\startup_stm32l476xx.o(.text) referenced from .\build\startup_stm32l476xx.o(RESET)
 <LI><a href="#[43]">DMA2_Channel2_IRQHandler</a> from .\build\startup_stm32l476xx.o(.text) referenced from .\build\startup_stm32l476xx.o(RESET)
 <LI><a href="#[44]">DMA2_Channel3_IRQHandler</a> from .\build\startup_stm32l476xx.o(.text) referenced from .\build\startup_stm32l476xx.o(RESET)
 <LI><a href="#[45]">DMA2_Channel4_IRQHandler</a> from .\build\startup_stm32l476xx.o(.text) referenced from .\build\startup_stm32l476xx.o(RESET)
 <LI><a href="#[46]">DMA2_Channel5_IRQHandler</a> from .\build\startup_stm32l476xx.o(.text) referenced from .\build\startup_stm32l476xx.o(RESET)
 <LI><a href="#[4e]">DMA2_Channel6_IRQHandler</a> from .\build\startup_stm32l476xx.o(.text) referenced from .\build\startup_stm32l476xx.o(RESET)
 <LI><a href="#[4f]">DMA2_Channel7_IRQHandler</a> from .\build\startup_stm32l476xx.o(.text) referenced from .\build\startup_stm32l476xx.o(RESET)
 <LI><a href="#[7]">DebugMon_Handler</a> from .\build\startup_stm32l476xx.o(.text) referenced from .\build\startup_stm32l476xx.o(RESET)
 <LI><a href="#[10]">EXTI0_IRQHandler</a> from .\build\startup_stm32l476xx.o(.text) referenced from .\build\startup_stm32l476xx.o(RESET)
 <LI><a href="#[32]">EXTI15_10_IRQHandler</a> from .\build\startup_stm32l476xx.o(.text) referenced from .\build\startup_stm32l476xx.o(RESET)
 <LI><a href="#[11]">EXTI1_IRQHandler</a> from .\build\startup_stm32l476xx.o(.text) referenced from .\build\startup_stm32l476xx.o(RESET)
 <LI><a href="#[12]">EXTI2_IRQHandler</a> from .\build\startup_stm32l476xx.o(.text) referenced from .\build\startup_stm32l476xx.o(RESET)
 <LI><a href="#[13]">EXTI3_IRQHandler</a> from .\build\startup_stm32l476xx.o(.text) referenced from .\build\startup_stm32l476xx.o(RESET)
 <LI><a href="#[14]">EXTI4_IRQHandler</a> from .\build\startup_stm32l476xx.o(.text) referenced from .\build\startup_stm32l476xx.o(RESET)
 <LI><a href="#[21]">EXTI9_5_IRQHandler</a> from .\build\startup_stm32l476xx.o(.text) referenced from .\build\startup_stm32l476xx.o(RESET)
 <LI><a href="#[e]">FLASH_IRQHandler</a> from .\build\startup_stm32l476xx.o(.text) referenced from .\build\startup_stm32l476xx.o(RESET)
 <LI><a href="#[3a]">FMC_IRQHandler</a> from .\build\startup_stm32l476xx.o(.text) referenced from .\build\startup_stm32l476xx.o(RESET)
 <LI><a href="#[5a]">FPU_IRQHandler</a> from .\build\startup_stm32l476xx.o(.text) referenced from .\build\startup_stm32l476xx.o(RESET)
 <LI><a href="#[2]">HardFault_Handler</a> from .\build\startup_stm32l476xx.o(.text) referenced from .\build\startup_stm32l476xx.o(RESET)
 <LI><a href="#[2a]">I2C1_ER_IRQHandler</a> from .\build\startup_stm32l476xx.o(.text) referenced from .\build\startup_stm32l476xx.o(RESET)
 <LI><a href="#[29]">I2C1_EV_IRQHandler</a> from .\build\startup_stm32l476xx.o(.text) referenced from .\build\startup_stm32l476xx.o(RESET)
 <LI><a href="#[2c]">I2C2_ER_IRQHandler</a> from .\build\startup_stm32l476xx.o(.text) referenced from .\build\startup_stm32l476xx.o(RESET)
 <LI><a href="#[2b]">I2C2_EV_IRQHandler</a> from .\build\startup_stm32l476xx.o(.text) referenced from .\build\startup_stm32l476xx.o(RESET)
 <LI><a href="#[53]">I2C3_ER_IRQHandler</a> from .\build\startup_stm32l476xx.o(.text) referenced from .\build\startup_stm32l476xx.o(RESET)
 <LI><a href="#[52]">I2C3_EV_IRQHandler</a> from .\build\startup_stm32l476xx.o(.text) referenced from .\build\startup_stm32l476xx.o(RESET)
 <LI><a href="#[58]">LCD_IRQHandler</a> from .\build\startup_stm32l476xx.o(.text) referenced from .\build\startup_stm32l476xx.o(RESET)
 <LI><a href="#[4b]">LPTIM1_IRQHandler</a> from .\build\startup_stm32l476xx.o(.text) referenced from .\build\startup_stm32l476xx.o(RESET)
 <LI><a href="#[4c]">LPTIM2_IRQHandler</a> from .\build\startup_stm32l476xx.o(.text) referenced from .\build\startup_stm32l476xx.o(RESET)
 <LI><a href="#[68]">LPTIM_IRQHandler</a> from .\build\lp_ticker.o(.text.LPTIM_IRQHandler) referenced 2 times from .\build\lp_ticker.o(.text.lp_ticker_init)
 <LI><a href="#[50]">LPUART1_IRQHandler</a> from .\build\startup_stm32l476xx.o(.text) referenced from .\build\startup_stm32l476xx.o(RESET)
 <LI><a href="#[3]">MemManage_Handler</a> from .\build\startup_stm32l476xx.o(.text) referenced from .\build\startup_stm32l476xx.o(RESET)
 <LI><a href="#[1]">NMI_Handler</a> from .\build\startup_stm32l476xx.o(.text) referenced from .\build\startup_stm32l476xx.o(RESET)
 <LI><a href="#[4d]">OTG_FS_IRQHandler</a> from .\build\startup_stm32l476xx.o(.text) referenced from .\build\startup_stm32l476xx.o(RESET)
 <LI><a href="#[b]">PVD_PVM_IRQHandler</a> from .\build\startup_stm32l476xx.o(.text) referenced from .\build\startup_stm32l476xx.o(RESET)
 <LI><a href="#[8]">PendSV_Handler</a> from .\build\startup_stm32l476xx.o(.text) referenced from .\build\startup_stm32l476xx.o(RESET)
 <LI><a href="#[51]">QUADSPI_IRQHandler</a> from .\build\startup_stm32l476xx.o(.text) referenced from .\build\startup_stm32l476xx.o(RESET)
 <LI><a href="#[f]">RCC_IRQHandler</a> from .\build\startup_stm32l476xx.o(.text) referenced from .\build\startup_stm32l476xx.o(RESET)
 <LI><a href="#[59]">RNG_IRQHandler</a> from .\build\startup_stm32l476xx.o(.text) referenced from .\build\startup_stm32l476xx.o(RESET)
 <LI><a href="#[33]">RTC_Alarm_IRQHandler</a> from .\build\startup_stm32l476xx.o(.text) referenced from .\build\startup_stm32l476xx.o(RESET)
 <LI><a href="#[d]">RTC_WKUP_IRQHandler</a> from .\build\startup_stm32l476xx.o(.text) referenced from .\build\startup_stm32l476xx.o(RESET)
 <LI><a href="#[0]">Reset_Handler</a> from .\build\startup_stm32l476xx.o(.text) referenced from .\build\startup_stm32l476xx.o(RESET)
 <LI><a href="#[54]">SAI1_IRQHandler</a> from .\build\startup_stm32l476xx.o(.text) referenced from .\build\startup_stm32l476xx.o(RESET)
 <LI><a href="#[55]">SAI2_IRQHandler</a> from .\build\startup_stm32l476xx.o(.text) referenced from .\build\startup_stm32l476xx.o(RESET)
 <LI><a href="#[3b]">SDMMC1_IRQHandler</a> from .\build\startup_stm32l476xx.o(.text) referenced from .\build\startup_stm32l476xx.o(RESET)
 <LI><a href="#[2d]">SPI1_IRQHandler</a> from .\build\startup_stm32l476xx.o(.text) referenced from .\build\startup_stm32l476xx.o(RESET)
 <LI><a href="#[2e]">SPI2_IRQHandler</a> from .\build\startup_stm32l476xx.o(.text) referenced from .\build\startup_stm32l476xx.o(RESET)
 <LI><a href="#[3d]">SPI3_IRQHandler</a> from .\build\startup_stm32l476xx.o(.text) referenced from .\build\startup_stm32l476xx.o(RESET)
 <LI><a href="#[6]">SVC_Handler</a> from .\build\startup_stm32l476xx.o(.text) referenced from .\build\startup_stm32l476xx.o(RESET)
 <LI><a href="#[56]">SWPMI1_IRQHandler</a> from .\build\startup_stm32l476xx.o(.text) referenced from .\build\startup_stm32l476xx.o(RESET)
 <LI><a href="#[9]">SysTick_Handler</a> from .\build\startup_stm32l476xx.o(.text) referenced from .\build\startup_stm32l476xx.o(RESET)
 <LI><a href="#[5c]">SystemInit</a> from .\build\system_stm32l4xx.o(.text.SystemInit) referenced from .\build\startup_stm32l476xx.o(.text)
 <LI><a href="#[c]">TAMP_STAMP_IRQHandler</a> from .\build\startup_stm32l476xx.o(.text) referenced from .\build\startup_stm32l476xx.o(RESET)
 <LI><a href="#[22]">TIM1_BRK_TIM15_IRQHandler</a> from .\build\startup_stm32l476xx.o(.text) referenced from .\build\startup_stm32l476xx.o(RESET)
 <LI><a href="#[25]">TIM1_CC_IRQHandler</a> from .\build\startup_stm32l476xx.o(.text) referenced from .\build\startup_stm32l476xx.o(RESET)
 <LI><a href="#[24]">TIM1_TRG_COM_TIM17_IRQHandler</a> from .\build\startup_stm32l476xx.o(.text) referenced from .\build\startup_stm32l476xx.o(RESET)
 <LI><a href="#[23]">TIM1_UP_TIM16_IRQHandler</a> from .\build\startup_stm32l476xx.o(.text) referenced from .\build\startup_stm32l476xx.o(RESET)
 <LI><a href="#[26]">TIM2_IRQHandler</a> from .\build\startup_stm32l476xx.o(.text) referenced from .\build\startup_stm32l476xx.o(RESET)
 <LI><a href="#[27]">TIM3_IRQHandler</a> from .\build\startup_stm32l476xx.o(.text) referenced from .\build\startup_stm32l476xx.o(RESET)
 <LI><a href="#[28]">TIM4_IRQHandler</a> from .\build\startup_stm32l476xx.o(.text) referenced from .\build\startup_stm32l476xx.o(RESET)
 <LI><a href="#[3c]">TIM5_IRQHandler</a> from .\build\startup_stm32l476xx.o(.text) referenced from .\build\startup_stm32l476xx.o(RESET)
 <LI><a href="#[40]">TIM6_DAC_IRQHandler</a> from .\build\startup_stm32l476xx.o(.text) referenced from .\build\startup_stm32l476xx.o(RESET)
 <LI><a href="#[41]">TIM7_IRQHandler</a> from .\build\startup_stm32l476xx.o(.text) referenced from .\build\startup_stm32l476xx.o(RESET)
 <LI><a href="#[35]">TIM8_BRK_IRQHandler</a> from .\build\startup_stm32l476xx.o(.text) referenced from .\build\startup_stm32l476xx.o(RESET)
 <LI><a href="#[38]">TIM8_CC_IRQHandler</a> from .\build\startup_stm32l476xx.o(.text) referenced from .\build\startup_stm32l476xx.o(RESET)
 <LI><a href="#[37]">TIM8_TRG_COM_IRQHandler</a> from .\build\startup_stm32l476xx.o(.text) referenced from .\build\startup_stm32l476xx.o(RESET)
 <LI><a href="#[36]">TIM8_UP_IRQHandler</a> from .\build\startup_stm32l476xx.o(.text) referenced from .\build\startup_stm32l476xx.o(RESET)
 <LI><a href="#[57]">TSC_IRQHandler</a> from .\build\startup_stm32l476xx.o(.text) referenced from .\build\startup_stm32l476xx.o(RESET)
 <LI><a href="#[3e]">UART4_IRQHandler</a> from .\build\startup_stm32l476xx.o(.text) referenced from .\build\startup_stm32l476xx.o(RESET)
 <LI><a href="#[3f]">UART5_IRQHandler</a> from .\build\startup_stm32l476xx.o(.text) referenced from .\build\startup_stm32l476xx.o(RESET)
 <LI><a href="#[2f]">USART1_IRQHandler</a> from .\build\startup_stm32l476xx.o(.text) referenced from .\build\startup_stm32l476xx.o(RESET)
 <LI><a href="#[30]">USART2_IRQHandler</a> from .\build\startup_stm32l476xx.o(.text) referenced from .\build\startup_stm32l476xx.o(RESET)
 <LI><a href="#[31]">USART3_IRQHandler</a> from .\build\startup_stm32l476xx.o(.text) referenced from .\build\startup_stm32l476xx.o(RESET)
 <LI><a href="#[5]">UsageFault_Handler</a> from .\build\startup_stm32l476xx.o(.text) referenced from .\build\startup_stm32l476xx.o(RESET)
 <LI><a href="#[a]">WWDG_IRQHandler</a> from .\build\startup_stm32l476xx.o(.text) referenced from .\build\startup_stm32l476xx.o(RESET)
 <LI><a href="#[84]">_GLOBAL__sub_I_main.cpp</a> from .\build\main.o(.text._GLOBAL__sub_I_main.cpp) referenced from .\build\main.o(.init_array)
 <LI><a href="#[6a]">sw1Int()</a> from .\build\main.o(.text._Z6sw1Intv) referenced 2 times from .\build\main.o(.text.main)
 <LI><a href="#[6b]">sw2Int()</a> from .\build\main.o(.text._Z6sw2Intv) referenced 2 times from .\build\main.o(.text.main)
 <LI><a href="#[5e]">mbed::TimerEvent::irq(unsigned int)</a> from .\build\timerevent.o(.text._ZN4mbed10TimerEvent3irqEj) referenced 2 times from .\build\timerevent.o(.text._ZN4mbed10TimerEventC2EPK13ticker_data_t)
 <LI><a href="#[5f]">mbed::InterruptIn::_irq_handler(unsigned int, gpio_irq_event)</a> from .\build\interruptin.o(.text._ZN4mbed11InterruptIn12_irq_handlerEj14gpio_irq_event) referenced 2 times from .\build\interruptin.o(.text._ZN4mbed11InterruptInC2E7PinName)
 <LI><a href="#[6e]">mbed::InterruptIn::~InterruptIn__deallocating()</a> from .\build\interruptin.o(.text._ZN4mbed11InterruptInD0Ev) referenced from .\build\interruptin.o(.rodata._ZTVN4mbed11InterruptInE)
 <LI><a href="#[6d]">mbed::InterruptIn::~InterruptIn__sub_object()</a> from .\build\interruptin.o(.text._ZN4mbed11InterruptInD2Ev) referenced from .\build\interruptin.o(.rodata._ZTVN4mbed11InterruptInE)
 <LI><a href="#[71]">mbed::AnalogIn::lock()</a> from .\build\analogin.o(.text._ZN4mbed8AnalogIn4lockEv) referenced from .\build\analogin.o(.rodata._ZTVN4mbed8AnalogInE)
 <LI><a href="#[72]">mbed::AnalogIn::unlock()</a> from .\build\analogin.o(.text._ZN4mbed8AnalogIn6unlockEv) referenced from .\build\analogin.o(.rodata._ZTVN4mbed8AnalogInE)
 <LI><a href="#[70]">mbed::AnalogIn::~AnalogIn__deallocating()</a> from .\build\analogin.o(.text._ZN4mbed8AnalogInD0Ev) referenced from .\build\analogin.o(.rodata._ZTVN4mbed8AnalogInE)
 <LI><a href="#[6f]">mbed::AnalogIn::~AnalogIn__sub_object()</a> from .\build\analogin.o(.text._ZN4mbed8AnalogInD2Ev) referenced from .\build\analogin.o(.rodata._ZTVN4mbed8AnalogInE)
 <LI><a href="#[69]">void mbed::Callback&lang;void ()&rang;::target_call&lang;void (*)()&rang;(mbed::detail::CallbackBase const*)</a> from .\build\main.o(.text._ZN4mbed8CallbackIFvvEE11target_callIPS1_EEvPKNS_6detail12CallbackBaseE) referenced 2 times from .\build\main.o(.text.main)
 <LI><a href="#[73]">mbed::internal::SysTimer&lang;std::__2::ratio&lang;1ll, 1000ll&rang;, true&rang;::handler()</a> from .\build\systimer.o(.text._ZN4mbed8internal8SysTimerINSt3__25ratioILx1ELx1000EEELb1EE7handlerEv) referenced from .\build\systimer.o(.rodata._ZTVN4mbed8internal8SysTimerINSt3__25ratioILx1ELx1000EEELb1EEE)
 <LI><a href="#[6c]">__cxa_pure_virtual</a> from C:\Keil_v5\ARM\ARMCLANG\Bin\..\lib\libcxx\libcppabi_w.l(cxa_virtual.cpp.o)(.text.__cxa_pure_virtual) referenced from .\build\timerevent.o(.rodata._ZTVN4mbed10TimerEventE)
 <LI><a href="#[5d]">__main</a> from C:\Keil_v5\ARM\ARMCLANG\Bin\..\lib\armlib\mc_w.l(entry.o)(.ARM.Collect$$$$00000000) referenced from .\build\startup_stm32l476xx.o(.text)
 <LI><a href="#[82]">block_us_ticker_free</a> from .\build\mbed_us_ticker_api.o(.text.block_us_ticker_free) referenced from .\build\mbed_us_ticker_api.o(.rodata.us_interface)
 <LI><a href="#[60]">gpio_irq0</a> from .\build\gpio_irq_api.o(.text.gpio_irq0) referenced 2 times from .\build\gpio_irq_api.o(.text.gpio_irq_init)
 <LI><a href="#[61]">gpio_irq1</a> from .\build\gpio_irq_api.o(.text.gpio_irq1) referenced 2 times from .\build\gpio_irq_api.o(.text.gpio_irq_init)
 <LI><a href="#[63]">gpio_irq2</a> from .\build\gpio_irq_api.o(.text.gpio_irq2) referenced 2 times from .\build\gpio_irq_api.o(.text.gpio_irq_init)
 <LI><a href="#[64]">gpio_irq3</a> from .\build\gpio_irq_api.o(.text.gpio_irq3) referenced 2 times from .\build\gpio_irq_api.o(.text.gpio_irq_init)
 <LI><a href="#[62]">gpio_irq4</a> from .\build\gpio_irq_api.o(.text.gpio_irq4) referenced 2 times from .\build\gpio_irq_api.o(.text.gpio_irq_init)
 <LI><a href="#[65]">gpio_irq5</a> from .\build\gpio_irq_api.o(.text.gpio_irq5) referenced 2 times from .\build\gpio_irq_api.o(.text.gpio_irq_init)
 <LI><a href="#[66]">gpio_irq6</a> from .\build\gpio_irq_api.o(.text.gpio_irq6) referenced 2 times from .\build\gpio_irq_api.o(.text.gpio_irq_init)
 <LI><a href="#[77]">lp_ticker_clear_interrupt</a> from .\build\lp_ticker.o(.text.lp_ticker_clear_interrupt) referenced from .\build\mbed_lp_ticker_api.o(.rodata.lp_interface)
 <LI><a href="#[76]">lp_ticker_disable_interrupt</a> from .\build\lp_ticker.o(.text.lp_ticker_disable_interrupt) referenced from .\build\mbed_lp_ticker_api.o(.rodata.lp_interface)
 <LI><a href="#[79]">lp_ticker_fire_interrupt</a> from .\build\lp_ticker.o(.text.lp_ticker_fire_interrupt) referenced from .\build\mbed_lp_ticker_api.o(.rodata.lp_interface)
 <LI><a href="#[7a]">lp_ticker_free</a> from .\build\lp_ticker.o(.text.lp_ticker_free) referenced from .\build\mbed_lp_ticker_api.o(.rodata.lp_interface)
 <LI><a href="#[7b]">lp_ticker_get_info</a> from .\build\lp_ticker.o(.text.lp_ticker_get_info) referenced from .\build\mbed_lp_ticker_api.o(.rodata.lp_interface)
 <LI><a href="#[74]">lp_ticker_init</a> from .\build\lp_ticker.o(.text.lp_ticker_init) referenced from .\build\mbed_lp_ticker_api.o(.rodata.lp_interface)
 <LI><a href="#[75]">lp_ticker_read</a> from .\build\lp_ticker.o(.text.lp_ticker_read) referenced from .\build\mbed_lp_ticker_api.o(.rodata.lp_interface)
 <LI><a href="#[78]">lp_ticker_set_interrupt</a> from .\build\lp_ticker.o(.text.lp_ticker_set_interrupt) referenced from .\build\mbed_lp_ticker_api.o(.rodata.lp_interface)
 <LI><a href="#[5b]">main</a> from .\build\mbed_sdk_boot.o(.text.$Sub$$main) referenced from C:\Keil_v5\ARM\ARMCLANG\Bin\..\lib\armlib\mc_w.l(entry9a.o)(.ARM.Collect$$$$0000000B)
 <LI><a href="#[85]">ticker_irq_handler</a> from .\build\mbed_ticker_api.o(.text.ticker_irq_handler) referenced 2 times from .\build\mbed_lp_ticker_api.o(.data.irq_handler)
 <LI><a href="#[67]">timer_irq_handler</a> from .\build\us_ticker.o(.text.timer_irq_handler) referenced 2 times from .\build\us_ticker.o(.text.init_32bit_timer)
 <LI><a href="#[7f]">us_ticker_clear_interrupt</a> from .\build\us_ticker.o(.text.us_ticker_clear_interrupt) referenced from .\build\mbed_us_ticker_api.o(.rodata.us_interface)
 <LI><a href="#[7e]">us_ticker_disable_interrupt</a> from .\build\us_ticker.o(.text.us_ticker_disable_interrupt) referenced from .\build\mbed_us_ticker_api.o(.rodata.us_interface)
 <LI><a href="#[81]">us_ticker_fire_interrupt</a> from .\build\us_ticker.o(.text.us_ticker_fire_interrupt) referenced from .\build\mbed_us_ticker_api.o(.rodata.us_interface)
 <LI><a href="#[83]">us_ticker_get_info</a> from .\build\us_ticker.o(.text.us_ticker_get_info) referenced from .\build\mbed_us_ticker_api.o(.rodata.us_interface)
 <LI><a href="#[7c]">us_ticker_init</a> from .\build\us_ticker.o(.text.us_ticker_init) referenced from .\build\mbed_us_ticker_api.o(.rodata.us_interface)
 <LI><a href="#[7d]">us_ticker_read</a> from .\build\us_ticker.o(.text.us_ticker_read) referenced from .\build\mbed_us_ticker_api.o(.rodata.us_interface)
 <LI><a href="#[80]">us_ticker_set_interrupt</a> from .\build\us_ticker.o(.text.us_ticker_set_interrupt) referenced from .\build\mbed_us_ticker_api.o(.rodata.us_interface)
</UL>
<P>
<H3>
Global Symbols
</H3>
<P><STRONG><a name="[5d]"></a>__main</STRONG> (Thumb, 0 bytes, Stack size unknown bytes, C:\Keil_v5\ARM\ARMCLANG\Bin\..\lib\armlib\mc_w.l(entry.o)(.ARM.Collect$$$$00000000))
<BR>[Address Reference Count : 1]<UL><LI> startup_stm32l476xx.o(.text)
</UL>
<P><STRONG><a name="[146]"></a>_main_stk</STRONG> (Thumb, 0 bytes, Stack size unknown bytes, C:\Keil_v5\ARM\ARMCLANG\Bin\..\lib\armlib\mc_w.l(entry4.o)(.ARM.Collect$$$$00000003))

<P><STRONG><a name="[88]"></a>_main_scatterload</STRONG> (Thumb, 0 bytes, Stack size unknown bytes, C:\Keil_v5\ARM\ARMCLANG\Bin\..\lib\armlib\mc_w.l(entry5.o)(.ARM.Collect$$$$00000004))
<BR><BR>[Calls]<UL><LI><a href="#[89]">&gt;&gt;</a>&nbsp;&nbsp;&nbsp;__scatterload
</UL>

<P><STRONG><a name="[a1]"></a>__main_after_scatterload</STRONG> (Thumb, 0 bytes, Stack size unknown bytes, C:\Keil_v5\ARM\ARMCLANG\Bin\..\lib\armlib\mc_w.l(entry5.o)(.ARM.Collect$$$$00000004))
<BR><BR>[Called By]<UL><LI><a href="#[89]">&gt;&gt;</a>&nbsp;&nbsp;&nbsp;__scatterload
</UL>

<P><STRONG><a name="[8a]"></a>__use_full_stdio</STRONG> (Thumb, 0 bytes, Stack size unknown bytes, C:\Keil_v5\ARM\ARMCLANG\Bin\..\lib\armlib\mc_w.l(entry6b.o)(.ARM.Collect$$$$00000006))
<BR><BR>[Stack]<UL><LI>Max Depth = 16 + Unknown Stack Size
<LI>Call Chain = __use_full_stdio &rArr; _initio &rArr; _sys_open &rArr; strcmp
</UL>
<BR>[Calls]<UL><LI><a href="#[8b]">&gt;&gt;</a>&nbsp;&nbsp;&nbsp;_initio
</UL>

<P><STRONG><a name="[8e]"></a>__main_after_initio</STRONG> (Thumb, 0 bytes, Stack size unknown bytes, C:\Keil_v5\ARM\ARMCLANG\Bin\..\lib\armlib\mc_w.l(entry6b.o)(.ARM.Collect$$$$00000006))
<BR><BR>[Called By]<UL><LI><a href="#[8b]">&gt;&gt;</a>&nbsp;&nbsp;&nbsp;_initio
</UL>

<P><STRONG><a name="[147]"></a>_main_clock</STRONG> (Thumb, 0 bytes, Stack size unknown bytes, C:\Keil_v5\ARM\ARMCLANG\Bin\..\lib\armlib\mc_w.l(entry7b.o)(.ARM.Collect$$$$00000008))

<P><STRONG><a name="[8c]"></a>_main_cpp_init</STRONG> (Thumb, 0 bytes, Stack size unknown bytes, C:\Keil_v5\ARM\ARMCLANG\Bin\..\lib\armlib\mc_w.l(entry8a.o)(.ARM.Collect$$$$00000009))
<BR><BR>[Calls]<UL><LI><a href="#[87]">&gt;&gt;</a>&nbsp;&nbsp;&nbsp;__cpp_initialize__aeabi_
</UL>

<P><STRONG><a name="[148]"></a>_main_cpp_init$empty</STRONG> (Thumb, 0 bytes, Stack size unknown bytes, C:\Keil_v5\ARM\ARMCLANG\Bin\..\lib\armlib\mc_w.l(entry8b.o)(.ARM.Collect$$$$0000000A))

<P><STRONG><a name="[149]"></a>_main_init</STRONG> (Thumb, 0 bytes, Stack size unknown bytes, C:\Keil_v5\ARM\ARMCLANG\Bin\..\lib\armlib\mc_w.l(entry9a.o)(.ARM.Collect$$$$0000000B))

<P><STRONG><a name="[14a]"></a>__rt_final_cpp</STRONG> (Thumb, 0 bytes, Stack size unknown bytes, C:\Keil_v5\ARM\ARMCLANG\Bin\..\lib\armlib\mc_w.l(entry10a.o)(.ARM.Collect$$$$0000000D))

<P><STRONG><a name="[14b]"></a>__rt_final_exit</STRONG> (Thumb, 0 bytes, Stack size unknown bytes, C:\Keil_v5\ARM\ARMCLANG\Bin\..\lib\armlib\mc_w.l(entry11a.o)(.ARM.Collect$$$$0000000F))

<P><STRONG><a name="[0]"></a>Reset_Handler</STRONG> (Thumb, 8 bytes, Stack size 0 bytes, .\build\startup_stm32l476xx.o(.text))
<BR>[Address Reference Count : 1]<UL><LI> startup_stm32l476xx.o(RESET)
</UL>
<P><STRONG><a name="[1]"></a>NMI_Handler</STRONG> (Thumb, 2 bytes, Stack size 0 bytes, .\build\startup_stm32l476xx.o(.text))
<BR><BR>[Calls]<UL><LI><a href="#[1]">&gt;&gt;</a>&nbsp;&nbsp;&nbsp;NMI_Handler
</UL>
<BR>[Called By]<UL><LI><a href="#[1]">&gt;&gt;</a>&nbsp;&nbsp;&nbsp;NMI_Handler
</UL>
<BR>[Address Reference Count : 1]<UL><LI> startup_stm32l476xx.o(RESET)
</UL>
<P><STRONG><a name="[2]"></a>HardFault_Handler</STRONG> (Thumb, 2 bytes, Stack size 0 bytes, .\build\startup_stm32l476xx.o(.text))
<BR><BR>[Calls]<UL><LI><a href="#[2]">&gt;&gt;</a>&nbsp;&nbsp;&nbsp;HardFault_Handler
</UL>
<BR>[Called By]<UL><LI><a href="#[2]">&gt;&gt;</a>&nbsp;&nbsp;&nbsp;HardFault_Handler
</UL>
<BR>[Address Reference Count : 1]<UL><LI> startup_stm32l476xx.o(RESET)
</UL>
<P><STRONG><a name="[3]"></a>MemManage_Handler</STRONG> (Thumb, 2 bytes, Stack size 0 bytes, .\build\startup_stm32l476xx.o(.text))
<BR><BR>[Calls]<UL><LI><a href="#[3]">&gt;&gt;</a>&nbsp;&nbsp;&nbsp;MemManage_Handler
</UL>
<BR>[Called By]<UL><LI><a href="#[3]">&gt;&gt;</a>&nbsp;&nbsp;&nbsp;MemManage_Handler
</UL>
<BR>[Address Reference Count : 1]<UL><LI> startup_stm32l476xx.o(RESET)
</UL>
<P><STRONG><a name="[4]"></a>BusFault_Handler</STRONG> (Thumb, 2 bytes, Stack size 0 bytes, .\build\startup_stm32l476xx.o(.text))
<BR><BR>[Calls]<UL><LI><a href="#[4]">&gt;&gt;</a>&nbsp;&nbsp;&nbsp;BusFault_Handler
</UL>
<BR>[Called By]<UL><LI><a href="#[4]">&gt;&gt;</a>&nbsp;&nbsp;&nbsp;BusFault_Handler
</UL>
<BR>[Address Reference Count : 1]<UL><LI> startup_stm32l476xx.o(RESET)
</UL>
<P><STRONG><a name="[5]"></a>UsageFault_Handler</STRONG> (Thumb, 2 bytes, Stack size 0 bytes, .\build\startup_stm32l476xx.o(.text))
<BR><BR>[Calls]<UL><LI><a href="#[5]">&gt;&gt;</a>&nbsp;&nbsp;&nbsp;UsageFault_Handler
</UL>
<BR>[Called By]<UL><LI><a href="#[5]">&gt;&gt;</a>&nbsp;&nbsp;&nbsp;UsageFault_Handler
</UL>
<BR>[Address Reference Count : 1]<UL><LI> startup_stm32l476xx.o(RESET)
</UL>
<P><STRONG><a name="[6]"></a>SVC_Handler</STRONG> (Thumb, 2 bytes, Stack size 0 bytes, .\build\startup_stm32l476xx.o(.text))
<BR><BR>[Calls]<UL><LI><a href="#[6]">&gt;&gt;</a>&nbsp;&nbsp;&nbsp;SVC_Handler
</UL>
<BR>[Called By]<UL><LI><a href="#[6]">&gt;&gt;</a>&nbsp;&nbsp;&nbsp;SVC_Handler
</UL>
<BR>[Address Reference Count : 1]<UL><LI> startup_stm32l476xx.o(RESET)
</UL>
<P><STRONG><a name="[7]"></a>DebugMon_Handler</STRONG> (Thumb, 2 bytes, Stack size 0 bytes, .\build\startup_stm32l476xx.o(.text))
<BR><BR>[Calls]<UL><LI><a href="#[7]">&gt;&gt;</a>&nbsp;&nbsp;&nbsp;DebugMon_Handler
</UL>
<BR>[Called By]<UL><LI><a href="#[7]">&gt;&gt;</a>&nbsp;&nbsp;&nbsp;DebugMon_Handler
</UL>
<BR>[Address Reference Count : 1]<UL><LI> startup_stm32l476xx.o(RESET)
</UL>
<P><STRONG><a name="[8]"></a>PendSV_Handler</STRONG> (Thumb, 2 bytes, Stack size 0 bytes, .\build\startup_stm32l476xx.o(.text))
<BR><BR>[Calls]<UL><LI><a href="#[8]">&gt;&gt;</a>&nbsp;&nbsp;&nbsp;PendSV_Handler
</UL>
<BR>[Called By]<UL><LI><a href="#[8]">&gt;&gt;</a>&nbsp;&nbsp;&nbsp;PendSV_Handler
</UL>
<BR>[Address Reference Count : 1]<UL><LI> startup_stm32l476xx.o(RESET)
</UL>
<P><STRONG><a name="[9]"></a>SysTick_Handler</STRONG> (Thumb, 2 bytes, Stack size 0 bytes, .\build\startup_stm32l476xx.o(.text))
<BR><BR>[Calls]<UL><LI><a href="#[9]">&gt;&gt;</a>&nbsp;&nbsp;&nbsp;SysTick_Handler
</UL>
<BR>[Called By]<UL><LI><a href="#[9]">&gt;&gt;</a>&nbsp;&nbsp;&nbsp;SysTick_Handler
</UL>
<BR>[Address Reference Count : 1]<UL><LI> startup_stm32l476xx.o(RESET)
</UL>
<P><STRONG><a name="[1c]"></a>ADC1_2_IRQHandler</STRONG> (Thumb, 0 bytes, Stack size 0 bytes, .\build\startup_stm32l476xx.o(.text))
<BR><BR>[Calls]<UL><LI><a href="#[1c]">&gt;&gt;</a>&nbsp;&nbsp;&nbsp;ADC1_2_IRQHandler
</UL>
<BR>[Called By]<UL><LI><a href="#[1c]">&gt;&gt;</a>&nbsp;&nbsp;&nbsp;ADC1_2_IRQHandler
</UL>
<BR>[Address Reference Count : 1]<UL><LI> startup_stm32l476xx.o(RESET)
</UL>
<P><STRONG><a name="[39]"></a>ADC3_IRQHandler</STRONG> (Thumb, 0 bytes, Stack size 0 bytes, .\build\startup_stm32l476xx.o(.text))
<BR>[Address Reference Count : 1]<UL><LI> startup_stm32l476xx.o(RESET)
</UL>
<P><STRONG><a name="[1f]"></a>CAN1_RX1_IRQHandler</STRONG> (Thumb, 0 bytes, Stack size 0 bytes, .\build\startup_stm32l476xx.o(.text))
<BR>[Address Reference Count : 1]<UL><LI> startup_stm32l476xx.o(RESET)
</UL>
<P><STRONG><a name="[4a]"></a>COMP_IRQHandler</STRONG> (Thumb, 0 bytes, Stack size 0 bytes, .\build\startup_stm32l476xx.o(.text))
<BR>[Address Reference Count : 1]<UL><LI> startup_stm32l476xx.o(RESET)
</UL>
<P><STRONG><a name="[47]"></a>DFSDM1_FLT0_IRQHandler</STRONG> (Thumb, 0 bytes, Stack size 0 bytes, .\build\startup_stm32l476xx.o(.text))
<BR>[Address Reference Count : 1]<UL><LI> startup_stm32l476xx.o(RESET)
</UL>
<P><STRONG><a name="[48]"></a>DFSDM1_FLT1_IRQHandler</STRONG> (Thumb, 0 bytes, Stack size 0 bytes, .\build\startup_stm32l476xx.o(.text))
<BR>[Address Reference Count : 1]<UL><LI> startup_stm32l476xx.o(RESET)
</UL>
<P><STRONG><a name="[49]"></a>DFSDM1_FLT2_IRQHandler</STRONG> (Thumb, 0 bytes, Stack size 0 bytes, .\build\startup_stm32l476xx.o(.text))
<BR>[Address Reference Count : 1]<UL><LI> startup_stm32l476xx.o(RESET)
</UL>
<P><STRONG><a name="[34]"></a>DFSDM1_FLT3_IRQHandler</STRONG> (Thumb, 0 bytes, Stack size 0 bytes, .\build\startup_stm32l476xx.o(.text))
<BR>[Address Reference Count : 1]<UL><LI> startup_stm32l476xx.o(RESET)
</UL>
<P><STRONG><a name="[15]"></a>DMA1_Channel1_IRQHandler</STRONG> (Thumb, 0 bytes, Stack size 0 bytes, .\build\startup_stm32l476xx.o(.text))
<BR>[Address Reference Count : 1]<UL><LI> startup_stm32l476xx.o(RESET)
</UL>
<P><STRONG><a name="[16]"></a>DMA1_Channel2_IRQHandler</STRONG> (Thumb, 0 bytes, Stack size 0 bytes, .\build\startup_stm32l476xx.o(.text))
<BR>[Address Reference Count : 1]<UL><LI> startup_stm32l476xx.o(RESET)
</UL>
<P><STRONG><a name="[17]"></a>DMA1_Channel3_IRQHandler</STRONG> (Thumb, 0 bytes, Stack size 0 bytes, .\build\startup_stm32l476xx.o(.text))
<BR>[Address Reference Count : 1]<UL><LI> startup_stm32l476xx.o(RESET)
</UL>
<P><STRONG><a name="[18]"></a>DMA1_Channel4_IRQHandler</STRONG> (Thumb, 0 bytes, Stack size 0 bytes, .\build\startup_stm32l476xx.o(.text))
<BR>[Address Reference Count : 1]<UL><LI> startup_stm32l476xx.o(RESET)
</UL>
<P><STRONG><a name="[19]"></a>DMA1_Channel5_IRQHandler</STRONG> (Thumb, 0 bytes, Stack size 0 bytes, .\build\startup_stm32l476xx.o(.text))
<BR>[Address Reference Count : 1]<UL><LI> startup_stm32l476xx.o(RESET)
</UL>
<P><STRONG><a name="[1a]"></a>DMA1_Channel6_IRQHandler</STRONG> (Thumb, 0 bytes, Stack size 0 bytes, .\build\startup_stm32l476xx.o(.text))
<BR>[Address Reference Count : 1]<UL><LI> startup_stm32l476xx.o(RESET)
</UL>
<P><STRONG><a name="[1b]"></a>DMA1_Channel7_IRQHandler</STRONG> (Thumb, 0 bytes, Stack size 0 bytes, .\build\startup_stm32l476xx.o(.text))
<BR>[Address Reference Count : 1]<UL><LI> startup_stm32l476xx.o(RESET)
</UL>
<P><STRONG><a name="[42]"></a>DMA2_Channel1_IRQHandler</STRONG> (Thumb, 0 bytes, Stack size 0 bytes, .\build\startup_stm32l476xx.o(.text))
<BR>[Address Reference Count : 1]<UL><LI> startup_stm32l476xx.o(RESET)
</UL>
<P><STRONG><a name="[43]"></a>DMA2_Channel2_IRQHandler</STRONG> (Thumb, 0 bytes, Stack size 0 bytes, .\build\startup_stm32l476xx.o(.text))
<BR>[Address Reference Count : 1]<UL><LI> startup_stm32l476xx.o(RESET)
</UL>
<P><STRONG><a name="[44]"></a>DMA2_Channel3_IRQHandler</STRONG> (Thumb, 0 bytes, Stack size 0 bytes, .\build\startup_stm32l476xx.o(.text))
<BR>[Address Reference Count : 1]<UL><LI> startup_stm32l476xx.o(RESET)
</UL>
<P><STRONG><a name="[45]"></a>DMA2_Channel4_IRQHandler</STRONG> (Thumb, 0 bytes, Stack size 0 bytes, .\build\startup_stm32l476xx.o(.text))
<BR>[Address Reference Count : 1]<UL><LI> startup_stm32l476xx.o(RESET)
</UL>
<P><STRONG><a name="[46]"></a>DMA2_Channel5_IRQHandler</STRONG> (Thumb, 0 bytes, Stack size 0 bytes, .\build\startup_stm32l476xx.o(.text))
<BR>[Address Reference Count : 1]<UL><LI> startup_stm32l476xx.o(RESET)
</UL>
<P><STRONG><a name="[4e]"></a>DMA2_Channel6_IRQHandler</STRONG> (Thumb, 0 bytes, Stack size 0 bytes, .\build\startup_stm32l476xx.o(.text))
<BR>[Address Reference Count : 1]<UL><LI> startup_stm32l476xx.o(RESET)
</UL>
<P><STRONG><a name="[4f]"></a>DMA2_Channel7_IRQHandler</STRONG> (Thumb, 0 bytes, Stack size 0 bytes, .\build\startup_stm32l476xx.o(.text))
<BR>[Address Reference Count : 1]<UL><LI> startup_stm32l476xx.o(RESET)
</UL>
<P><STRONG><a name="[10]"></a>EXTI0_IRQHandler</STRONG> (Thumb, 0 bytes, Stack size 0 bytes, .\build\startup_stm32l476xx.o(.text))
<BR>[Address Reference Count : 1]<UL><LI> startup_stm32l476xx.o(RESET)
</UL>
<P><STRONG><a name="[32]"></a>EXTI15_10_IRQHandler</STRONG> (Thumb, 0 bytes, Stack size 0 bytes, .\build\startup_stm32l476xx.o(.text))
<BR>[Address Reference Count : 1]<UL><LI> startup_stm32l476xx.o(RESET)
</UL>
<P><STRONG><a name="[11]"></a>EXTI1_IRQHandler</STRONG> (Thumb, 0 bytes, Stack size 0 bytes, .\build\startup_stm32l476xx.o(.text))
<BR>[Address Reference Count : 1]<UL><LI> startup_stm32l476xx.o(RESET)
</UL>
<P><STRONG><a name="[12]"></a>EXTI2_IRQHandler</STRONG> (Thumb, 0 bytes, Stack size 0 bytes, .\build\startup_stm32l476xx.o(.text))
<BR>[Address Reference Count : 1]<UL><LI> startup_stm32l476xx.o(RESET)
</UL>
<P><STRONG><a name="[13]"></a>EXTI3_IRQHandler</STRONG> (Thumb, 0 bytes, Stack size 0 bytes, .\build\startup_stm32l476xx.o(.text))
<BR>[Address Reference Count : 1]<UL><LI> startup_stm32l476xx.o(RESET)
</UL>
<P><STRONG><a name="[14]"></a>EXTI4_IRQHandler</STRONG> (Thumb, 0 bytes, Stack size 0 bytes, .\build\startup_stm32l476xx.o(.text))
<BR>[Address Reference Count : 1]<UL><LI> startup_stm32l476xx.o(RESET)
</UL>
<P><STRONG><a name="[21]"></a>EXTI9_5_IRQHandler</STRONG> (Thumb, 0 bytes, Stack size 0 bytes, .\build\startup_stm32l476xx.o(.text))
<BR>[Address Reference Count : 1]<UL><LI> startup_stm32l476xx.o(RESET)
</UL>
<P><STRONG><a name="[e]"></a>FLASH_IRQHandler</STRONG> (Thumb, 0 bytes, Stack size 0 bytes, .\build\startup_stm32l476xx.o(.text))
<BR>[Address Reference Count : 1]<UL><LI> startup_stm32l476xx.o(RESET)
</UL>
<P><STRONG><a name="[3a]"></a>FMC_IRQHandler</STRONG> (Thumb, 0 bytes, Stack size 0 bytes, .\build\startup_stm32l476xx.o(.text))
<BR>[Address Reference Count : 1]<UL><LI> startup_stm32l476xx.o(RESET)
</UL>
<P><STRONG><a name="[5a]"></a>FPU_IRQHandler</STRONG> (Thumb, 0 bytes, Stack size 0 bytes, .\build\startup_stm32l476xx.o(.text))
<BR>[Address Reference Count : 1]<UL><LI> startup_stm32l476xx.o(RESET)
</UL>
<P><STRONG><a name="[2a]"></a>I2C1_ER_IRQHandler</STRONG> (Thumb, 0 bytes, Stack size 0 bytes, .\build\startup_stm32l476xx.o(.text))
<BR>[Address Reference Count : 1]<UL><LI> startup_stm32l476xx.o(RESET)
</UL>
<P><STRONG><a name="[29]"></a>I2C1_EV_IRQHandler</STRONG> (Thumb, 0 bytes, Stack size 0 bytes, .\build\startup_stm32l476xx.o(.text))
<BR>[Address Reference Count : 1]<UL><LI> startup_stm32l476xx.o(RESET)
</UL>
<P><STRONG><a name="[2c]"></a>I2C2_ER_IRQHandler</STRONG> (Thumb, 0 bytes, Stack size 0 bytes, .\build\startup_stm32l476xx.o(.text))
<BR>[Address Reference Count : 1]<UL><LI> startup_stm32l476xx.o(RESET)
</UL>
<P><STRONG><a name="[2b]"></a>I2C2_EV_IRQHandler</STRONG> (Thumb, 0 bytes, Stack size 0 bytes, .\build\startup_stm32l476xx.o(.text))
<BR>[Address Reference Count : 1]<UL><LI> startup_stm32l476xx.o(RESET)
</UL>
<P><STRONG><a name="[53]"></a>I2C3_ER_IRQHandler</STRONG> (Thumb, 0 bytes, Stack size 0 bytes, .\build\startup_stm32l476xx.o(.text))
<BR>[Address Reference Count : 1]<UL><LI> startup_stm32l476xx.o(RESET)
</UL>
<P><STRONG><a name="[52]"></a>I2C3_EV_IRQHandler</STRONG> (Thumb, 0 bytes, Stack size 0 bytes, .\build\startup_stm32l476xx.o(.text))
<BR>[Address Reference Count : 1]<UL><LI> startup_stm32l476xx.o(RESET)
</UL>
<P><STRONG><a name="[58]"></a>LCD_IRQHandler</STRONG> (Thumb, 0 bytes, Stack size 0 bytes, .\build\startup_stm32l476xx.o(.text))
<BR>[Address Reference Count : 1]<UL><LI> startup_stm32l476xx.o(RESET)
</UL>
<P><STRONG><a name="[4b]"></a>LPTIM1_IRQHandler</STRONG> (Thumb, 0 bytes, Stack size 0 bytes, .\build\startup_stm32l476xx.o(.text))
<BR>[Address Reference Count : 1]<UL><LI> startup_stm32l476xx.o(RESET)
</UL>
<P><STRONG><a name="[4c]"></a>LPTIM2_IRQHandler</STRONG> (Thumb, 0 bytes, Stack size 0 bytes, .\build\startup_stm32l476xx.o(.text))
<BR>[Address Reference Count : 1]<UL><LI> startup_stm32l476xx.o(RESET)
</UL>
<P><STRONG><a name="[50]"></a>LPUART1_IRQHandler</STRONG> (Thumb, 0 bytes, Stack size 0 bytes, .\build\startup_stm32l476xx.o(.text))
<BR>[Address Reference Count : 1]<UL><LI> startup_stm32l476xx.o(RESET)
</UL>
<P><STRONG><a name="[4d]"></a>OTG_FS_IRQHandler</STRONG> (Thumb, 0 bytes, Stack size 0 bytes, .\build\startup_stm32l476xx.o(.text))
<BR>[Address Reference Count : 1]<UL><LI> startup_stm32l476xx.o(RESET)
</UL>
<P><STRONG><a name="[b]"></a>PVD_PVM_IRQHandler</STRONG> (Thumb, 0 bytes, Stack size 0 bytes, .\build\startup_stm32l476xx.o(.text))
<BR>[Address Reference Count : 1]<UL><LI> startup_stm32l476xx.o(RESET)
</UL>
<P><STRONG><a name="[51]"></a>QUADSPI_IRQHandler</STRONG> (Thumb, 0 bytes, Stack size 0 bytes, .\build\startup_stm32l476xx.o(.text))
<BR>[Address Reference Count : 1]<UL><LI> startup_stm32l476xx.o(RESET)
</UL>
<P><STRONG><a name="[f]"></a>RCC_IRQHandler</STRONG> (Thumb, 0 bytes, Stack size 0 bytes, .\build\startup_stm32l476xx.o(.text))
<BR>[Address Reference Count : 1]<UL><LI> startup_stm32l476xx.o(RESET)
</UL>
<P><STRONG><a name="[59]"></a>RNG_IRQHandler</STRONG> (Thumb, 0 bytes, Stack size 0 bytes, .\build\startup_stm32l476xx.o(.text))
<BR>[Address Reference Count : 1]<UL><LI> startup_stm32l476xx.o(RESET)
</UL>
<P><STRONG><a name="[33]"></a>RTC_Alarm_IRQHandler</STRONG> (Thumb, 0 bytes, Stack size 0 bytes, .\build\startup_stm32l476xx.o(.text))
<BR>[Address Reference Count : 1]<UL><LI> startup_stm32l476xx.o(RESET)
</UL>
<P><STRONG><a name="[d]"></a>RTC_WKUP_IRQHandler</STRONG> (Thumb, 0 bytes, Stack size 0 bytes, .\build\startup_stm32l476xx.o(.text))
<BR>[Address Reference Count : 1]<UL><LI> startup_stm32l476xx.o(RESET)
</UL>
<P><STRONG><a name="[54]"></a>SAI1_IRQHandler</STRONG> (Thumb, 0 bytes, Stack size 0 bytes, .\build\startup_stm32l476xx.o(.text))
<BR>[Address Reference Count : 1]<UL><LI> startup_stm32l476xx.o(RESET)
</UL>
<P><STRONG><a name="[55]"></a>SAI2_IRQHandler</STRONG> (Thumb, 0 bytes, Stack size 0 bytes, .\build\startup_stm32l476xx.o(.text))
<BR>[Address Reference Count : 1]<UL><LI> startup_stm32l476xx.o(RESET)
</UL>
<P><STRONG><a name="[3b]"></a>SDMMC1_IRQHandler</STRONG> (Thumb, 0 bytes, Stack size 0 bytes, .\build\startup_stm32l476xx.o(.text))
<BR>[Address Reference Count : 1]<UL><LI> startup_stm32l476xx.o(RESET)
</UL>
<P><STRONG><a name="[2d]"></a>SPI1_IRQHandler</STRONG> (Thumb, 0 bytes, Stack size 0 bytes, .\build\startup_stm32l476xx.o(.text))
<BR>[Address Reference Count : 1]<UL><LI> startup_stm32l476xx.o(RESET)
</UL>
<P><STRONG><a name="[2e]"></a>SPI2_IRQHandler</STRONG> (Thumb, 0 bytes, Stack size 0 bytes, .\build\startup_stm32l476xx.o(.text))
<BR>[Address Reference Count : 1]<UL><LI> startup_stm32l476xx.o(RESET)
</UL>
<P><STRONG><a name="[3d]"></a>SPI3_IRQHandler</STRONG> (Thumb, 0 bytes, Stack size 0 bytes, .\build\startup_stm32l476xx.o(.text))
<BR>[Address Reference Count : 1]<UL><LI> startup_stm32l476xx.o(RESET)
</UL>
<P><STRONG><a name="[56]"></a>SWPMI1_IRQHandler</STRONG> (Thumb, 0 bytes, Stack size 0 bytes, .\build\startup_stm32l476xx.o(.text))
<BR>[Address Reference Count : 1]<UL><LI> startup_stm32l476xx.o(RESET)
</UL>
<P><STRONG><a name="[c]"></a>TAMP_STAMP_IRQHandler</STRONG> (Thumb, 0 bytes, Stack size 0 bytes, .\build\startup_stm32l476xx.o(.text))
<BR>[Address Reference Count : 1]<UL><LI> startup_stm32l476xx.o(RESET)
</UL>
<P><STRONG><a name="[22]"></a>TIM1_BRK_TIM15_IRQHandler</STRONG> (Thumb, 0 bytes, Stack size 0 bytes, .\build\startup_stm32l476xx.o(.text))
<BR>[Address Reference Count : 1]<UL><LI> startup_stm32l476xx.o(RESET)
</UL>
<P><STRONG><a name="[25]"></a>TIM1_CC_IRQHandler</STRONG> (Thumb, 0 bytes, Stack size 0 bytes, .\build\startup_stm32l476xx.o(.text))
<BR>[Address Reference Count : 1]<UL><LI> startup_stm32l476xx.o(RESET)
</UL>
<P><STRONG><a name="[24]"></a>TIM1_TRG_COM_TIM17_IRQHandler</STRONG> (Thumb, 0 bytes, Stack size 0 bytes, .\build\startup_stm32l476xx.o(.text))
<BR>[Address Reference Count : 1]<UL><LI> startup_stm32l476xx.o(RESET)
</UL>
<P><STRONG><a name="[23]"></a>TIM1_UP_TIM16_IRQHandler</STRONG> (Thumb, 0 bytes, Stack size 0 bytes, .\build\startup_stm32l476xx.o(.text))
<BR>[Address Reference Count : 1]<UL><LI> startup_stm32l476xx.o(RESET)
</UL>
<P><STRONG><a name="[26]"></a>TIM2_IRQHandler</STRONG> (Thumb, 0 bytes, Stack size 0 bytes, .\build\startup_stm32l476xx.o(.text))
<BR>[Address Reference Count : 1]<UL><LI> startup_stm32l476xx.o(RESET)
</UL>
<P><STRONG><a name="[27]"></a>TIM3_IRQHandler</STRONG> (Thumb, 0 bytes, Stack size 0 bytes, .\build\startup_stm32l476xx.o(.text))
<BR>[Address Reference Count : 1]<UL><LI> startup_stm32l476xx.o(RESET)
</UL>
<P><STRONG><a name="[28]"></a>TIM4_IRQHandler</STRONG> (Thumb, 0 bytes, Stack size 0 bytes, .\build\startup_stm32l476xx.o(.text))
<BR>[Address Reference Count : 1]<UL><LI> startup_stm32l476xx.o(RESET)
</UL>
<P><STRONG><a name="[3c]"></a>TIM5_IRQHandler</STRONG> (Thumb, 0 bytes, Stack size 0 bytes, .\build\startup_stm32l476xx.o(.text))
<BR>[Address Reference Count : 1]<UL><LI> startup_stm32l476xx.o(RESET)
</UL>
<P><STRONG><a name="[40]"></a>TIM6_DAC_IRQHandler</STRONG> (Thumb, 0 bytes, Stack size 0 bytes, .\build\startup_stm32l476xx.o(.text))
<BR>[Address Reference Count : 1]<UL><LI> startup_stm32l476xx.o(RESET)
</UL>
<P><STRONG><a name="[41]"></a>TIM7_IRQHandler</STRONG> (Thumb, 0 bytes, Stack size 0 bytes, .\build\startup_stm32l476xx.o(.text))
<BR>[Address Reference Count : 1]<UL><LI> startup_stm32l476xx.o(RESET)
</UL>
<P><STRONG><a name="[35]"></a>TIM8_BRK_IRQHandler</STRONG> (Thumb, 0 bytes, Stack size 0 bytes, .\build\startup_stm32l476xx.o(.text))
<BR>[Address Reference Count : 1]<UL><LI> startup_stm32l476xx.o(RESET)
</UL>
<P><STRONG><a name="[38]"></a>TIM8_CC_IRQHandler</STRONG> (Thumb, 0 bytes, Stack size 0 bytes, .\build\startup_stm32l476xx.o(.text))
<BR>[Address Reference Count : 1]<UL><LI> startup_stm32l476xx.o(RESET)
</UL>
<P><STRONG><a name="[37]"></a>TIM8_TRG_COM_IRQHandler</STRONG> (Thumb, 0 bytes, Stack size 0 bytes, .\build\startup_stm32l476xx.o(.text))
<BR>[Address Reference Count : 1]<UL><LI> startup_stm32l476xx.o(RESET)
</UL>
<P><STRONG><a name="[36]"></a>TIM8_UP_IRQHandler</STRONG> (Thumb, 0 bytes, Stack size 0 bytes, .\build\startup_stm32l476xx.o(.text))
<BR>[Address Reference Count : 1]<UL><LI> startup_stm32l476xx.o(RESET)
</UL>
<P><STRONG><a name="[57]"></a>TSC_IRQHandler</STRONG> (Thumb, 0 bytes, Stack size 0 bytes, .\build\startup_stm32l476xx.o(.text))
<BR>[Address Reference Count : 1]<UL><LI> startup_stm32l476xx.o(RESET)
</UL>
<P><STRONG><a name="[3e]"></a>UART4_IRQHandler</STRONG> (Thumb, 0 bytes, Stack size 0 bytes, .\build\startup_stm32l476xx.o(.text))
<BR>[Address Reference Count : 1]<UL><LI> startup_stm32l476xx.o(RESET)
</UL>
<P><STRONG><a name="[3f]"></a>UART5_IRQHandler</STRONG> (Thumb, 0 bytes, Stack size 0 bytes, .\build\startup_stm32l476xx.o(.text))
<BR>[Address Reference Count : 1]<UL><LI> startup_stm32l476xx.o(RESET)
</UL>
<P><STRONG><a name="[2f]"></a>USART1_IRQHandler</STRONG> (Thumb, 0 bytes, Stack size 0 bytes, .\build\startup_stm32l476xx.o(.text))
<BR>[Address Reference Count : 1]<UL><LI> startup_stm32l476xx.o(RESET)
</UL>
<P><STRONG><a name="[30]"></a>USART2_IRQHandler</STRONG> (Thumb, 0 bytes, Stack size 0 bytes, .\build\startup_stm32l476xx.o(.text))
<BR>[Address Reference Count : 1]<UL><LI> startup_stm32l476xx.o(RESET)
</UL>
<P><STRONG><a name="[31]"></a>USART3_IRQHandler</STRONG> (Thumb, 0 bytes, Stack size 0 bytes, .\build\startup_stm32l476xx.o(.text))
<BR>[Address Reference Count : 1]<UL><LI> startup_stm32l476xx.o(RESET)
</UL>
<P><STRONG><a name="[a]"></a>WWDG_IRQHandler</STRONG> (Thumb, 0 bytes, Stack size 0 bytes, .\build\startup_stm32l476xx.o(.text))
<BR>[Address Reference Count : 1]<UL><LI> startup_stm32l476xx.o(RESET)
</UL>
<P><STRONG><a name="[8b]"></a>_initio</STRONG> (Thumb, 20 bytes, Stack size 0 bytes, C:\Keil_v5\ARM\ARMCLANG\Bin\..\lib\armlib\mc_w.l(initio_oe.o)(.text))
<BR><BR>[Stack]<UL><LI>Max Depth = 16 + Unknown Stack Size
<LI>Call Chain = _initio &rArr; _sys_open &rArr; strcmp
</UL>
<BR>[Calls]<UL><LI><a href="#[8d]">&gt;&gt;</a>&nbsp;&nbsp;&nbsp;_sys_open
<LI><a href="#[8e]">&gt;&gt;</a>&nbsp;&nbsp;&nbsp;__main_after_initio
</UL>
<BR>[Called By]<UL><LI><a href="#[8a]">&gt;&gt;</a>&nbsp;&nbsp;&nbsp;__use_full_stdio
</UL>

<P><STRONG><a name="[8f]"></a>puts</STRONG> (Thumb, 40 bytes, Stack size 8 bytes, C:\Keil_v5\ARM\ARMCLANG\Bin\..\lib\armlib\mc_w.l(puts_e.o)(.text))
<BR><BR>[Stack]<UL><LI>Max Depth = 72<LI>Call Chain = puts &rArr; fputc &rArr; _sys_write &rArr;  mbed::minimal_console_putc(int) (Cycle)
</UL>
<BR>[Calls]<UL><LI><a href="#[90]">&gt;&gt;</a>&nbsp;&nbsp;&nbsp;fputc
</UL>
<BR>[Called By]<UL><LI><a href="#[a7]">&gt;&gt;</a>&nbsp;&nbsp;&nbsp;$Super$$main
</UL>

<P><STRONG><a name="[90]"></a>fputc</STRONG> (Thumb, 40 bytes, Stack size 16 bytes, C:\Keil_v5\ARM\ARMCLANG\Bin\..\lib\armlib\mc_w.l(fputc_fp.o)(.text))
<BR><BR>[Stack]<UL><LI>Max Depth = 64<LI>Call Chain = fputc &rArr; _sys_write &rArr;  mbed::minimal_console_putc(int) (Cycle)
</UL>
<BR>[Calls]<UL><LI><a href="#[91]">&gt;&gt;</a>&nbsp;&nbsp;&nbsp;_sys_write
</UL>
<BR>[Called By]<UL><LI><a href="#[137]">&gt;&gt;</a>&nbsp;&nbsp;&nbsp;mbed_minimal_formatted_string_integer
<LI><a href="#[a3]">&gt;&gt;</a>&nbsp;&nbsp;&nbsp;mbed_minimal_formatted_string
<LI><a href="#[8f]">&gt;&gt;</a>&nbsp;&nbsp;&nbsp;puts
</UL>

<P><STRONG><a name="[92]"></a>__aeabi_uldivmod</STRONG> (Thumb, 98 bytes, Stack size 40 bytes, C:\Keil_v5\ARM\ARMCLANG\Bin\..\lib\armlib\mc_w.l(uldiv.o)(.text))
<BR><BR>[Stack]<UL><LI>Max Depth = 40<LI>Call Chain = __aeabi_uldivmod
</UL>
<BR>[Calls]<UL><LI><a href="#[93]">&gt;&gt;</a>&nbsp;&nbsp;&nbsp;__aeabi_llsr
<LI><a href="#[94]">&gt;&gt;</a>&nbsp;&nbsp;&nbsp;__aeabi_llsl
</UL>
<BR>[Called By]<UL><LI><a href="#[106]">&gt;&gt;</a>&nbsp;&nbsp;&nbsp;ticker_read_us
<LI><a href="#[e5]">&gt;&gt;</a>&nbsp;&nbsp;&nbsp;ticker_insert_event_us
<LI><a href="#[12b]">&gt;&gt;</a>&nbsp;&nbsp;&nbsp;schedule_interrupt
<LI><a href="#[12a]">&gt;&gt;</a>&nbsp;&nbsp;&nbsp;initialize
<LI><a href="#[100]">&gt;&gt;</a>&nbsp;&nbsp;&nbsp;mbed::internal::SysTimer&lang;std::__2::ratio&lang;1ll, 1000ll&rang;, true&rang;::set_wake_time(std::__2::chrono::time_point&lang;mbed::internal::SysTimer&lang;std::__2::ratio&lang;1ll, 1000ll&rang;, true&rang;, std::__2::chrono::duration&lang;unsigned long long, std::__2::ratio&lang;1ll, 1000ll&rang;&rang;&rang;)
<LI><a href="#[104]">&gt;&gt;</a>&nbsp;&nbsp;&nbsp;mbed::internal::SysTimer&lang;std::__2::ratio&lang;1ll, 1000ll&rang;, true&rang;::update_and_get_tick()
<LI><a href="#[85]">&gt;&gt;</a>&nbsp;&nbsp;&nbsp;ticker_irq_handler
<LI><a href="#[cb]">&gt;&gt;</a>&nbsp;&nbsp;&nbsp;UART_SetConfig
</UL>

<P><STRONG><a name="[14c]"></a>__aeabi_memcpy</STRONG> (Thumb, 36 bytes, Stack size 0 bytes, C:\Keil_v5\ARM\ARMCLANG\Bin\..\lib\armlib\mc_w.l(memcpya.o)(.text), UNUSED)

<P><STRONG><a name="[141]"></a>__aeabi_memcpy4</STRONG> (Thumb, 0 bytes, Stack size 0 bytes, C:\Keil_v5\ARM\ARMCLANG\Bin\..\lib\armlib\mc_w.l(memcpya.o)(.text))
<BR><BR>[Called By]<UL><LI><a href="#[140]">&gt;&gt;</a>&nbsp;&nbsp;&nbsp;serial_init
</UL>

<P><STRONG><a name="[14d]"></a>__aeabi_memcpy8</STRONG> (Thumb, 0 bytes, Stack size 0 bytes, C:\Keil_v5\ARM\ARMCLANG\Bin\..\lib\armlib\mc_w.l(memcpya.o)(.text), UNUSED)

<P><STRONG><a name="[96]"></a>__aeabi_memset</STRONG> (Thumb, 14 bytes, Stack size 0 bytes, C:\Keil_v5\ARM\ARMCLANG\Bin\..\lib\armlib\mc_w.l(memseta.o)(.text), UNUSED)
<BR><BR>[Called By]<UL><LI><a href="#[97]">&gt;&gt;</a>&nbsp;&nbsp;&nbsp;_memset$wrapper
<LI><a href="#[95]">&gt;&gt;</a>&nbsp;&nbsp;&nbsp;__aeabi_memclr
</UL>

<P><STRONG><a name="[14e]"></a>__aeabi_memset4</STRONG> (Thumb, 0 bytes, Stack size 0 bytes, C:\Keil_v5\ARM\ARMCLANG\Bin\..\lib\armlib\mc_w.l(memseta.o)(.text), UNUSED)

<P><STRONG><a name="[14f]"></a>__aeabi_memset8</STRONG> (Thumb, 0 bytes, Stack size 0 bytes, C:\Keil_v5\ARM\ARMCLANG\Bin\..\lib\armlib\mc_w.l(memseta.o)(.text), UNUSED)

<P><STRONG><a name="[95]"></a>__aeabi_memclr</STRONG> (Thumb, 4 bytes, Stack size 0 bytes, C:\Keil_v5\ARM\ARMCLANG\Bin\..\lib\armlib\mc_w.l(memseta.o)(.text), UNUSED)
<BR><BR>[Calls]<UL><LI><a href="#[96]">&gt;&gt;</a>&nbsp;&nbsp;&nbsp;__aeabi_memset
</UL>

<P><STRONG><a name="[d3]"></a>__aeabi_memclr4</STRONG> (Thumb, 0 bytes, Stack size 0 bytes, C:\Keil_v5\ARM\ARMCLANG\Bin\..\lib\armlib\mc_w.l(memseta.o)(.text))
<BR><BR>[Called By]<UL><LI><a href="#[12c]">&gt;&gt;</a>&nbsp;&nbsp;&nbsp;mbed_error
<LI><a href="#[d2]">&gt;&gt;</a>&nbsp;&nbsp;&nbsp;error
<LI><a href="#[dc]">&gt;&gt;</a>&nbsp;&nbsp;&nbsp;mbed::InterruptIn::InterruptIn(PinName)
<LI><a href="#[74]">&gt;&gt;</a>&nbsp;&nbsp;&nbsp;lp_ticker_init
<LI><a href="#[e3]">&gt;&gt;</a>&nbsp;&nbsp;&nbsp;serial_baud
<LI><a href="#[d1]">&gt;&gt;</a>&nbsp;&nbsp;&nbsp;SetSysClock_PLL_MSI
</UL>

<P><STRONG><a name="[150]"></a>__aeabi_memclr8</STRONG> (Thumb, 0 bytes, Stack size 0 bytes, C:\Keil_v5\ARM\ARMCLANG\Bin\..\lib\armlib\mc_w.l(memseta.o)(.text), UNUSED)

<P><STRONG><a name="[97]"></a>_memset$wrapper</STRONG> (Thumb, 18 bytes, Stack size 8 bytes, C:\Keil_v5\ARM\ARMCLANG\Bin\..\lib\armlib\mc_w.l(memseta.o)(.text), UNUSED)
<BR><BR>[Calls]<UL><LI><a href="#[96]">&gt;&gt;</a>&nbsp;&nbsp;&nbsp;__aeabi_memset
</UL>

<P><STRONG><a name="[10a]"></a>strcmp</STRONG> (Thumb, 28 bytes, Stack size 8 bytes, C:\Keil_v5\ARM\ARMCLANG\Bin\..\lib\armlib\mc_w.l(strcmp.o)(.text))
<BR><BR>[Stack]<UL><LI>Max Depth = 8<LI>Call Chain = strcmp
</UL>
<BR>[Called By]<UL><LI><a href="#[8d]">&gt;&gt;</a>&nbsp;&nbsp;&nbsp;_sys_open
</UL>

<P><STRONG><a name="[a5]"></a>$Super$$__cpp_initialize__aeabi_</STRONG> (Thumb, 32 bytes, Stack size 24 bytes, C:\Keil_v5\ARM\ARMCLANG\Bin\..\lib\armlib\mc_w.l(cpp_init.o)(.text))
<BR><BR>[Stack]<UL><LI>Max Depth = 24<LI>Call Chain = $Super$$__cpp_initialize__aeabi_
</UL>
<BR>[Called By]<UL><LI><a href="#[5b]">&gt;&gt;</a>&nbsp;&nbsp;&nbsp;main
</UL>

<P><STRONG><a name="[98]"></a>__aeabi_dadd</STRONG> (Thumb, 322 bytes, Stack size 48 bytes, C:\Keil_v5\ARM\ARMCLANG\Bin\..\lib\armlib\mf_w.l(dadd.o)(.text))
<BR><BR>[Stack]<UL><LI>Max Depth = 88<LI>Call Chain = __aeabi_dadd &rArr; _double_epilogue &rArr; _double_round
</UL>
<BR>[Calls]<UL><LI><a href="#[99]">&gt;&gt;</a>&nbsp;&nbsp;&nbsp;__aeabi_lasr
<LI><a href="#[94]">&gt;&gt;</a>&nbsp;&nbsp;&nbsp;__aeabi_llsl
<LI><a href="#[9b]">&gt;&gt;</a>&nbsp;&nbsp;&nbsp;_double_round
<LI><a href="#[9a]">&gt;&gt;</a>&nbsp;&nbsp;&nbsp;_double_epilogue
</UL>
<BR>[Called By]<UL><LI><a href="#[6b]">&gt;&gt;</a>&nbsp;&nbsp;&nbsp;sw2Int()
<LI><a href="#[6a]">&gt;&gt;</a>&nbsp;&nbsp;&nbsp;sw1Int()
<LI><a href="#[f5]">&gt;&gt;</a>&nbsp;&nbsp;&nbsp;pwmout_write
<LI><a href="#[9d]">&gt;&gt;</a>&nbsp;&nbsp;&nbsp;__aeabi_drsub
<LI><a href="#[9c]">&gt;&gt;</a>&nbsp;&nbsp;&nbsp;__aeabi_dsub
</UL>

<P><STRONG><a name="[9c]"></a>__aeabi_dsub</STRONG> (Thumb, 6 bytes, Stack size 0 bytes, C:\Keil_v5\ARM\ARMCLANG\Bin\..\lib\armlib\mf_w.l(dadd.o)(.text), UNUSED)
<BR><BR>[Calls]<UL><LI><a href="#[98]">&gt;&gt;</a>&nbsp;&nbsp;&nbsp;__aeabi_dadd
</UL>

<P><STRONG><a name="[9d]"></a>__aeabi_drsub</STRONG> (Thumb, 6 bytes, Stack size 0 bytes, C:\Keil_v5\ARM\ARMCLANG\Bin\..\lib\armlib\mf_w.l(dadd.o)(.text), UNUSED)
<BR><BR>[Calls]<UL><LI><a href="#[98]">&gt;&gt;</a>&nbsp;&nbsp;&nbsp;__aeabi_dadd
</UL>

<P><STRONG><a name="[9e]"></a>__aeabi_d2uiz</STRONG> (Thumb, 50 bytes, Stack size 8 bytes, C:\Keil_v5\ARM\ARMCLANG\Bin\..\lib\armlib\mf_w.l(dfixui.o)(.text))
<BR><BR>[Stack]<UL><LI>Max Depth = 8<LI>Call Chain = __aeabi_d2uiz
</UL>
<BR>[Calls]<UL><LI><a href="#[93]">&gt;&gt;</a>&nbsp;&nbsp;&nbsp;__aeabi_llsr
</UL>
<BR>[Called By]<UL><LI><a href="#[f5]">&gt;&gt;</a>&nbsp;&nbsp;&nbsp;pwmout_write
</UL>

<P><STRONG><a name="[de]"></a>__aeabi_f2d</STRONG> (Thumb, 38 bytes, Stack size 0 bytes, C:\Keil_v5\ARM\ARMCLANG\Bin\..\lib\armlib\mf_w.l(f2d.o)(.text))
<BR><BR>[Called By]<UL><LI><a href="#[6b]">&gt;&gt;</a>&nbsp;&nbsp;&nbsp;sw2Int()
<LI><a href="#[6a]">&gt;&gt;</a>&nbsp;&nbsp;&nbsp;sw1Int()
<LI><a href="#[f5]">&gt;&gt;</a>&nbsp;&nbsp;&nbsp;pwmout_write
</UL>

<P><STRONG><a name="[9f]"></a>__aeabi_d2f</STRONG> (Thumb, 56 bytes, Stack size 8 bytes, C:\Keil_v5\ARM\ARMCLANG\Bin\..\lib\armlib\mf_w.l(d2f.o)(.text))
<BR><BR>[Stack]<UL><LI>Max Depth = 8<LI>Call Chain = __aeabi_d2f
</UL>
<BR>[Calls]<UL><LI><a href="#[a0]">&gt;&gt;</a>&nbsp;&nbsp;&nbsp;_float_round
</UL>
<BR>[Called By]<UL><LI><a href="#[6b]">&gt;&gt;</a>&nbsp;&nbsp;&nbsp;sw2Int()
<LI><a href="#[6a]">&gt;&gt;</a>&nbsp;&nbsp;&nbsp;sw1Int()
</UL>

<P><STRONG><a name="[94]"></a>__aeabi_llsl</STRONG> (Thumb, 30 bytes, Stack size 0 bytes, C:\Keil_v5\ARM\ARMCLANG\Bin\..\lib\armlib\mc_w.l(llshl.o)(.text))
<BR><BR>[Called By]<UL><LI><a href="#[98]">&gt;&gt;</a>&nbsp;&nbsp;&nbsp;__aeabi_dadd
<LI><a href="#[9a]">&gt;&gt;</a>&nbsp;&nbsp;&nbsp;_double_epilogue
<LI><a href="#[92]">&gt;&gt;</a>&nbsp;&nbsp;&nbsp;__aeabi_uldivmod
</UL>

<P><STRONG><a name="[151]"></a>_ll_shift_l</STRONG> (Thumb, 0 bytes, Stack size 0 bytes, C:\Keil_v5\ARM\ARMCLANG\Bin\..\lib\armlib\mc_w.l(llshl.o)(.text), UNUSED)

<P><STRONG><a name="[93]"></a>__aeabi_llsr</STRONG> (Thumb, 32 bytes, Stack size 0 bytes, C:\Keil_v5\ARM\ARMCLANG\Bin\..\lib\armlib\mc_w.l(llushr.o)(.text))
<BR><BR>[Called By]<UL><LI><a href="#[9e]">&gt;&gt;</a>&nbsp;&nbsp;&nbsp;__aeabi_d2uiz
<LI><a href="#[9a]">&gt;&gt;</a>&nbsp;&nbsp;&nbsp;_double_epilogue
<LI><a href="#[92]">&gt;&gt;</a>&nbsp;&nbsp;&nbsp;__aeabi_uldivmod
</UL>

<P><STRONG><a name="[152]"></a>_ll_ushift_r</STRONG> (Thumb, 0 bytes, Stack size 0 bytes, C:\Keil_v5\ARM\ARMCLANG\Bin\..\lib\armlib\mc_w.l(llushr.o)(.text), UNUSED)

<P><STRONG><a name="[99]"></a>__aeabi_lasr</STRONG> (Thumb, 36 bytes, Stack size 0 bytes, C:\Keil_v5\ARM\ARMCLANG\Bin\..\lib\armlib\mc_w.l(llsshr.o)(.text))
<BR><BR>[Called By]<UL><LI><a href="#[98]">&gt;&gt;</a>&nbsp;&nbsp;&nbsp;__aeabi_dadd
</UL>

<P><STRONG><a name="[153]"></a>_ll_sshift_r</STRONG> (Thumb, 0 bytes, Stack size 0 bytes, C:\Keil_v5\ARM\ARMCLANG\Bin\..\lib\armlib\mc_w.l(llsshr.o)(.text), UNUSED)

<P><STRONG><a name="[154]"></a>__I$use$fp</STRONG> (Thumb, 0 bytes, Stack size 0 bytes, C:\Keil_v5\ARM\ARMCLANG\Bin\..\lib\armlib\mc_w.l(iusefp.o)(.text), UNUSED)

<P><STRONG><a name="[a0]"></a>_float_round</STRONG> (Thumb, 18 bytes, Stack size 0 bytes, C:\Keil_v5\ARM\ARMCLANG\Bin\..\lib\armlib\mf_w.l(fepilogue.o)(.text))
<BR><BR>[Called By]<UL><LI><a href="#[9f]">&gt;&gt;</a>&nbsp;&nbsp;&nbsp;__aeabi_d2f
</UL>

<P><STRONG><a name="[155]"></a>_float_epilogue</STRONG> (Thumb, 92 bytes, Stack size 4 bytes, C:\Keil_v5\ARM\ARMCLANG\Bin\..\lib\armlib\mf_w.l(fepilogue.o)(.text), UNUSED)

<P><STRONG><a name="[9b]"></a>_double_round</STRONG> (Thumb, 30 bytes, Stack size 8 bytes, C:\Keil_v5\ARM\ARMCLANG\Bin\..\lib\armlib\mf_w.l(depilogue.o)(.text))
<BR><BR>[Stack]<UL><LI>Max Depth = 8<LI>Call Chain = _double_round
</UL>
<BR>[Called By]<UL><LI><a href="#[98]">&gt;&gt;</a>&nbsp;&nbsp;&nbsp;__aeabi_dadd
<LI><a href="#[9a]">&gt;&gt;</a>&nbsp;&nbsp;&nbsp;_double_epilogue
</UL>

<P><STRONG><a name="[9a]"></a>_double_epilogue</STRONG> (Thumb, 156 bytes, Stack size 32 bytes, C:\Keil_v5\ARM\ARMCLANG\Bin\..\lib\armlib\mf_w.l(depilogue.o)(.text))
<BR><BR>[Stack]<UL><LI>Max Depth = 40<LI>Call Chain = _double_epilogue &rArr; _double_round
</UL>
<BR>[Calls]<UL><LI><a href="#[93]">&gt;&gt;</a>&nbsp;&nbsp;&nbsp;__aeabi_llsr
<LI><a href="#[94]">&gt;&gt;</a>&nbsp;&nbsp;&nbsp;__aeabi_llsl
<LI><a href="#[9b]">&gt;&gt;</a>&nbsp;&nbsp;&nbsp;_double_round
</UL>
<BR>[Called By]<UL><LI><a href="#[98]">&gt;&gt;</a>&nbsp;&nbsp;&nbsp;__aeabi_dadd
</UL>

<P><STRONG><a name="[89]"></a>__scatterload</STRONG> (Thumb, 38 bytes, Stack size 0 bytes, C:\Keil_v5\ARM\ARMCLANG\Bin\..\lib\armlib\mc_w.l(init.o)(.text))
<BR><BR>[Calls]<UL><LI><a href="#[a1]">&gt;&gt;</a>&nbsp;&nbsp;&nbsp;__main_after_scatterload
</UL>
<BR>[Called By]<UL><LI><a href="#[88]">&gt;&gt;</a>&nbsp;&nbsp;&nbsp;_main_scatterload
</UL>

<P><STRONG><a name="[156]"></a>__scatterload_rt2</STRONG> (Thumb, 0 bytes, Stack size 0 bytes, C:\Keil_v5\ARM\ARMCLANG\Bin\..\lib\armlib\mc_w.l(init.o)(.text), UNUSED)

<P><STRONG><a name="[a2]"></a>__2vfprintf</STRONG> (Thumb, 28 bytes, Stack size 16 bytes, .\build\mbed_printf_armlink_overrides.o(.text.$Sub$$__2vfprintf))
<BR><BR>[Stack]<UL><LI>Max Depth = 240<LI>Call Chain = __2vfprintf &rArr; mbed_minimal_formatted_string &rArr; mbed_minimal_formatted_string_integer &rArr; fputc &rArr; _sys_write &rArr;  mbed::minimal_console_putc(int) (Cycle)
</UL>
<BR>[Calls]<UL><LI><a href="#[a3]">&gt;&gt;</a>&nbsp;&nbsp;&nbsp;mbed_minimal_formatted_string
</UL>
<BR>[Called By]<UL><LI><a href="#[116]">&gt;&gt;</a>&nbsp;&nbsp;&nbsp;debug
</UL>

<P><STRONG><a name="[87]"></a>__cpp_initialize__aeabi_</STRONG> (Thumb, 2 bytes, Stack size 0 bytes, .\build\mbed_sdk_boot.o(.text.$Sub$$__cpp_initialize__aeabi_))
<BR><BR>[Called By]<UL><LI><a href="#[8c]">&gt;&gt;</a>&nbsp;&nbsp;&nbsp;_main_cpp_init
</UL>

<P><STRONG><a name="[157]"></a>_printf_int_dec</STRONG> (Thumb, 4 bytes, Stack size 0 bytes, .\build\mbed_printf_armlink_overrides.o(.text.$Sub$$_printf_int_dec), UNUSED)

<P><STRONG><a name="[158]"></a>_printf_percent</STRONG> (Thumb, 4 bytes, Stack size 0 bytes, .\build\mbed_printf_armlink_overrides.o(.text.$Sub$$_printf_percent), UNUSED)

<P><STRONG><a name="[159]"></a>_printf_u</STRONG> (Thumb, 4 bytes, Stack size 0 bytes, .\build\mbed_printf_armlink_overrides.o(.text.$Sub$$_printf_u), UNUSED)

<P><STRONG><a name="[5b]"></a>main</STRONG> (Thumb, 150 bytes, Stack size 8 bytes, .\build\mbed_sdk_boot.o(.text.$Sub$$main))
<BR><BR>[Stack]<UL><LI>Max Depth = 1040<LI>Call Chain = main &rArr; $Super$$main &rArr; thread_sleep_for &rArr; mbed::internal::do_timed_sleep_relative_or_forever(std::__2::chrono::duration&lang;unsigned int, std::__2::ratio&lang;1ll, 1000ll&rang;&rang;, bool (*)(void*), void*) &rArr; void mbed::internal::do_sleep_operation&lang;mbed::internal::timed_predicate_op&rang;(mbed::internal::timed_predicate_op&) &rArr; mbed::internal::SysTimer&lang;std::__2::ratio&lang;1ll, 1000ll&rang;, true&rang;::set_wake_time(std::__2::chrono::time_point&lang;mbed::internal::SysTimer&lang;std::__2::ratio&lang;1ll, 1000ll&rang;, true&rang;, std::__2::chrono::duration&lang;unsigned long long, std::__2::ratio&lang;1ll, 1000ll&rang;&rang;&rang;) &rArr; ticker_read_us &rArr; initialize &rArr; schedule_interrupt &rArr; mbed_assert_internal &rArr; mbed_error &rArr; print_error_report &rArr; mbed_error_printf &rArr; mbed_error_puts &rArr; write &rArr; mbed::minimal_console_putc(int) &rArr; do_serial_init_once() &rArr;  mbed_assert_internal (Cycle)
</UL>
<BR>[Calls]<UL><LI><a href="#[a7]">&gt;&gt;</a>&nbsp;&nbsp;&nbsp;$Super$$main
<LI><a href="#[7c]">&gt;&gt;</a>&nbsp;&nbsp;&nbsp;us_ticker_init
<LI><a href="#[a6]">&gt;&gt;</a>&nbsp;&nbsp;&nbsp;mbed_main
<LI><a href="#[a4]">&gt;&gt;</a>&nbsp;&nbsp;&nbsp;mbed_sdk_init
<LI><a href="#[a5]">&gt;&gt;</a>&nbsp;&nbsp;&nbsp;$Super$$__cpp_initialize__aeabi_
</UL>
<BR>[Address Reference Count : 1]<UL><LI> entry9a.o(.ARM.Collect$$$$0000000B)
</UL>
<P><STRONG><a name="[a8]"></a>vsnprintf</STRONG> (Thumb, 20 bytes, Stack size 16 bytes, .\build\mbed_printf_wrapper.o(.text.$Sub$$vsnprintf))
<BR><BR>[Stack]<UL><LI>Max Depth = 240<LI>Call Chain = vsnprintf &rArr; mbed_minimal_formatted_string &rArr; mbed_minimal_formatted_string_integer &rArr; fputc &rArr; _sys_write &rArr;  mbed::minimal_console_putc(int) (Cycle)
</UL>
<BR>[Calls]<UL><LI><a href="#[a3]">&gt;&gt;</a>&nbsp;&nbsp;&nbsp;mbed_minimal_formatted_string
</UL>
<BR>[Called By]<UL><LI><a href="#[119]">&gt;&gt;</a>&nbsp;&nbsp;&nbsp;mbed_error_vprintf
<LI><a href="#[132]">&gt;&gt;</a>&nbsp;&nbsp;&nbsp;mbed_error_printf
</UL>

<P><STRONG><a name="[a9]"></a>ADC_Disable</STRONG> (Thumb, 126 bytes, Stack size 16 bytes, .\build\stm32l4xx_hal_adc.o(.text.ADC_Disable))
<BR><BR>[Stack]<UL><LI>Max Depth = 32<LI>Call Chain = ADC_Disable &rArr; HAL_GetTick &rArr; core_util_critical_section_exit &rArr; hal_critical_section_exit &rArr;  mbed_assert_internal (Cycle)
</UL>
<BR>[Calls]<UL><LI><a href="#[aa]">&gt;&gt;</a>&nbsp;&nbsp;&nbsp;HAL_GetTick
</UL>
<BR>[Called By]<UL><LI><a href="#[ad]">&gt;&gt;</a>&nbsp;&nbsp;&nbsp;HAL_ADCEx_Calibration_Start
</UL>

<P><STRONG><a name="[ab]"></a>ADC_Enable</STRONG> (Thumb, 124 bytes, Stack size 16 bytes, .\build\stm32l4xx_hal_adc.o(.text.ADC_Enable))
<BR><BR>[Stack]<UL><LI>Max Depth = 32<LI>Call Chain = ADC_Enable &rArr; HAL_GetTick &rArr; core_util_critical_section_exit &rArr; hal_critical_section_exit &rArr;  mbed_assert_internal (Cycle)
</UL>
<BR>[Calls]<UL><LI><a href="#[aa]">&gt;&gt;</a>&nbsp;&nbsp;&nbsp;HAL_GetTick
</UL>
<BR>[Called By]<UL><LI><a href="#[b1]">&gt;&gt;</a>&nbsp;&nbsp;&nbsp;HAL_ADC_Start
</UL>

<P><STRONG><a name="[1e]"></a>CAN1_RX0_IRQHandler</STRONG> (Thumb, 4 bytes, Stack size 0 bytes, .\build\can_api.o(.text.CAN1_RX0_IRQHandler))
<BR><BR>[Stack]<UL><LI>Max Depth = 16<LI>Call Chain = CAN1_RX0_IRQHandler &rArr; can_irq
</UL>
<BR>[Calls]<UL><LI><a href="#[ac]">&gt;&gt;</a>&nbsp;&nbsp;&nbsp;can_irq
</UL>
<BR>[Address Reference Count : 1]<UL><LI> startup_stm32l476xx.o(RESET)
</UL>
<P><STRONG><a name="[20]"></a>CAN1_SCE_IRQHandler</STRONG> (Thumb, 4 bytes, Stack size 0 bytes, .\build\can_api.o(.text.CAN1_SCE_IRQHandler))
<BR><BR>[Stack]<UL><LI>Max Depth = 16<LI>Call Chain = CAN1_SCE_IRQHandler &rArr; can_irq
</UL>
<BR>[Calls]<UL><LI><a href="#[ac]">&gt;&gt;</a>&nbsp;&nbsp;&nbsp;can_irq
</UL>
<BR>[Address Reference Count : 1]<UL><LI> startup_stm32l476xx.o(RESET)
</UL>
<P><STRONG><a name="[1d]"></a>CAN1_TX_IRQHandler</STRONG> (Thumb, 4 bytes, Stack size 0 bytes, .\build\can_api.o(.text.CAN1_TX_IRQHandler))
<BR><BR>[Stack]<UL><LI>Max Depth = 16<LI>Call Chain = CAN1_TX_IRQHandler &rArr; can_irq
</UL>
<BR>[Calls]<UL><LI><a href="#[ac]">&gt;&gt;</a>&nbsp;&nbsp;&nbsp;can_irq
</UL>
<BR>[Address Reference Count : 1]<UL><LI> startup_stm32l476xx.o(RESET)
</UL>
<P><STRONG><a name="[113]"></a>HAL_ADCEx_Calibration_GetValue</STRONG> (Thumb, 22 bytes, Stack size 0 bytes, .\build\stm32l4xx_hal_adc_ex.o(.text.HAL_ADCEx_Calibration_GetValue))
<BR><BR>[Called By]<UL><LI><a href="#[fc]">&gt;&gt;</a>&nbsp;&nbsp;&nbsp;analogin_init
</UL>

<P><STRONG><a name="[ad]"></a>HAL_ADCEx_Calibration_Start</STRONG> (Thumb, 140 bytes, Stack size 24 bytes, .\build\stm32l4xx_hal_adc_ex.o(.text.HAL_ADCEx_Calibration_Start))
<BR><BR>[Stack]<UL><LI>Max Depth = 56<LI>Call Chain = HAL_ADCEx_Calibration_Start &rArr; ADC_Disable &rArr; HAL_GetTick &rArr; core_util_critical_section_exit &rArr; hal_critical_section_exit &rArr;  mbed_assert_internal (Cycle)
</UL>
<BR>[Calls]<UL><LI><a href="#[a9]">&gt;&gt;</a>&nbsp;&nbsp;&nbsp;ADC_Disable
</UL>
<BR>[Called By]<UL><LI><a href="#[fc]">&gt;&gt;</a>&nbsp;&nbsp;&nbsp;analogin_init
</UL>

<P><STRONG><a name="[10d]"></a>HAL_ADC_ConfigChannel</STRONG> (Thumb, 764 bytes, Stack size 24 bytes, .\build\stm32l4xx_hal_adc.o(.text.HAL_ADC_ConfigChannel))
<BR><BR>[Stack]<UL><LI>Max Depth = 24<LI>Call Chain = HAL_ADC_ConfigChannel
</UL>
<BR>[Called By]<UL><LI><a href="#[10c]">&gt;&gt;</a>&nbsp;&nbsp;&nbsp;adc_read
</UL>

<P><STRONG><a name="[10e]"></a>HAL_ADC_GetValue</STRONG> (Thumb, 6 bytes, Stack size 0 bytes, .\build\stm32l4xx_hal_adc.o(.text.HAL_ADC_GetValue))
<BR><BR>[Called By]<UL><LI><a href="#[10c]">&gt;&gt;</a>&nbsp;&nbsp;&nbsp;adc_read
</UL>

<P><STRONG><a name="[ae]"></a>HAL_ADC_Init</STRONG> (Thumb, 454 bytes, Stack size 24 bytes, .\build\stm32l4xx_hal_adc.o(.text.HAL_ADC_Init))
<BR><BR>[Stack]<UL><LI>Max Depth = 24<LI>Call Chain = HAL_ADC_Init
</UL>
<BR>[Calls]<UL><LI><a href="#[af]">&gt;&gt;</a>&nbsp;&nbsp;&nbsp;HAL_ADC_MspInit
</UL>
<BR>[Called By]<UL><LI><a href="#[fc]">&gt;&gt;</a>&nbsp;&nbsp;&nbsp;analogin_init
</UL>

<P><STRONG><a name="[af]"></a>HAL_ADC_MspInit</STRONG> (Thumb, 2 bytes, Stack size 0 bytes, .\build\stm32l4xx_hal_adc.o(.text.HAL_ADC_MspInit))
<BR><BR>[Called By]<UL><LI><a href="#[ae]">&gt;&gt;</a>&nbsp;&nbsp;&nbsp;HAL_ADC_Init
</UL>

<P><STRONG><a name="[b0]"></a>HAL_ADC_PollForConversion</STRONG> (Thumb, 298 bytes, Stack size 40 bytes, .\build\stm32l4xx_hal_adc.o(.text.HAL_ADC_PollForConversion))
<BR><BR>[Stack]<UL><LI>Max Depth = 56<LI>Call Chain = HAL_ADC_PollForConversion &rArr; HAL_GetTick &rArr; core_util_critical_section_exit &rArr; hal_critical_section_exit &rArr;  mbed_assert_internal (Cycle)
</UL>
<BR>[Calls]<UL><LI><a href="#[aa]">&gt;&gt;</a>&nbsp;&nbsp;&nbsp;HAL_GetTick
</UL>
<BR>[Called By]<UL><LI><a href="#[10c]">&gt;&gt;</a>&nbsp;&nbsp;&nbsp;adc_read
</UL>

<P><STRONG><a name="[b1]"></a>HAL_ADC_Start</STRONG> (Thumb, 220 bytes, Stack size 16 bytes, .\build\stm32l4xx_hal_adc.o(.text.HAL_ADC_Start))
<BR><BR>[Stack]<UL><LI>Max Depth = 48<LI>Call Chain = HAL_ADC_Start &rArr; ADC_Enable &rArr; HAL_GetTick &rArr; core_util_critical_section_exit &rArr; hal_critical_section_exit &rArr;  mbed_assert_internal (Cycle)
</UL>
<BR>[Calls]<UL><LI><a href="#[ab]">&gt;&gt;</a>&nbsp;&nbsp;&nbsp;ADC_Enable
</UL>
<BR>[Called By]<UL><LI><a href="#[10c]">&gt;&gt;</a>&nbsp;&nbsp;&nbsp;adc_read
</UL>

<P><STRONG><a name="[aa]"></a>HAL_GetTick</STRONG> (Thumb, 156 bytes, Stack size 8 bytes, .\build\hal_tick_overrides.o(.text.HAL_GetTick))
<BR><BR>[Stack]<UL><LI>Max Depth = 16<LI>Call Chain = HAL_GetTick &rArr; core_util_critical_section_exit &rArr; hal_critical_section_exit &rArr;  mbed_assert_internal (Cycle)
</UL>
<BR>[Calls]<UL><LI><a href="#[b3]">&gt;&gt;</a>&nbsp;&nbsp;&nbsp;core_util_critical_section_exit
<LI><a href="#[b2]">&gt;&gt;</a>&nbsp;&nbsp;&nbsp;core_util_critical_section_enter
</UL>
<BR>[Called By]<UL><LI><a href="#[b0]">&gt;&gt;</a>&nbsp;&nbsp;&nbsp;HAL_ADC_PollForConversion
<LI><a href="#[be]">&gt;&gt;</a>&nbsp;&nbsp;&nbsp;HAL_RCCEx_PeriphCLKConfig
<LI><a href="#[c2]">&gt;&gt;</a>&nbsp;&nbsp;&nbsp;HAL_RCC_OscConfig
<LI><a href="#[c1]">&gt;&gt;</a>&nbsp;&nbsp;&nbsp;HAL_RCC_ClockConfig
<LI><a href="#[ab]">&gt;&gt;</a>&nbsp;&nbsp;&nbsp;ADC_Enable
<LI><a href="#[a9]">&gt;&gt;</a>&nbsp;&nbsp;&nbsp;ADC_Disable
<LI><a href="#[c0]">&gt;&gt;</a>&nbsp;&nbsp;&nbsp;RCCEx_PLLSAI2_Config
<LI><a href="#[bf]">&gt;&gt;</a>&nbsp;&nbsp;&nbsp;RCCEx_PLLSAI1_Config
<LI><a href="#[cd]">&gt;&gt;</a>&nbsp;&nbsp;&nbsp;UART_CheckIdleState
</UL>

<P><STRONG><a name="[b4]"></a>HAL_Init</STRONG> (Thumb, 30 bytes, Stack size 8 bytes, .\build\stm32l4xx_hal.o(.text.HAL_Init))
<BR><BR>[Stack]<UL><LI>Max Depth = 72<LI>Call Chain = HAL_Init &rArr; HAL_InitTick &rArr; init_32bit_timer &rArr; HAL_TIM_OC_Init &rArr; TIM_Base_SetConfig
</UL>
<BR>[Calls]<UL><LI><a href="#[b6]">&gt;&gt;</a>&nbsp;&nbsp;&nbsp;HAL_InitTick
<LI><a href="#[b7]">&gt;&gt;</a>&nbsp;&nbsp;&nbsp;HAL_MspInit
<LI><a href="#[b5]">&gt;&gt;</a>&nbsp;&nbsp;&nbsp;HAL_NVIC_SetPriorityGrouping
</UL>
<BR>[Called By]<UL><LI><a href="#[a4]">&gt;&gt;</a>&nbsp;&nbsp;&nbsp;mbed_sdk_init
</UL>

<P><STRONG><a name="[b6]"></a>HAL_InitTick</STRONG> (Thumb, 10 bytes, Stack size 8 bytes, .\build\hal_tick_overrides.o(.text.HAL_InitTick))
<BR><BR>[Stack]<UL><LI>Max Depth = 64<LI>Call Chain = HAL_InitTick &rArr; init_32bit_timer &rArr; HAL_TIM_OC_Init &rArr; TIM_Base_SetConfig
</UL>
<BR>[Calls]<UL><LI><a href="#[b8]">&gt;&gt;</a>&nbsp;&nbsp;&nbsp;init_32bit_timer
</UL>
<BR>[Called By]<UL><LI><a href="#[c2]">&gt;&gt;</a>&nbsp;&nbsp;&nbsp;HAL_RCC_OscConfig
<LI><a href="#[b4]">&gt;&gt;</a>&nbsp;&nbsp;&nbsp;HAL_Init
<LI><a href="#[c1]">&gt;&gt;</a>&nbsp;&nbsp;&nbsp;HAL_RCC_ClockConfig
</UL>

<P><STRONG><a name="[12d]"></a>HAL_LPTIM_Counter_Start</STRONG> (Thumb, 152 bytes, Stack size 8 bytes, .\build\stm32l4xx_hal_lptim.o(.text.HAL_LPTIM_Counter_Start))
<BR><BR>[Stack]<UL><LI>Max Depth = 8<LI>Call Chain = HAL_LPTIM_Counter_Start
</UL>
<BR>[Called By]<UL><LI><a href="#[74]">&gt;&gt;</a>&nbsp;&nbsp;&nbsp;lp_ticker_init
</UL>

<P><STRONG><a name="[b9]"></a>HAL_LPTIM_Init</STRONG> (Thumb, 212 bytes, Stack size 24 bytes, .\build\stm32l4xx_hal_lptim.o(.text.HAL_LPTIM_Init))
<BR><BR>[Stack]<UL><LI>Max Depth = 24<LI>Call Chain = HAL_LPTIM_Init
</UL>
<BR>[Calls]<UL><LI><a href="#[ba]">&gt;&gt;</a>&nbsp;&nbsp;&nbsp;HAL_LPTIM_MspInit
</UL>
<BR>[Called By]<UL><LI><a href="#[74]">&gt;&gt;</a>&nbsp;&nbsp;&nbsp;lp_ticker_init
</UL>

<P><STRONG><a name="[ba]"></a>HAL_LPTIM_MspInit</STRONG> (Thumb, 2 bytes, Stack size 0 bytes, .\build\stm32l4xx_hal_lptim.o(.text.HAL_LPTIM_MspInit))
<BR><BR>[Called By]<UL><LI><a href="#[b9]">&gt;&gt;</a>&nbsp;&nbsp;&nbsp;HAL_LPTIM_Init
</UL>

<P><STRONG><a name="[b7]"></a>HAL_MspInit</STRONG> (Thumb, 2 bytes, Stack size 0 bytes, .\build\stm32l4xx_hal.o(.text.HAL_MspInit))
<BR><BR>[Called By]<UL><LI><a href="#[b4]">&gt;&gt;</a>&nbsp;&nbsp;&nbsp;HAL_Init
</UL>

<P><STRONG><a name="[b5]"></a>HAL_NVIC_SetPriorityGrouping</STRONG> (Thumb, 32 bytes, Stack size 0 bytes, .\build\stm32l4xx_hal_cortex.o(.text.HAL_NVIC_SetPriorityGrouping))
<BR><BR>[Called By]<UL><LI><a href="#[b4]">&gt;&gt;</a>&nbsp;&nbsp;&nbsp;HAL_Init
</UL>

<P><STRONG><a name="[bd]"></a>HAL_PWREx_DisableLowPowerRunMode</STRONG> (Thumb, 88 bytes, Stack size 0 bytes, .\build\stm32l4xx_hal_pwr_ex.o(.text.HAL_PWREx_DisableLowPowerRunMode))
<BR><BR>[Called By]<UL><LI><a href="#[bb]">&gt;&gt;</a>&nbsp;&nbsp;&nbsp;HAL_PWR_EnterSLEEPMode
</UL>

<P><STRONG><a name="[bc]"></a>HAL_PWREx_EnableLowPowerRunMode</STRONG> (Thumb, 18 bytes, Stack size 0 bytes, .\build\stm32l4xx_hal_pwr_ex.o(.text.HAL_PWREx_EnableLowPowerRunMode))
<BR><BR>[Called By]<UL><LI><a href="#[bb]">&gt;&gt;</a>&nbsp;&nbsp;&nbsp;HAL_PWR_EnterSLEEPMode
</UL>

<P><STRONG><a name="[d6]"></a>HAL_PWREx_EnableVddIO2</STRONG> (Thumb, 18 bytes, Stack size 0 bytes, .\build\stm32l4xx_hal_pwr_ex.o(.text.HAL_PWREx_EnableVddIO2))
<BR><BR>[Called By]<UL><LI><a href="#[d5]">&gt;&gt;</a>&nbsp;&nbsp;&nbsp;Set_GPIO_Clock
</UL>

<P><STRONG><a name="[c3]"></a>HAL_PWREx_GetVoltageRange</STRONG> (Thumb, 16 bytes, Stack size 0 bytes, .\build\stm32l4xx_hal_pwr_ex.o(.text.HAL_PWREx_GetVoltageRange))
<BR><BR>[Called By]<UL><LI><a href="#[c2]">&gt;&gt;</a>&nbsp;&nbsp;&nbsp;HAL_RCC_OscConfig
</UL>

<P><STRONG><a name="[139]"></a>HAL_PWR_EnableBkUpAccess</STRONG> (Thumb, 18 bytes, Stack size 0 bytes, .\build\stm32l4xx_hal_pwr.o(.text.HAL_PWR_EnableBkUpAccess))
<BR><BR>[Called By]<UL><LI><a href="#[a4]">&gt;&gt;</a>&nbsp;&nbsp;&nbsp;mbed_sdk_init
</UL>

<P><STRONG><a name="[bb]"></a>HAL_PWR_EnterSLEEPMode</STRONG> (Thumb, 72 bytes, Stack size 8 bytes, .\build\stm32l4xx_hal_pwr.o(.text.HAL_PWR_EnterSLEEPMode))
<BR><BR>[Stack]<UL><LI>Max Depth = 8<LI>Call Chain = HAL_PWR_EnterSLEEPMode
</UL>
<BR>[Calls]<UL><LI><a href="#[bc]">&gt;&gt;</a>&nbsp;&nbsp;&nbsp;HAL_PWREx_EnableLowPowerRunMode
<LI><a href="#[bd]">&gt;&gt;</a>&nbsp;&nbsp;&nbsp;HAL_PWREx_DisableLowPowerRunMode
</UL>
<BR>[Called By]<UL><LI><a href="#[123]">&gt;&gt;</a>&nbsp;&nbsp;&nbsp;hal_sleep
</UL>

<P><STRONG><a name="[d4]"></a>HAL_RCCEx_EnableMSIPLLMode</STRONG> (Thumb, 18 bytes, Stack size 0 bytes, .\build\stm32l4xx_hal_rcc_ex.o(.text.HAL_RCCEx_EnableMSIPLLMode))
<BR><BR>[Called By]<UL><LI><a href="#[d1]">&gt;&gt;</a>&nbsp;&nbsp;&nbsp;SetSysClock_PLL_MSI
</UL>

<P><STRONG><a name="[be]"></a>HAL_RCCEx_PeriphCLKConfig</STRONG> (Thumb, 944 bytes, Stack size 40 bytes, .\build\stm32l4xx_hal_rcc_ex.o(.text.HAL_RCCEx_PeriphCLKConfig))
<BR><BR>[Stack]<UL><LI>Max Depth = 80<LI>Call Chain = HAL_RCCEx_PeriphCLKConfig &rArr; RCCEx_PLLSAI2_Config &rArr; HAL_GetTick &rArr; core_util_critical_section_exit &rArr; hal_critical_section_exit &rArr;  mbed_assert_internal (Cycle)
</UL>
<BR>[Calls]<UL><LI><a href="#[aa]">&gt;&gt;</a>&nbsp;&nbsp;&nbsp;HAL_GetTick
<LI><a href="#[c0]">&gt;&gt;</a>&nbsp;&nbsp;&nbsp;RCCEx_PLLSAI2_Config
<LI><a href="#[bf]">&gt;&gt;</a>&nbsp;&nbsp;&nbsp;RCCEx_PLLSAI1_Config
</UL>
<BR>[Called By]<UL><LI><a href="#[74]">&gt;&gt;</a>&nbsp;&nbsp;&nbsp;lp_ticker_init
<LI><a href="#[e3]">&gt;&gt;</a>&nbsp;&nbsp;&nbsp;serial_baud
</UL>

<P><STRONG><a name="[c1]"></a>HAL_RCC_ClockConfig</STRONG> (Thumb, 530 bytes, Stack size 32 bytes, .\build\stm32l4xx_hal_rcc.o(.text.HAL_RCC_ClockConfig))
<BR><BR>[Stack]<UL><LI>Max Depth = 96<LI>Call Chain = HAL_RCC_ClockConfig &rArr; HAL_InitTick &rArr; init_32bit_timer &rArr; HAL_TIM_OC_Init &rArr; TIM_Base_SetConfig
</UL>
<BR>[Calls]<UL><LI><a href="#[aa]">&gt;&gt;</a>&nbsp;&nbsp;&nbsp;HAL_GetTick
<LI><a href="#[b6]">&gt;&gt;</a>&nbsp;&nbsp;&nbsp;HAL_InitTick
</UL>
<BR>[Called By]<UL><LI><a href="#[d1]">&gt;&gt;</a>&nbsp;&nbsp;&nbsp;SetSysClock_PLL_MSI
</UL>

<P><STRONG><a name="[124]"></a>HAL_RCC_GetClockConfig</STRONG> (Thumb, 66 bytes, Stack size 0 bytes, .\build\stm32l4xx_hal_rcc.o(.text.HAL_RCC_GetClockConfig))
<BR><BR>[Called By]<UL><LI><a href="#[b8]">&gt;&gt;</a>&nbsp;&nbsp;&nbsp;init_32bit_timer
<LI><a href="#[13c]">&gt;&gt;</a>&nbsp;&nbsp;&nbsp;pwmout_period_us
</UL>

<P><STRONG><a name="[d7]"></a>HAL_RCC_GetPCLK1Freq</STRONG> (Thumb, 42 bytes, Stack size 0 bytes, .\build\stm32l4xx_hal_rcc.o(.text.HAL_RCC_GetPCLK1Freq))
<BR><BR>[Called By]<UL><LI><a href="#[b8]">&gt;&gt;</a>&nbsp;&nbsp;&nbsp;init_32bit_timer
<LI><a href="#[13c]">&gt;&gt;</a>&nbsp;&nbsp;&nbsp;pwmout_period_us
<LI><a href="#[cb]">&gt;&gt;</a>&nbsp;&nbsp;&nbsp;UART_SetConfig
</UL>

<P><STRONG><a name="[d9]"></a>HAL_RCC_GetPCLK2Freq</STRONG> (Thumb, 42 bytes, Stack size 0 bytes, .\build\stm32l4xx_hal_rcc.o(.text.HAL_RCC_GetPCLK2Freq))
<BR><BR>[Called By]<UL><LI><a href="#[13c]">&gt;&gt;</a>&nbsp;&nbsp;&nbsp;pwmout_period_us
<LI><a href="#[cb]">&gt;&gt;</a>&nbsp;&nbsp;&nbsp;UART_SetConfig
</UL>

<P><STRONG><a name="[d8]"></a>HAL_RCC_GetSysClockFreq</STRONG> (Thumb, 192 bytes, Stack size 0 bytes, .\build\stm32l4xx_hal_rcc.o(.text.HAL_RCC_GetSysClockFreq))
<BR><BR>[Called By]<UL><LI><a href="#[cb]">&gt;&gt;</a>&nbsp;&nbsp;&nbsp;UART_SetConfig
</UL>

<P><STRONG><a name="[c2]"></a>HAL_RCC_OscConfig</STRONG> (Thumb, 1862 bytes, Stack size 40 bytes, .\build\stm32l4xx_hal_rcc.o(.text.HAL_RCC_OscConfig))
<BR><BR>[Stack]<UL><LI>Max Depth = 104<LI>Call Chain = HAL_RCC_OscConfig &rArr; HAL_InitTick &rArr; init_32bit_timer &rArr; HAL_TIM_OC_Init &rArr; TIM_Base_SetConfig
</UL>
<BR>[Calls]<UL><LI><a href="#[aa]">&gt;&gt;</a>&nbsp;&nbsp;&nbsp;HAL_GetTick
<LI><a href="#[b6]">&gt;&gt;</a>&nbsp;&nbsp;&nbsp;HAL_InitTick
<LI><a href="#[c3]">&gt;&gt;</a>&nbsp;&nbsp;&nbsp;HAL_PWREx_GetVoltageRange
</UL>
<BR>[Called By]<UL><LI><a href="#[74]">&gt;&gt;</a>&nbsp;&nbsp;&nbsp;lp_ticker_init
<LI><a href="#[e3]">&gt;&gt;</a>&nbsp;&nbsp;&nbsp;serial_baud
<LI><a href="#[d1]">&gt;&gt;</a>&nbsp;&nbsp;&nbsp;SetSysClock_PLL_MSI
</UL>

<P><STRONG><a name="[13e]"></a>HAL_TIMEx_PWMN_Start</STRONG> (Thumb, 232 bytes, Stack size 0 bytes, .\build\stm32l4xx_hal_tim_ex.o(.text.HAL_TIMEx_PWMN_Start))
<BR><BR>[Called By]<UL><LI><a href="#[f5]">&gt;&gt;</a>&nbsp;&nbsp;&nbsp;pwmout_write
</UL>

<P><STRONG><a name="[c4]"></a>HAL_TIM_OC_Init</STRONG> (Thumb, 98 bytes, Stack size 8 bytes, .\build\stm32l4xx_hal_tim.o(.text.HAL_TIM_OC_Init))
<BR><BR>[Stack]<UL><LI>Max Depth = 16<LI>Call Chain = HAL_TIM_OC_Init &rArr; TIM_Base_SetConfig
</UL>
<BR>[Calls]<UL><LI><a href="#[c5]">&gt;&gt;</a>&nbsp;&nbsp;&nbsp;HAL_TIM_OC_MspInit
<LI><a href="#[c6]">&gt;&gt;</a>&nbsp;&nbsp;&nbsp;TIM_Base_SetConfig
</UL>
<BR>[Called By]<UL><LI><a href="#[b8]">&gt;&gt;</a>&nbsp;&nbsp;&nbsp;init_32bit_timer
</UL>

<P><STRONG><a name="[c5]"></a>HAL_TIM_OC_MspInit</STRONG> (Thumb, 2 bytes, Stack size 0 bytes, .\build\stm32l4xx_hal_tim.o(.text.HAL_TIM_OC_MspInit))
<BR><BR>[Called By]<UL><LI><a href="#[c4]">&gt;&gt;</a>&nbsp;&nbsp;&nbsp;HAL_TIM_OC_Init
</UL>

<P><STRONG><a name="[125]"></a>HAL_TIM_OC_Start</STRONG> (Thumb, 402 bytes, Stack size 8 bytes, .\build\stm32l4xx_hal_tim.o(.text.HAL_TIM_OC_Start))
<BR><BR>[Stack]<UL><LI>Max Depth = 8<LI>Call Chain = HAL_TIM_OC_Start
</UL>
<BR>[Called By]<UL><LI><a href="#[b8]">&gt;&gt;</a>&nbsp;&nbsp;&nbsp;init_32bit_timer
<LI><a href="#[7c]">&gt;&gt;</a>&nbsp;&nbsp;&nbsp;us_ticker_init
</UL>

<P><STRONG><a name="[13d]"></a>HAL_TIM_PWM_ConfigChannel</STRONG> (Thumb, 902 bytes, Stack size 24 bytes, .\build\stm32l4xx_hal_tim.o(.text.HAL_TIM_PWM_ConfigChannel))
<BR><BR>[Stack]<UL><LI>Max Depth = 24<LI>Call Chain = HAL_TIM_PWM_ConfigChannel
</UL>
<BR>[Called By]<UL><LI><a href="#[f5]">&gt;&gt;</a>&nbsp;&nbsp;&nbsp;pwmout_write
</UL>

<P><STRONG><a name="[c7]"></a>HAL_TIM_PWM_Init</STRONG> (Thumb, 98 bytes, Stack size 8 bytes, .\build\stm32l4xx_hal_tim.o(.text.HAL_TIM_PWM_Init))
<BR><BR>[Stack]<UL><LI>Max Depth = 16<LI>Call Chain = HAL_TIM_PWM_Init &rArr; TIM_Base_SetConfig
</UL>
<BR>[Calls]<UL><LI><a href="#[c8]">&gt;&gt;</a>&nbsp;&nbsp;&nbsp;HAL_TIM_PWM_MspInit
<LI><a href="#[c6]">&gt;&gt;</a>&nbsp;&nbsp;&nbsp;TIM_Base_SetConfig
</UL>
<BR>[Called By]<UL><LI><a href="#[13c]">&gt;&gt;</a>&nbsp;&nbsp;&nbsp;pwmout_period_us
</UL>

<P><STRONG><a name="[c8]"></a>HAL_TIM_PWM_MspInit</STRONG> (Thumb, 2 bytes, Stack size 0 bytes, .\build\stm32l4xx_hal_tim.o(.text.HAL_TIM_PWM_MspInit))
<BR><BR>[Called By]<UL><LI><a href="#[c7]">&gt;&gt;</a>&nbsp;&nbsp;&nbsp;HAL_TIM_PWM_Init
</UL>

[...]
<BR><BR>[Stack]<UL><LI>Max Depth = 880<LI>Call Chain = ticker_remove_event &rArr; schedule_interrupt &rArr; mbed_assert_internal &rArr; mbed_error &rArr; print_error_report &rArr; mbed_error_printf &rArr; mbed_error_puts &rArr; write &rArr; mbed::minimal_console_putc(int) &rArr; do_serial_init_once() &rArr;  mbed_assert_internal (Cycle)
</UL>
<BR>[Calls]<UL><LI><a href="#[b3]">&gt;&gt;</a>&nbsp;&nbsp;&nbsp;core_util_critical_section_exit
<LI><a href="#[b2]">&gt;&gt;</a>&nbsp;&nbsp;&nbsp;core_util_critical_section_enter
<LI><a href="#[12b]">&gt;&gt;</a>&nbsp;&nbsp;&nbsp;schedule_interrupt
</UL>
<BR>[Called By]<UL><LI><a href="#[e6]">&gt;&gt;</a>&nbsp;&nbsp;&nbsp;mbed::TimerEvent::remove()
</UL>

<P><STRONG><a name="[e9]"></a>ticker_set_handler</STRONG> (Thumb, 26 bytes, Stack size 16 bytes, .\build\mbed_ticker_api.o(.text.ticker_set_handler))
<BR><BR>[Stack]<UL><LI>Max Depth = 912<LI>Call Chain = ticker_set_handler &rArr; initialize &rArr; schedule_interrupt &rArr; mbed_assert_internal &rArr; mbed_error &rArr; print_error_report &rArr; mbed_error_printf &rArr; mbed_error_puts &rArr; write &rArr; mbed::minimal_console_putc(int) &rArr; do_serial_init_once() &rArr;  mbed_assert_internal (Cycle)
</UL>
<BR>[Calls]<UL><LI><a href="#[b3]">&gt;&gt;</a>&nbsp;&nbsp;&nbsp;core_util_critical_section_exit
<LI><a href="#[b2]">&gt;&gt;</a>&nbsp;&nbsp;&nbsp;core_util_critical_section_enter
<LI><a href="#[12a]">&gt;&gt;</a>&nbsp;&nbsp;&nbsp;initialize
</UL>
<BR>[Called By]<UL><LI><a href="#[e8]">&gt;&gt;</a>&nbsp;&nbsp;&nbsp;mbed::TimerEvent::TimerEvent__sub_object(ticker_data_t const*)
</UL>

<P><STRONG><a name="[67]"></a>timer_irq_handler</STRONG> (Thumb, 48 bytes, Stack size 0 bytes, .\build\us_ticker.o(.text.timer_irq_handler))
<BR><BR>[Calls]<UL><LI><a href="#[144]">&gt;&gt;</a>&nbsp;&nbsp;&nbsp;us_ticker_irq_handler
</UL>
<BR>[Address Reference Count : 1]<UL><LI> us_ticker.o(.text.init_32bit_timer)
</UL>
<P><STRONG><a name="[7f]"></a>us_ticker_clear_interrupt</STRONG> (Thumb, 18 bytes, Stack size 0 bytes, .\build\us_ticker.o(.text.us_ticker_clear_interrupt))
<BR>[Address Reference Count : 1]<UL><LI> mbed_us_ticker_api.o(.rodata.us_interface)
</UL>
<P><STRONG><a name="[7e]"></a>us_ticker_disable_interrupt</STRONG> (Thumb, 20 bytes, Stack size 0 bytes, .\build\us_ticker.o(.text.us_ticker_disable_interrupt))
<BR>[Address Reference Count : 1]<UL><LI> mbed_us_ticker_api.o(.rodata.us_interface)
</UL>
<P><STRONG><a name="[81]"></a>us_ticker_fire_interrupt</STRONG> (Thumb, 34 bytes, Stack size 0 bytes, .\build\us_ticker.o(.text.us_ticker_fire_interrupt))
<BR>[Address Reference Count : 1]<UL><LI> mbed_us_ticker_api.o(.rodata.us_interface)
</UL>
<P><STRONG><a name="[83]"></a>us_ticker_get_info</STRONG> (Thumb, 10 bytes, Stack size 0 bytes, .\build\us_ticker.o(.text.us_ticker_get_info))
<BR>[Address Reference Count : 1]<UL><LI> mbed_us_ticker_api.o(.rodata.us_interface)
</UL>
<P><STRONG><a name="[7c]"></a>us_ticker_init</STRONG> (Thumb, 24 bytes, Stack size 0 bytes, .\build\us_ticker.o(.text.us_ticker_init))
<BR><BR>[Stack]<UL><LI>Max Depth = 8<LI>Call Chain = us_ticker_init &rArr; HAL_TIM_OC_Start
</UL>
<BR>[Calls]<UL><LI><a href="#[125]">&gt;&gt;</a>&nbsp;&nbsp;&nbsp;HAL_TIM_OC_Start
</UL>
<BR>[Called By]<UL><LI><a href="#[5b]">&gt;&gt;</a>&nbsp;&nbsp;&nbsp;main
</UL>
<BR>[Address Reference Count : 1]<UL><LI> mbed_us_ticker_api.o(.rodata.us_interface)
</UL>
<P><STRONG><a name="[144]"></a>us_ticker_irq_handler</STRONG> (Thumb, 26 bytes, Stack size 0 bytes, .\build\mbed_us_ticker_api.o(.text.us_ticker_irq_handler))
<BR><BR>[Called By]<UL><LI><a href="#[67]">&gt;&gt;</a>&nbsp;&nbsp;&nbsp;timer_irq_handler
</UL>

<P><STRONG><a name="[7d]"></a>us_ticker_read</STRONG> (Thumb, 12 bytes, Stack size 0 bytes, .\build\us_ticker.o(.text.us_ticker_read))
<BR>[Address Reference Count : 1]<UL><LI> mbed_us_ticker_api.o(.rodata.us_interface)
</UL>
<P><STRONG><a name="[80]"></a>us_ticker_set_interrupt</STRONG> (Thumb, 28 bytes, Stack size 0 bytes, .\build\us_ticker.o(.text.us_ticker_set_interrupt))
<BR>[Address Reference Count : 1]<UL><LI> mbed_us_ticker_api.o(.rodata.us_interface)
</UL>
<P><STRONG><a name="[134]"></a>write</STRONG> (Thumb, 60 bytes, Stack size 16 bytes, .\build\mbed_retarget.o(.text.write))
<BR><BR>[Stack]<UL><LI>Max Depth = 544<LI>Call Chain = write &rArr; mbed::minimal_console_putc(int) &rArr; do_serial_init_once() &rArr;  mbed_assert_internal (Cycle)
</UL>
<BR>[Calls]<UL><LI><a href="#[f3]">&gt;&gt;</a>&nbsp;&nbsp;&nbsp;mbed::minimal_console_putc(int)
<LI><a href="#[10b]">&gt;&gt;</a>&nbsp;&nbsp;&nbsp;__aeabi_errno_addr
</UL>
<BR>[Called By]<UL><LI><a href="#[11a]">&gt;&gt;</a>&nbsp;&nbsp;&nbsp;mbed_error_puts
</UL>

<P><STRONG><a name="[10b]"></a>__aeabi_errno_addr</STRONG> (Thumb, 4 bytes, Stack size 0 bytes, C:\Keil_v5\ARM\ARMCLANG\Bin\..\lib\armlib\mc_w.l(errno.o)(i.__aeabi_errno_addr))
<BR><BR>[Called By]<UL><LI><a href="#[134]">&gt;&gt;</a>&nbsp;&nbsp;&nbsp;write
<LI><a href="#[91]">&gt;&gt;</a>&nbsp;&nbsp;&nbsp;_sys_write
</UL>

<P><STRONG><a name="[161]"></a>__rt_errno_addr</STRONG> (Thumb, 0 bytes, Stack size 0 bytes, C:\Keil_v5\ARM\ARMCLANG\Bin\..\lib\armlib\mc_w.l(errno.o)(i.__aeabi_errno_addr), UNUSED)

<P><STRONG><a name="[108]"></a>free</STRONG> (Thumb, 76 bytes, Stack size 8 bytes, C:\Keil_v5\ARM\ARMCLANG\Bin\..\lib\armlib\mc_w.l(malloc2.o)(i.__free$2region))
<BR><BR>[Stack]<UL><LI>Max Depth = 8<LI>Call Chain = free
</UL>
<BR>[Called By]<UL><LI><a href="#[ef]">&gt;&gt;</a>&nbsp;&nbsp;&nbsp;operator delete(void*, unsigned int)
</UL>

<P><STRONG><a name="[162]"></a>__scatterload_copy</STRONG> (Thumb, 14 bytes, Stack size unknown bytes, C:\Keil_v5\ARM\ARMCLANG\Bin\..\lib\armlib\mc_w.l(handlers.o)(i.__scatterload_copy), UNUSED)

<P><STRONG><a name="[163]"></a>__scatterload_null</STRONG> (Thumb, 2 bytes, Stack size unknown bytes, C:\Keil_v5\ARM\ARMCLANG\Bin\..\lib\armlib\mc_w.l(handlers.o)(i.__scatterload_null), UNUSED)

<P><STRONG><a name="[164]"></a>__scatterload_zeroinit</STRONG> (Thumb, 14 bytes, Stack size unknown bytes, C:\Keil_v5\ARM\ARMCLANG\Bin\..\lib\armlib\mc_w.l(handlers.o)(i.__scatterload_zeroinit), UNUSED)

<P><STRONG><a name="[11d]"></a>fflush</STRONG> (Thumb, 24 bytes, Stack size 8 bytes, C:\Keil_v5\ARM\ARMCLANG\Bin\..\lib\armlib\mc_w.l(fflush_f.o)(i._fflush$full))
<BR><BR>[Stack]<UL><LI>Max Depth = 8<LI>Call Chain = fflush
</UL>
<BR>[Calls]<UL><LI><a href="#[145]">&gt;&gt;</a>&nbsp;&nbsp;&nbsp;_sys_seek
</UL>
<BR>[Called By]<UL><LI><a href="#[11c]">&gt;&gt;</a>&nbsp;&nbsp;&nbsp;exit
</UL>
<P>
<H3>
Local Symbols
</H3>
<P><STRONG><a name="[84]"></a>_GLOBAL__sub_I_main.cpp</STRONG> (Thumb, 124 bytes, Stack size 8 bytes, .\build\main.o(.text._GLOBAL__sub_I_main.cpp))
<BR><BR>[Stack]<UL><LI>Max Depth = 880<LI>Call Chain = _GLOBAL__sub_I_main.cpp &rArr; mbed::AnalogIn::AnalogIn(PinName, float) &rArr; analogin_init &rArr; mbed_assert_internal &rArr; mbed_error &rArr; print_error_report &rArr; mbed_error_printf &rArr; mbed_error_puts &rArr; write &rArr; mbed::minimal_console_putc(int) &rArr; do_serial_init_once() &rArr;  mbed_assert_internal (Cycle)
</UL>
<BR>[Calls]<UL><LI><a href="#[dd]">&gt;&gt;</a>&nbsp;&nbsp;&nbsp;mbed::AnalogIn::AnalogIn(PinName, float)
<LI><a href="#[dc]">&gt;&gt;</a>&nbsp;&nbsp;&nbsp;mbed::InterruptIn::InterruptIn(PinName)
<LI><a href="#[db]">&gt;&gt;</a>&nbsp;&nbsp;&nbsp;gpio_init_out
<LI><a href="#[da]">&gt;&gt;</a>&nbsp;&nbsp;&nbsp;mbed::PwmOut::PwmOut(PinName)
</UL>
<BR>[Address Reference Count : 1]<UL><LI> main.o(.init_array)
</UL>
<P><STRONG><a name="[ac]"></a>can_irq</STRONG> (Thumb, 320 bytes, Stack size 16 bytes, .\build\can_api.o(.text.can_irq))
<BR><BR>[Stack]<UL><LI>Max Depth = 16<LI>Call Chain = can_irq
</UL>
<BR>[Called By]<UL><LI><a href="#[20]">&gt;&gt;</a>&nbsp;&nbsp;&nbsp;CAN1_SCE_IRQHandler
<LI><a href="#[1d]">&gt;&gt;</a>&nbsp;&nbsp;&nbsp;CAN1_TX_IRQHandler
<LI><a href="#[1e]">&gt;&gt;</a>&nbsp;&nbsp;&nbsp;CAN1_RX0_IRQHandler
</UL>

<P><STRONG><a name="[60]"></a>gpio_irq0</STRONG> (Thumb, 8 bytes, Stack size 0 bytes, .\build\gpio_irq_api.o(.text.gpio_irq0))
<BR><BR>[Stack]<UL><LI>Max Depth = 504<LI>Call Chain = gpio_irq0 &rArr; handle_interrupt_in &rArr; error &rArr;  print_error_report (Cycle)
</UL>
<BR>[Calls]<UL><LI><a href="#[122]">&gt;&gt;</a>&nbsp;&nbsp;&nbsp;handle_interrupt_in
</UL>
<BR>[Address Reference Count : 1]<UL><LI> gpio_irq_api.o(.text.gpio_irq_init)
</UL>
<P><STRONG><a name="[61]"></a>gpio_irq1</STRONG> (Thumb, 8 bytes, Stack size 0 bytes, .\build\gpio_irq_api.o(.text.gpio_irq1))
<BR><BR>[Stack]<UL><LI>Max Depth = 504<LI>Call Chain = gpio_irq1 &rArr; handle_interrupt_in &rArr; error &rArr;  print_error_report (Cycle)
</UL>
<BR>[Calls]<UL><LI><a href="#[122]">&gt;&gt;</a>&nbsp;&nbsp;&nbsp;handle_interrupt_in
</UL>
<BR>[Address Reference Count : 1]<UL><LI> gpio_irq_api.o(.text.gpio_irq_init)
</UL>
<P><STRONG><a name="[62]"></a>gpio_irq4</STRONG> (Thumb, 8 bytes, Stack size 0 bytes, .\build\gpio_irq_api.o(.text.gpio_irq4))
<BR><BR>[Stack]<UL><LI>Max Depth = 504<LI>Call Chain = gpio_irq4 &rArr; handle_interrupt_in &rArr; error &rArr;  print_error_report (Cycle)
</UL>
<BR>[Calls]<UL><LI><a href="#[122]">&gt;&gt;</a>&nbsp;&nbsp;&nbsp;handle_interrupt_in
</UL>
<BR>[Address Reference Count : 1]<UL><LI> gpio_irq_api.o(.text.gpio_irq_init)
</UL>
<P><STRONG><a name="[63]"></a>gpio_irq2</STRONG> (Thumb, 8 bytes, Stack size 0 bytes, .\build\gpio_irq_api.o(.text.gpio_irq2))
<BR><BR>[Stack]<UL><LI>Max Depth = 504<LI>Call Chain = gpio_irq2 &rArr; handle_interrupt_in &rArr; error &rArr;  print_error_report (Cycle)
</UL>
<BR>[Calls]<UL><LI><a href="#[122]">&gt;&gt;</a>&nbsp;&nbsp;&nbsp;handle_interrupt_in
</UL>
<BR>[Address Reference Count : 1]<UL><LI> gpio_irq_api.o(.text.gpio_irq_init)
</UL>
<P><STRONG><a name="[64]"></a>gpio_irq3</STRONG> (Thumb, 8 bytes, Stack size 0 bytes, .\build\gpio_irq_api.o(.text.gpio_irq3))
<BR><BR>[Stack]<UL><LI>Max Depth = 504<LI>Call Chain = gpio_irq3 &rArr; handle_interrupt_in &rArr; error &rArr;  print_error_report (Cycle)
</UL>
<BR>[Calls]<UL><LI><a href="#[122]">&gt;&gt;</a>&nbsp;&nbsp;&nbsp;handle_interrupt_in
</UL>
<BR>[Address Reference Count : 1]<UL><LI> gpio_irq_api.o(.text.gpio_irq_init)
</UL>
<P><STRONG><a name="[65]"></a>gpio_irq5</STRONG> (Thumb, 8 bytes, Stack size 0 bytes, .\build\gpio_irq_api.o(.text.gpio_irq5))
<BR><BR>[Stack]<UL><LI>Max Depth = 504<LI>Call Chain = gpio_irq5 &rArr; handle_interrupt_in &rArr; error &rArr;  print_error_report (Cycle)
</UL>
<BR>[Calls]<UL><LI><a href="#[122]">&gt;&gt;</a>&nbsp;&nbsp;&nbsp;handle_interrupt_in
</UL>
<BR>[Address Reference Count : 1]<UL><LI> gpio_irq_api.o(.text.gpio_irq_init)
</UL>
<P><STRONG><a name="[66]"></a>gpio_irq6</STRONG> (Thumb, 8 bytes, Stack size 0 bytes, .\build\gpio_irq_api.o(.text.gpio_irq6))
<BR><BR>[Stack]<UL><LI>Max Depth = 504<LI>Call Chain = gpio_irq6 &rArr; handle_interrupt_in &rArr; error &rArr;  print_error_report (Cycle)
</UL>
<BR>[Calls]<UL><LI><a href="#[122]">&gt;&gt;</a>&nbsp;&nbsp;&nbsp;handle_interrupt_in
</UL>
<BR>[Address Reference Count : 1]<UL><LI> gpio_irq_api.o(.text.gpio_irq_init)
</UL>
<P><STRONG><a name="[122]"></a>handle_interrupt_in</STRONG> (Thumb, 196 bytes, Stack size 40 bytes, .\build\gpio_irq_api.o(.text.handle_interrupt_in))
<BR><BR>[Stack]<UL><LI>Max Depth = 504<LI>Call Chain = handle_interrupt_in &rArr; error &rArr;  print_error_report (Cycle)
</UL>
<BR>[Calls]<UL><LI><a href="#[d2]">&gt;&gt;</a>&nbsp;&nbsp;&nbsp;error
</UL>
<BR>[Called By]<UL><LI><a href="#[66]">&gt;&gt;</a>&nbsp;&nbsp;&nbsp;gpio_irq6
<LI><a href="#[65]">&gt;&gt;</a>&nbsp;&nbsp;&nbsp;gpio_irq5
<LI><a href="#[64]">&gt;&gt;</a>&nbsp;&nbsp;&nbsp;gpio_irq3
<LI><a href="#[63]">&gt;&gt;</a>&nbsp;&nbsp;&nbsp;gpio_irq2
<LI><a href="#[62]">&gt;&gt;</a>&nbsp;&nbsp;&nbsp;gpio_irq4
<LI><a href="#[61]">&gt;&gt;</a>&nbsp;&nbsp;&nbsp;gpio_irq1
<LI><a href="#[60]">&gt;&gt;</a>&nbsp;&nbsp;&nbsp;gpio_irq0
</UL>

<P><STRONG><a name="[68]"></a>LPTIM_IRQHandler</STRONG> (Thumb, 320 bytes, Stack size 24 bytes, .\build\lp_ticker.o(.text.LPTIM_IRQHandler))
<BR><BR>[Stack]<UL><LI>Max Depth = 896<LI>Call Chain = LPTIM_IRQHandler &rArr; lp_ticker_set_interrupt &rArr; sleep_manager_lock_deep_sleep_internal &rArr; mbed_error &rArr; print_error_report &rArr; mbed_error_printf &rArr; mbed_error_puts &rArr; write &rArr; mbed::minimal_console_putc(int) &rArr; do_serial_init_once() &rArr;  mbed_assert_internal (Cycle)
</UL>
<BR>[Calls]<UL><LI><a href="#[b3]">&gt;&gt;</a>&nbsp;&nbsp;&nbsp;core_util_critical_section_exit
<LI><a href="#[b2]">&gt;&gt;</a>&nbsp;&nbsp;&nbsp;core_util_critical_section_enter
<LI><a href="#[cf]">&gt;&gt;</a>&nbsp;&nbsp;&nbsp;sleep_manager_unlock_deep_sleep_internal
<LI><a href="#[79]">&gt;&gt;</a>&nbsp;&nbsp;&nbsp;lp_ticker_fire_interrupt
<LI><a href="#[78]">&gt;&gt;</a>&nbsp;&nbsp;&nbsp;lp_ticker_set_interrupt
<LI><a href="#[ce]">&gt;&gt;</a>&nbsp;&nbsp;&nbsp;lp_ticker_irq_handler
</UL>
<BR>[Address Reference Count : 1]<UL><LI> lp_ticker.o(.text.lp_ticker_init)
</UL>
<P><STRONG><a name="[118]"></a>print_error_report</STRONG> (Thumb, 264 bytes, Stack size 24 bytes, .\build\mbed_error.o(.text.print_error_report))
<BR><BR>[Stack]<UL><LI>Max Depth = 752<LI>Call Chain = print_error_report &rArr; mbed_error_printf &rArr; mbed_error_puts &rArr; write &rArr; mbed::minimal_console_putc(int) &rArr; do_serial_init_once() &rArr;  mbed_assert_internal (Cycle)
</UL>
<BR>[Calls]<UL><LI><a href="#[11a]">&gt;&gt;</a>&nbsp;&nbsp;&nbsp;mbed_error_puts
<LI><a href="#[132]">&gt;&gt;</a>&nbsp;&nbsp;&nbsp;mbed_error_printf
</UL>
<BR>[Called By]<UL><LI><a href="#[12c]">&gt;&gt;</a>&nbsp;&nbsp;&nbsp;mbed_error
<LI><a href="#[d2]">&gt;&gt;</a>&nbsp;&nbsp;&nbsp;error
</UL>

<P><STRONG><a name="[11b]"></a>mbed_halt_system</STRONG> (Thumb, 68 bytes, Stack size 0 bytes, .\build\mbed_error.o(.text.mbed_halt_system))
<BR><BR>[Stack]<UL><LI>Max Depth = 112<LI>Call Chain = mbed_halt_system &rArr; exit &rArr; mbed_die &rArr; gpio_init_out &rArr; gpio_init &rArr; pin_function &rArr;  mbed_assert_internal (Cycle)
</UL>
<BR>[Calls]<UL><LI><a href="#[b2]">&gt;&gt;</a>&nbsp;&nbsp;&nbsp;core_util_critical_section_enter
<LI><a href="#[11c]">&gt;&gt;</a>&nbsp;&nbsp;&nbsp;exit
<LI><a href="#[135]">&gt;&gt;</a>&nbsp;&nbsp;&nbsp;core_util_is_isr_active
<LI><a href="#[136]">&gt;&gt;</a>&nbsp;&nbsp;&nbsp;core_util_are_interrupts_enabled
<LI><a href="#[11e]">&gt;&gt;</a>&nbsp;&nbsp;&nbsp;mbed_die
</UL>
<BR>[Called By]<UL><LI><a href="#[d2]">&gt;&gt;</a>&nbsp;&nbsp;&nbsp;error
</UL>

<P><STRONG><a name="[133]"></a>system_reset</STRONG> (Thumb, 4 bytes, Stack size 0 bytes, .\build\mbed_error.o(.text.system_reset))
<BR><BR>[Calls]<UL><LI><a href="#[143]">&gt;&gt;</a>&nbsp;&nbsp;&nbsp;__NVIC_SystemReset
</UL>
<BR>[Called By]<UL><LI><a href="#[12c]">&gt;&gt;</a>&nbsp;&nbsp;&nbsp;mbed_error
</UL>

<P><STRONG><a name="[143]"></a>__NVIC_SystemReset</STRONG> (Thumb, 36 bytes, Stack size 0 bytes, .\build\mbed_error.o(.text.__NVIC_SystemReset))
<BR><BR>[Called By]<UL><LI><a href="#[133]">&gt;&gt;</a>&nbsp;&nbsp;&nbsp;system_reset
</UL>

<P><STRONG><a name="[137]"></a>mbed_minimal_formatted_string_integer</STRONG> (Thumb, 552 bytes, Stack size 72 bytes, .\build\mbed_printf_implementation.o(.text.mbed_minimal_formatted_string_integer))
<BR><BR>[Stack]<UL><LI>Max Depth = 136<LI>Call Chain = mbed_minimal_formatted_string_integer &rArr; fputc &rArr; _sys_write &rArr;  mbed::minimal_console_putc(int) (Cycle)
</UL>
<BR>[Calls]<UL><LI><a href="#[90]">&gt;&gt;</a>&nbsp;&nbsp;&nbsp;fputc
</UL>
<BR>[Called By]<UL><LI><a href="#[a3]">&gt;&gt;</a>&nbsp;&nbsp;&nbsp;mbed_minimal_formatted_string
</UL>

<P><STRONG><a name="[e0]"></a>do_serial_init_once()</STRONG> (Thumb, 166 bytes, Stack size 16 bytes, .\build\mbed_retarget.o(.text._ZL19do_serial_init_oncev))
<BR><BR>[Stack]<UL><LI>Max Depth = 520 + In Cycle
<LI>Call Chain = do_serial_init_once() &rArr;  mbed_assert_internal (Cycle)
</UL>
<BR>[Calls]<UL><LI><a href="#[e1]">&gt;&gt;</a>&nbsp;&nbsp;&nbsp;mbed_assert_internal
<LI><a href="#[e3]">&gt;&gt;</a>&nbsp;&nbsp;&nbsp;serial_baud
<LI><a href="#[e2]">&gt;&gt;</a>&nbsp;&nbsp;&nbsp;serial_init_direct
</UL>
<BR>[Called By]<UL><LI><a href="#[f3]">&gt;&gt;</a>&nbsp;&nbsp;&nbsp;mbed::minimal_console_putc(int)
</UL>

<P><STRONG><a name="[12a]"></a>initialize</STRONG> (Thumb, 420 bytes, Stack size 32 bytes, .\build\mbed_ticker_api.o(.text.initialize))
<BR><BR>[Stack]<UL><LI>Max Depth = 896<LI>Call Chain = initialize &rArr; schedule_interrupt &rArr; mbed_assert_internal &rArr; mbed_error &rArr; print_error_report &rArr; mbed_error_printf &rArr; mbed_error_puts &rArr; write &rArr; mbed::minimal_console_putc(int) &rArr; do_serial_init_once() &rArr;  mbed_assert_internal (Cycle)
</UL>
<BR>[Calls]<UL><LI><a href="#[12c]">&gt;&gt;</a>&nbsp;&nbsp;&nbsp;mbed_error
<LI><a href="#[12b]">&gt;&gt;</a>&nbsp;&nbsp;&nbsp;schedule_interrupt
<LI><a href="#[92]">&gt;&gt;</a>&nbsp;&nbsp;&nbsp;__aeabi_uldivmod
</UL>
<BR>[Called By]<UL><LI><a href="#[106]">&gt;&gt;</a>&nbsp;&nbsp;&nbsp;ticker_read_us
<LI><a href="#[e9]">&gt;&gt;</a>&nbsp;&nbsp;&nbsp;ticker_set_handler
</UL>

<P><STRONG><a name="[12b]"></a>schedule_interrupt</STRONG> (Thumb, 416 bytes, Stack size 32 bytes, .\build\mbed_ticker_api.o(.text.schedule_interrupt))
<BR><BR>[Stack]<UL><LI>Max Depth = 864<LI>Call Chain = schedule_interrupt &rArr; mbed_assert_internal &rArr; mbed_error &rArr; print_error_report &rArr; mbed_error_printf &rArr; mbed_error_puts &rArr; write &rArr; mbed::minimal_console_putc(int) &rArr; do_serial_init_once() &rArr;  mbed_assert_internal (Cycle)
</UL>
<BR>[Calls]<UL><LI><a href="#[e1]">&gt;&gt;</a>&nbsp;&nbsp;&nbsp;mbed_assert_internal
<LI><a href="#[92]">&gt;&gt;</a>&nbsp;&nbsp;&nbsp;__aeabi_uldivmod
</UL>
<BR>[Called By]<UL><LI><a href="#[e7]">&gt;&gt;</a>&nbsp;&nbsp;&nbsp;ticker_remove_event
<LI><a href="#[e5]">&gt;&gt;</a>&nbsp;&nbsp;&nbsp;ticker_insert_event_us
<LI><a href="#[12a]">&gt;&gt;</a>&nbsp;&nbsp;&nbsp;initialize
<LI><a href="#[85]">&gt;&gt;</a>&nbsp;&nbsp;&nbsp;ticker_irq_handler
</UL>

<P><STRONG><a name="[82]"></a>block_us_ticker_free</STRONG> (Thumb, 2 bytes, Stack size 0 bytes, .\build\mbed_us_ticker_api.o(.text.block_us_ticker_free))
<BR>[Address Reference Count : 1]<UL><LI> mbed_us_ticker_api.o(.rodata.us_interface)
</UL>
<P><STRONG><a name="[116]"></a>debug</STRONG> (Thumb, 40 bytes, Stack size 24 bytes, .\build\serial_api.o(.text.debug))
<BR><BR>[Stack]<UL><LI>Max Depth = 264<LI>Call Chain = debug &rArr; __2vfprintf &rArr; mbed_minimal_formatted_string &rArr; mbed_minimal_formatted_string_integer &rArr; fputc &rArr; _sys_write &rArr;  mbed::minimal_console_putc(int) (Cycle)
</UL>
<BR>[Calls]<UL><LI><a href="#[a2]">&gt;&gt;</a>&nbsp;&nbsp;&nbsp;__2vfprintf
</UL>
<BR>[Called By]<UL><LI><a href="#[e3]">&gt;&gt;</a>&nbsp;&nbsp;&nbsp;serial_baud
</UL>

<P><STRONG><a name="[bf]"></a>RCCEx_PLLSAI1_Config</STRONG> (Thumb, 388 bytes, Stack size 24 bytes, .\build\stm32l4xx_hal_rcc_ex.o(.text.RCCEx_PLLSAI1_Config))
<BR><BR>[Stack]<UL><LI>Max Depth = 40<LI>Call Chain = RCCEx_PLLSAI1_Config &rArr; HAL_GetTick &rArr; core_util_critical_section_exit &rArr; hal_critical_section_exit &rArr;  mbed_assert_internal (Cycle)
</UL>
<BR>[Calls]<UL><LI><a href="#[aa]">&gt;&gt;</a>&nbsp;&nbsp;&nbsp;HAL_GetTick
</UL>
<BR>[Called By]<UL><LI><a href="#[be]">&gt;&gt;</a>&nbsp;&nbsp;&nbsp;HAL_RCCEx_PeriphCLKConfig
</UL>

<P><STRONG><a name="[c0]"></a>RCCEx_PLLSAI2_Config</STRONG> (Thumb, 350 bytes, Stack size 24 bytes, .\build\stm32l4xx_hal_rcc_ex.o(.text.RCCEx_PLLSAI2_Config))
<BR><BR>[Stack]<UL><LI>Max Depth = 40<LI>Call Chain = RCCEx_PLLSAI2_Config &rArr; HAL_GetTick &rArr; core_util_critical_section_exit &rArr; hal_critical_section_exit &rArr;  mbed_assert_internal (Cycle)
</UL>
<BR>[Calls]<UL><LI><a href="#[aa]">&gt;&gt;</a>&nbsp;&nbsp;&nbsp;HAL_GetTick
</UL>
<BR>[Called By]<UL><LI><a href="#[be]">&gt;&gt;</a>&nbsp;&nbsp;&nbsp;HAL_RCCEx_PeriphCLKConfig
</UL>
<P>
<H3>
Undefined Global Symbols
</H3><HR></body></html>
