Component: Arm Compiler for Embedded 6.22 Tool: armlink [5ee90200]

==============================================================================

Loading Objects.

Loading object .\build\startup_stm32l476xx.o.
              definition:  __Vectors_Size
              definition:  __ARM_asm.debug_abbrev.1
              definition:  __Vectors
              definition:  __Vectors_End
              reference :  Image$$ARM_LIB_STACK$$ZI$$Limit
              reference :  SystemInit
              reference :  __main
              weak defn :  Reset_Handler
              weak defn :  NMI_Handler
              weak defn :  HardFault_Handler
              weak defn :  MemManage_Handler
              weak defn :  BusFault_Handler
              weak defn :  UsageFault_Handler
              weak defn :  SVC_Handler
              weak defn :  DebugMon_Handler
              weak defn :  PendSV_Handler
              weak defn :  SysTick_Handler
              weak defn :  ADC1_2_IRQHandler
              weak defn :  ADC3_IRQHandler
              weak defn :  CAN1_RX0_IRQHandler
              weak defn :  CAN1_RX1_IRQHandler
              weak defn :  CAN1_SCE_IRQHandler
              weak defn :  CAN1_TX_IRQHandler
              weak defn :  COMP_IRQHandler
              weak defn :  DFSDM1_FLT0_IRQHandler
              weak defn :  DFSDM1_FLT1_IRQHandler
              weak defn :  DFSDM1_FLT2_IRQHandler
              weak defn :  DFSDM1_FLT3_IRQHandler
              weak defn :  DMA1_Channel1_IRQHandler
              weak defn :  DMA1_Channel2_IRQHandler
              weak defn :  DMA1_Channel3_IRQHandler
              weak defn :  DMA1_Channel4_IRQHandler
              weak defn :  DMA1_Channel5_IRQHandler
              weak defn :  DMA1_Channel6_IRQHandler
              weak defn :  DMA1_Channel7_IRQHandler
              weak defn :  DMA2_Channel1_IRQHandler
              weak defn :  DMA2_Channel2_IRQHandler
              weak defn :  DMA2_Channel3_IRQHandler
              weak defn :  DMA2_Channel4_IRQHandler
              weak defn :  DMA2_Channel5_IRQHandler
              weak defn :  DMA2_Channel6_IRQHandler
              weak defn :  DMA2_Channel7_IRQHandler
              weak defn :  EXTI0_IRQHandler
              weak defn :  EXTI15_10_IRQHandler
              weak defn :  EXTI1_IRQHandler
              weak defn :  EXTI2_IRQHandler
              weak defn :  EXTI3_IRQHandler
              weak defn :  EXTI4_IRQHandler
              weak defn :  EXTI9_5_IRQHandler
              weak defn :  FLASH_IRQHandler
              weak defn :  FMC_IRQHandler
              weak defn :  FPU_IRQHandler
              weak defn :  I2C1_ER_IRQHandler
              weak defn :  I2C1_EV_IRQHandler
              weak defn :  I2C2_ER_IRQHandler
              weak defn :  I2C2_EV_IRQHandler
              weak defn :  I2C3_ER_IRQHandler
              weak defn :  I2C3_EV_IRQHandler
              weak defn :  LCD_IRQHandler
              weak defn :  LPTIM1_IRQHandler
              weak defn :  LPTIM2_IRQHandler
              weak defn :  LPUART1_IRQHandler
              weak defn :  OTG_FS_IRQHandler
              weak defn :  PVD_PVM_IRQHandler
              weak defn :  QUADSPI_IRQHandler
              weak defn :  RCC_IRQHandler
              weak defn :  RNG_IRQHandler
              weak defn :  RTC_Alarm_IRQHandler
              weak defn :  RTC_WKUP_IRQHandler
              weak defn :  SAI1_IRQHandler
              weak defn :  SAI2_IRQHandler
              weak defn :  SDMMC1_IRQHandler
              weak defn :  SPI1_IRQHandler
              weak defn :  SPI2_IRQHandler
              weak defn :  SPI3_IRQHandler
              weak defn :  SWPMI1_IRQHandler
              weak defn :  TAMP_STAMP_IRQHandler
              weak defn :  TIM1_BRK_TIM15_IRQHandler
              weak defn :  TIM1_CC_IRQHandler
              weak defn :  TIM1_TRG_COM_TIM17_IRQHandler
              weak defn :  TIM1_UP_TIM16_IRQHandler
              weak defn :  TIM2_IRQHandler
              weak defn :  TIM3_IRQHandler
              weak defn :  TIM4_IRQHandler
              weak defn :  TIM5_IRQHandler
              weak defn :  TIM6_DAC_IRQHandler
              weak defn :  TIM7_IRQHandler
              weak defn :  TIM8_BRK_IRQHandler
              weak defn :  TIM8_CC_IRQHandler
              weak defn :  TIM8_TRG_COM_IRQHandler
              weak defn :  TIM8_UP_IRQHandler
              weak defn :  TSC_IRQHandler
              weak defn :  UART4_IRQHandler
              weak defn :  UART5_IRQHandler
              weak defn :  USART1_IRQHandler
              weak defn :  USART2_IRQHandler
              weak defn :  USART3_IRQHandler
              weak defn :  WWDG_IRQHandler
Loading object .\build\main.o.
Adding cpp init reference.              reference :  __cpp_initialize__aeabi_
              definition:  main
              reference :  __2printf
              definition:  led_ld2
              reference :  thread_sleep_for
              reference :  gpio_init_out
              definition:  __ARM_use_no_argv
              reference :  _printf_percent
              reference :  _printf_widthprec
              reference :  _printf_sizespec
              reference :  _printf_f
              reference :  _printf_fp_dec
Add decompression support symbols.
              reference :  __decompress_flags
              weak ref  :  __decompress_sizes
Adding attributes from cpu and fpu: 

==============================================================================

Loading System Libraries.

Searching for ARM libraries in directory C:\Keil_v5\ARM\ARMCLANG\Bin\..\lib\armlib\
Searching for ARM libraries in directory C:\Keil_v5\ARM\ARMCLANG\Bin\..\lib\libcxx\
Selecting library C:\Keil_v5\ARM\ARMCLANG\Bin\..\lib\armlib\h_w.l.
Selecting library C:\Keil_v5\ARM\ARMCLANG\Bin\..\lib\libcxx\libcpp-experimental_w.l.
Selecting library C:\Keil_v5\ARM\ARMCLANG\Bin\..\lib\libcxx\libcpp_w.l.
Selecting library C:\Keil_v5\ARM\ARMCLANG\Bin\..\lib\libcxx\libcppabi_w.l.
Selecting library C:\Keil_v5\ARM\ARMCLANG\Bin\..\lib\armlib\m_wm.l.
Selecting library C:\Keil_v5\ARM\ARMCLANG\Bin\..\lib\armlib\mc_w.l.
Selecting library C:\Keil_v5\ARM\ARMCLANG\Bin\..\lib\armlib\mf_w.l.
Selecting library C:\Keil_v5\ARM\ARMCLANG\Bin\..\lib\armlib\vfpsupport.l.
Selecting member entry.o(C:\Keil_v5\ARM\ARMCLANG\Bin\..\lib\armlib\mc_w.l) to define __main.
Selecting member cpp_init.o(C:\Keil_v5\ARM\ARMCLANG\Bin\..\lib\armlib\mc_w.l) to define __cpp_initialize__aeabi_.
Running selection script in mc_w.l to resolve __2printf.
Selecting member printfb.o(C:\Keil_v5\ARM\ARMCLANG\Bin\..\lib\armlib\mc_w.l) to define __2printf$bare.
Selecting member printf0.o(C:\Keil_v5\ARM\ARMCLANG\Bin\..\lib\armlib\mc_w.l) to define __2printf$0.
Selecting member printf1.o(C:\Keil_v5\ARM\ARMCLANG\Bin\..\lib\armlib\mc_w.l) to define __2printf$1.
Selecting member printf2.o(C:\Keil_v5\ARM\ARMCLANG\Bin\..\lib\armlib\mc_w.l) to define __2printf$2.
Selecting member printf3.o(C:\Keil_v5\ARM\ARMCLANG\Bin\..\lib\armlib\mc_w.l) to define __2printf$3.
Selecting member printf4.o(C:\Keil_v5\ARM\ARMCLANG\Bin\..\lib\armlib\mc_w.l) to define __2printf$4.
Selecting member printf5.o(C:\Keil_v5\ARM\ARMCLANG\Bin\..\lib\armlib\mc_w.l) to define __2printf$5.
Selecting member printf6.o(C:\Keil_v5\ARM\ARMCLANG\Bin\..\lib\armlib\mc_w.l) to define __2printf$6.
Selecting member printf7.o(C:\Keil_v5\ARM\ARMCLANG\Bin\..\lib\armlib\mc_w.l) to define __2printf$7.
Selecting member printf8.o(C:\Keil_v5\ARM\ARMCLANG\Bin\..\lib\armlib\mc_w.l) to define __2printf$8.
Selecting member printfa.o(C:\Keil_v5\ARM\ARMCLANG\Bin\..\lib\armlib\mc_w.l) to define __2printf.
Selecting member printfstubs.o(C:\Keil_v5\ARM\ARMCLANG\Bin\..\lib\armlib\mc_w.l) to define _printf_percent.
Selecting member printfstubs.o(C:\Keil_v5\ARM\ARMCLANG\Bin\..\lib\armlib\mc_w.l) to define _printf_widthprec.
Selecting member printfstubs.o(C:\Keil_v5\ARM\ARMCLANG\Bin\..\lib\armlib\mc_w.l) to define _printf_sizespec.
Selecting member printfstubs.o(C:\Keil_v5\ARM\ARMCLANG\Bin\..\lib\armlib\mc_w.l) to define _printf_f.
Selecting member printfstubs.o(C:\Keil_v5\ARM\ARMCLANG\Bin\..\lib\armlib\mc_w.l) to define _printf_fp_dec.
Selecting member dc.o(C:\Keil_v5\ARM\ARMCLANG\Bin\..\lib\armlib\mc_w.l) to define __decompress_flags.
Loading member C:\Keil_v5\ARM\ARMCLANG\Bin\..\lib\armlib\mc_w.l(entry.o) from C:\Keil_v5\ARM\ARMCLANG\Bin\..\lib\armlib\mc_w.l.
              definition:  __main
              reference :  __rt_final_cpp
              reference :  __rt_final_exit
              reference :  _main_clock
              reference :  _main_cpp_init
              reference :  _main_init
              reference :  _main_scatterload
              reference :  _main_stk
Loading member C:\Keil_v5\ARM\ARMCLANG\Bin\..\lib\armlib\mc_w.l(dc.o) from C:\Keil_v5\ARM\ARMCLANG\Bin\..\lib\armlib\mc_w.l.
              definition:  __decompress_flags
              definition:  __decompress_sizes
Loading member C:\Keil_v5\ARM\ARMCLANG\Bin\..\lib\armlib\mc_w.l(printfb.o) from C:\Keil_v5\ARM\ARMCLANG\Bin\..\lib\armlib\mc_w.l.
              definition:  __0fprintf$bare
              definition:  __1fprintf$bare
              definition:  __2fprintf$bare
              definition:  __0printf$bare
              definition:  __1printf$bare
              definition:  __2printf$bare
              definition:  __0snprintf$bare
              definition:  __1snprintf$bare
              definition:  __2snprintf$bare
              definition:  __0sprintf$bare
              definition:  __1sprintf$bare
              definition:  __2sprintf$bare
              definition:  __0vfprintf$bare
              definition:  __1vfprintf$bare
              definition:  __2vfprintf$bare
              definition:  __0vprintf$bare
              definition:  __1vprintf$bare
              definition:  __2vprintf$bare
              definition:  __0vsnprintf$bare
              definition:  __1vsnprintf$bare
              definition:  __2vsnprintf$bare
              definition:  __0vsprintf$bare
              definition:  __1vsprintf$bare
              definition:  __2vsprintf$bare
              reference :  __stdout
              reference :  fputc
Loading member C:\Keil_v5\ARM\ARMCLANG\Bin\..\lib\armlib\mc_w.l(printf0.o) from C:\Keil_v5\ARM\ARMCLANG\Bin\..\lib\armlib\mc_w.l.
              definition:  __0fprintf$0
              definition:  __1fprintf$0
              definition:  __2fprintf$0
              definition:  __0printf$0
              definition:  __1printf$0
              definition:  __2printf$0
              definition:  __0snprintf$0
              definition:  __1snprintf$0
              definition:  __2snprintf$0
              definition:  __0sprintf$0
              definition:  __1sprintf$0
              definition:  __2sprintf$0
              definition:  __0vfprintf$0
              definition:  __1vfprintf$0
              definition:  __2vfprintf$0
              definition:  __0vprintf$0
              definition:  __1vprintf$0
              definition:  __2vprintf$0
              definition:  __0vsnprintf$0
              definition:  __1vsnprintf$0
              definition:  __2vsnprintf$0
              definition:  __0vsprintf$0
              definition:  __1vsprintf$0
              definition:  __2vsprintf$0
              reference :  __stdout
              reference :  fputc
Loading member C:\Keil_v5\ARM\ARMCLANG\Bin\..\lib\armlib\mc_w.l(printf1.o) from C:\Keil_v5\ARM\ARMCLANG\Bin\..\lib\armlib\mc_w.l.
              definition:  __0fprintf$1
              definition:  __1fprintf$1
              definition:  __2fprintf$1
              definition:  __0printf$1
              definition:  __1printf$1
              definition:  __2printf$1
              definition:  __0snprintf$1
              definition:  __1snprintf$1
              definition:  __2snprintf$1
              definition:  __0sprintf$1
              definition:  __1sprintf$1
              definition:  __2sprintf$1
              definition:  __0vfprintf$1
              definition:  __1vfprintf$1
              definition:  __2vfprintf$1
              definition:  __0vprintf$1
              definition:  __1vprintf$1
              definition:  __2vprintf$1
              definition:  __0vsnprintf$1
              definition:  __1vsnprintf$1
              definition:  __2vsnprintf$1
              definition:  __0vsprintf$1
              definition:  __1vsprintf$1
              definition:  __2vsprintf$1
              reference :  __aeabi_uidivmod
              reference :  __stdout
              reference :  fputc
Loading member C:\Keil_v5\ARM\ARMCLANG\Bin\..\lib\armlib\mc_w.l(printf2.o) from C:\Keil_v5\ARM\ARMCLANG\Bin\..\lib\armlib\mc_w.l.
              definition:  __0fprintf$2
              definition:  __1fprintf$2
              definition:  __2fprintf$2
              definition:  __0printf$2
              definition:  __1printf$2
              definition:  __2printf$2
              definition:  __0snprintf$2
              definition:  __1snprintf$2
              definition:  __2snprintf$2
              definition:  __0sprintf$2
              definition:  __1sprintf$2
              definition:  __2sprintf$2
              definition:  __0vfprintf$2
              definition:  __1vfprintf$2
              definition:  __2vfprintf$2
              definition:  __0vprintf$2
              definition:  __1vprintf$2
              definition:  __2vprintf$2
              definition:  __0vsnprintf$2
              definition:  __1vsnprintf$2
              definition:  __2vsnprintf$2
              definition:  __0vsprintf$2
              definition:  __1vsprintf$2
              definition:  __2vsprintf$2
              reference :  __stdout
              reference :  fputc
Loading member C:\Keil_v5\ARM\ARMCLANG\Bin\..\lib\armlib\mc_w.l(printf3.o) from C:\Keil_v5\ARM\ARMCLANG\Bin\..\lib\armlib\mc_w.l.
              definition:  __0fprintf$3
              definition:  __1fprintf$3
              definition:  __2fprintf$3
              definition:  __0printf$3
              definition:  __1printf$3
              definition:  __2printf$3
              definition:  __0snprintf$3
              definition:  __1snprintf$3
              definition:  __2snprintf$3
              definition:  __0sprintf$3
              definition:  __1sprintf$3
              definition:  __2sprintf$3
              definition:  __0vfprintf$3
              definition:  __1vfprintf$3
              definition:  __2vfprintf$3
              definition:  __0vprintf$3
              definition:  __1vprintf$3
              definition:  __2vprintf$3
              definition:  __0vsnprintf$3
              definition:  __1vsnprintf$3
              definition:  __2vsnprintf$3
              definition:  __0vsprintf$3
              definition:  __1vsprintf$3
              definition:  __2vsprintf$3
              reference :  __aeabi_uidivmod
              reference :  __stdout
              reference :  fputc
Loading member C:\Keil_v5\ARM\ARMCLANG\Bin\..\lib\armlib\mc_w.l(printf4.o) from C:\Keil_v5\ARM\ARMCLANG\Bin\..\lib\armlib\mc_w.l.
              definition:  __0fprintf$4
              definition:  __1fprintf$4
              definition:  __2fprintf$4
              definition:  __0printf$4
              definition:  __1printf$4
              definition:  __2printf$4
              definition:  __0snprintf$4
              definition:  __1snprintf$4
              definition:  __2snprintf$4
              definition:  __0sprintf$4
              definition:  __1sprintf$4
              definition:  __2sprintf$4
              definition:  __0vfprintf$4
              definition:  __1vfprintf$4
              definition:  __2vfprintf$4
              definition:  __0vprintf$4
              definition:  __1vprintf$4
              definition:  __2vprintf$4
              definition:  __0vsnprintf$4
              definition:  __1vsnprintf$4
              definition:  __2vsnprintf$4
              definition:  __0vsprintf$4
              definition:  __1vsprintf$4
              definition:  __2vsprintf$4
              reference :  __aeabi_uldivmod
              reference :  __stdout
              reference :  fputc
Loading member C:\Keil_v5\ARM\ARMCLANG\Bin\..\lib\armlib\mc_w.l(printf5.o) from C:\Keil_v5\ARM\ARMCLANG\Bin\..\lib\armlib\mc_w.l.
              definition:  __0fprintf$5
              definition:  __1fprintf$5
              definition:  __2fprintf$5
              definition:  __0printf$5
              definition:  __1printf$5
              definition:  __2printf$5
              definition:  __0snprintf$5
              definition:  __1snprintf$5
              definition:  __2snprintf$5
              definition:  __0sprintf$5
              definition:  __1sprintf$5
              definition:  __2sprintf$5
              definition:  __0vfprintf$5
              definition:  __1vfprintf$5
              definition:  __2vfprintf$5
              definition:  __0vprintf$5
              definition:  __1vprintf$5
              definition:  __2vprintf$5
              definition:  __0vsnprintf$5
              definition:  __1vsnprintf$5
              definition:  __2vsnprintf$5
              definition:  __0vsprintf$5
              definition:  __1vsprintf$5
              definition:  __2vsprintf$5
              reference :  __aeabi_uldivmod
              reference :  __stdout
              reference :  fputc
Loading member C:\Keil_v5\ARM\ARMCLANG\Bin\..\lib\armlib\mc_w.l(printf6.o) from C:\Keil_v5\ARM\ARMCLANG\Bin\..\lib\armlib\mc_w.l.
              definition:  __0fprintf$6
              definition:  __1fprintf$6
              definition:  __2fprintf$6
              definition:  __0printf$6
              definition:  __1printf$6
              definition:  __2printf$6
              definition:  __0snprintf$6
              definition:  __1snprintf$6
              definition:  __2snprintf$6
              definition:  __0sprintf$6
              definition:  __1sprintf$6
              definition:  __2sprintf$6
              definition:  __0vfprintf$6
              definition:  __1vfprintf$6
              definition:  __2vfprintf$6
              definition:  __0vprintf$6
              definition:  __1vprintf$6
              definition:  __2vprintf$6
              definition:  __0vsnprintf$6
              definition:  __1vsnprintf$6
              definition:  __2vsnprintf$6
              definition:  __0vsprintf$6
              definition:  __1vsprintf$6
              definition:  __2vsprintf$6
              reference :  __aeabi_uidivmod
              reference :  __stdout
              reference :  fputc
Loading member C:\Keil_v5\ARM\ARMCLANG\Bin\..\lib\armlib\mc_w.l(printf7.o) from C:\Keil_v5\ARM\ARMCLANG\Bin\..\lib\armlib\mc_w.l.
              definition:  __0fprintf$7
              definition:  __1fprintf$7
              definition:  __2fprintf$7
              definition:  __0printf$7
              definition:  __1printf$7
              definition:  __2printf$7
              definition:  __0snprintf$7
              definition:  __1snprintf$7
              definition:  __2snprintf$7
              definition:  __0sprintf$7
              definition:  __1sprintf$7
              definition:  __2sprintf$7
              definition:  __0vfprintf$7
              definition:  __1vfprintf$7
              definition:  __2vfprintf$7
              definition:  __0vprintf$7
              definition:  __1vprintf$7
              definition:  __2vprintf$7
              definition:  __0vsnprintf$7
              definition:  __1vsnprintf$7
              definition:  __2vsnprintf$7
              definition:  __0vsprintf$7
              definition:  __1vsprintf$7
              definition:  __2vsprintf$7
              reference :  __aeabi_uldivmod
              reference :  __stdout
              reference :  fputc
Loading member C:\Keil_v5\ARM\ARMCLANG\Bin\..\lib\armlib\mc_w.l(printf8.o) from C:\Keil_v5\ARM\ARMCLANG\Bin\..\lib\armlib\mc_w.l.
              definition:  __0fprintf$8
              definition:  __1fprintf$8
              definition:  __2fprintf$8
              definition:  __0printf$8
              definition:  __1printf$8
              definition:  __2printf$8
              definition:  __0snprintf$8
              definition:  __1snprintf$8
              definition:  __2snprintf$8
              definition:  __0sprintf$8
              definition:  __1sprintf$8
              definition:  __2sprintf$8
              definition:  __0vfprintf$8
              definition:  __1vfprintf$8
              definition:  __2vfprintf$8
              definition:  __0vprintf$8
              definition:  __1vprintf$8
              definition:  __2vprintf$8
              definition:  __0vsnprintf$8
              definition:  __1vsnprintf$8
              definition:  __2vsnprintf$8
              definition:  __0vsprintf$8
              definition:  __1vsprintf$8
              definition:  __2vsprintf$8
              reference :  __aeabi_uldivmod
              reference :  __stdout
              reference :  fputc
Loading member C:\Keil_v5\ARM\ARMCLANG\Bin\..\lib\armlib\mc_w.l(printfa.o) from C:\Keil_v5\ARM\ARMCLANG\Bin\..\lib\armlib\mc_w.l.
              definition:  __0fprintf
              definition:  __1fprintf
              definition:  __2fprintf
              definition:  __c89fprintf
              definition:  fprintf
              definition:  __0printf
              definition:  __1printf
              definition:  __2printf
              definition:  __c89printf
              definition:  printf
              definition:  __0snprintf
              definition:  __1snprintf
              definition:  __2snprintf
              definition:  __c89snprintf
              definition:  snprintf
              definition:  __0sprintf
              definition:  __1sprintf
              definition:  __2sprintf
              definition:  __c89sprintf
              definition:  sprintf
              definition:  __0vfprintf
              definition:  __1vfprintf
              definition:  __2vfprintf
              definition:  __c89vfprintf
              definition:  vfprintf
              definition:  __0vprintf
              definition:  __1vprintf
              definition:  __2vprintf
              definition:  __c89vprintf
              definition:  vprintf
              definition:  __0vsnprintf
              definition:  __1vsnprintf
              definition:  __2vsnprintf
              definition:  __c89vsnprintf
              definition:  vsnprintf
              definition:  __0vsprintf
              definition:  __1vsprintf
              definition:  __2vsprintf
              definition:  __c89vsprintf
              definition:  vsprintf
              reference :  __I$use$fp
              reference :  __aeabi_cdrcmple
              reference :  __aeabi_d2ulz
              reference :  __aeabi_dadd
              reference :  __aeabi_ddiv
              reference :  __aeabi_dmul
              reference :  __aeabi_uidivmod
              reference :  __aeabi_uldivmod
              reference :  __stdout
              reference :  fputc
Loading member C:\Keil_v5\ARM\ARMCLANG\Bin\..\lib\armlib\mc_w.l(printfstubs.o) from C:\Keil_v5\ARM\ARMCLANG\Bin\..\lib\armlib\mc_w.l.
              definition:  _printf_a
              definition:  _printf_c
              definition:  _printf_charcount
              definition:  _printf_d
              definition:  _printf_e
              definition:  _printf_f
              definition:  _printf_flags
              definition:  _printf_fp_dec
              definition:  _printf_fp_hex
              definition:  _printf_g
              definition:  _printf_i
              definition:  _printf_int_dec
              definition:  _printf_l
              definition:  _printf_lc
              definition:  _printf_ll
              definition:  _printf_lld
              definition:  _printf_lli
              definition:  _printf_llo
              definition:  _printf_llu
              definition:  _printf_llx
              definition:  _printf_longlong_dec
              definition:  _printf_longlong_hex
              definition:  _printf_longlong_oct
              definition:  _printf_ls
              definition:  _printf_mbtowc
              definition:  _printf_n
              definition:  _printf_o
              definition:  _printf_p
              definition:  _printf_percent
              definition:  _printf_pre_padding
              definition:  _printf_return_value
              definition:  _printf_s
              definition:  _printf_sizespec
              definition:  _printf_str
              definition:  _printf_truncate_signed
              definition:  _printf_truncate_unsigned
              definition:  _printf_u
              definition:  _printf_wc
              definition:  _printf_wctomb
              definition:  _printf_widthprec
              definition:  _printf_x
Loading member C:\Keil_v5\ARM\ARMCLANG\Bin\..\lib\armlib\mc_w.l(cpp_init.o) from C:\Keil_v5\ARM\ARMCLANG\Bin\..\lib\armlib\mc_w.l.
              definition:  __cpp_initialize_dummy_init_array
              definition:  __cpp_initialize__aeabi_
              reference :  SHT$$INIT_ARRAY$$Base
              reference :  SHT$$INIT_ARRAY$$Limit
              reference :  __ARM_resolve_target1
              reference :  _main_cpp_init$empty
Running selection script in mc_w.l to resolve __rt_final_cpp.
Selecting member entry10a.o(C:\Keil_v5\ARM\ARMCLANG\Bin\..\lib\armlib\mc_w.l) to define __rt_final_cpp.
Selecting member entry10b.o(C:\Keil_v5\ARM\ARMCLANG\Bin\..\lib\armlib\mc_w.l) to define __rt_final_cpp$nonempty.
Running selection script in mc_w.l to resolve __rt_final_exit.
Selecting member entry11a.o(C:\Keil_v5\ARM\ARMCLANG\Bin\..\lib\armlib\mc_w.l) to define __rt_final_exit.
Selecting member entry11b.o(C:\Keil_v5\ARM\ARMCLANG\Bin\..\lib\armlib\mc_w.l) to define __rt_final_exit$nonempty.
Running selection script in mc_w.l to resolve _main_clock.
Selecting member entry7a.o(C:\Keil_v5\ARM\ARMCLANG\Bin\..\lib\armlib\mc_w.l) to define _main_clock.
Selecting member entry7b.o(C:\Keil_v5\ARM\ARMCLANG\Bin\..\lib\armlib\mc_w.l) to define _main_clock$no_clock.
Running selection script in mc_w.l to resolve _main_cpp_init.
Selecting member entry8a.o(C:\Keil_v5\ARM\ARMCLANG\Bin\..\lib\armlib\mc_w.l) to define _main_cpp_init.
Selecting member entry8b.o(C:\Keil_v5\ARM\ARMCLANG\Bin\..\lib\armlib\mc_w.l) to define _main_cpp_init$empty.
Running selection script in mc_w.l to resolve _main_init.
Selecting member entry9a.o(C:\Keil_v5\ARM\ARMCLANG\Bin\..\lib\armlib\mc_w.l) to define _main_init.
Selecting member entry9b.o(C:\Keil_v5\ARM\ARMCLANG\Bin\..\lib\armlib\mc_w.l) to define _main_init$exit.
Selecting member entry5.o(C:\Keil_v5\ARM\ARMCLANG\Bin\..\lib\armlib\mc_w.l) to define _main_scatterload.
Running selection script in mc_w.l to resolve _main_stk.
Selecting member entry2.o(C:\Keil_v5\ARM\ARMCLANG\Bin\..\lib\armlib\mc_w.l) to define _main_stk.
Running selection script in mc_w.l to resolve __stdout.
Selecting member stdout.o(C:\Keil_v5\ARM\ARMCLANG\Bin\..\lib\armlib\mc_w.l) to define __stdout.
Running selection script in mc_w.l to resolve fputc.
Selecting member fputc.o(C:\Keil_v5\ARM\ARMCLANG\Bin\..\lib\armlib\mc_w.l) to define fputc.
Selecting member fputc_h.o(C:\Keil_v5\ARM\ARMCLANG\Bin\..\lib\armlib\mc_w.l) to define _fputc$hlt.
Running selection script in mc_w.l to resolve __aeabi_uidivmod.
Selecting member uidiv.o(C:\Keil_v5\ARM\ARMCLANG\Bin\..\lib\armlib\mc_w.l) to define __aeabi_uidivmod.
Selecting member aeabi_sdiv.o(C:\Keil_v5\ARM\ARMCLANG\Bin\..\lib\armlib\mc_w.l) to define __aeabi_uidivmod$standardlib.
Running selection script in mc_w.l to resolve __aeabi_uldivmod.
Selecting member uldiv.o(C:\Keil_v5\ARM\ARMCLANG\Bin\..\lib\armlib\mc_w.l) to define __aeabi_uldivmod.
Selecting member iusefp.o(C:\Keil_v5\ARM\ARMCLANG\Bin\..\lib\armlib\mc_w.l) to define __I$use$fp.
Selecting member cdrcmple.o(C:\Keil_v5\ARM\ARMCLANG\Bin\..\lib\armlib\mf_w.l) to define __aeabi_cdrcmple.
Selecting member dfixul.o(C:\Keil_v5\ARM\ARMCLANG\Bin\..\lib\armlib\mf_w.l) to define __aeabi_d2ulz.
Selecting member dadd.o(C:\Keil_v5\ARM\ARMCLANG\Bin\..\lib\armlib\mf_w.l) to define __aeabi_dadd.
Selecting member ddiv.o(C:\Keil_v5\ARM\ARMCLANG\Bin\..\lib\armlib\mf_w.l) to define __aeabi_ddiv.
Selecting member dmul.o(C:\Keil_v5\ARM\ARMCLANG\Bin\..\lib\armlib\mf_w.l) to define __aeabi_dmul.
Running selection script in mc_w.l to resolve __ARM_resolve_target1.
Selecting member __ARM_resolve_target1.o(C:\Keil_v5\ARM\ARMCLANG\Bin\..\lib\armlib\mc_w.l) to define __ARM_resolve_target1.
Selecting member __ARM_resolve_target1_abs32.o(C:\Keil_v5\ARM\ARMCLANG\Bin\..\lib\armlib\mc_w.l) to define __ARM_resolve_target1_abs32.
Selecting member entry8b.o(C:\Keil_v5\ARM\ARMCLANG\Bin\..\lib\armlib\mc_w.l) to define _main_cpp_init$empty.
Loading member C:\Keil_v5\ARM\ARMCLANG\Bin\..\lib\armlib\mc_w.l(entry2.o) from C:\Keil_v5\ARM\ARMCLANG\Bin\..\lib\armlib\mc_w.l.
              definition:  _main_stk
              definition:  __vectab_stack_and_reset
              reference :  __initial_sp
              reference :  __main
Loading member C:\Keil_v5\ARM\ARMCLANG\Bin\..\lib\armlib\mc_w.l(entry5.o) from C:\Keil_v5\ARM\ARMCLANG\Bin\..\lib\armlib\mc_w.l.
              definition:  _main_scatterload
              definition:  __main_after_scatterload
              reference :  __scatterload
Loading member C:\Keil_v5\ARM\ARMCLANG\Bin\..\lib\armlib\mc_w.l(entry7a.o) from C:\Keil_v5\ARM\ARMCLANG\Bin\..\lib\armlib\mc_w.l.
              definition:  _main_clock
              weak ref  :  _clock_init
Loading member C:\Keil_v5\ARM\ARMCLANG\Bin\..\lib\armlib\mc_w.l(entry7b.o) from C:\Keil_v5\ARM\ARMCLANG\Bin\..\lib\armlib\mc_w.l.
              definition:  _main_clock$no_clock
Loading member C:\Keil_v5\ARM\ARMCLANG\Bin\..\lib\armlib\mc_w.l(entry8a.o) from C:\Keil_v5\ARM\ARMCLANG\Bin\..\lib\armlib\mc_w.l.
              definition:  _main_cpp_init
              weak ref  :  __cpp_initialize__aeabi_
Loading member C:\Keil_v5\ARM\ARMCLANG\Bin\..\lib\armlib\mc_w.l(entry8b.o) from C:\Keil_v5\ARM\ARMCLANG\Bin\..\lib\armlib\mc_w.l.
              definition:  _main_cpp_init$empty
Loading member C:\Keil_v5\ARM\ARMCLANG\Bin\..\lib\armlib\mc_w.l(entry9a.o) from C:\Keil_v5\ARM\ARMCLANG\Bin\..\lib\armlib\mc_w.l.
              definition:  _main_init
              reference :  main
Loading member C:\Keil_v5\ARM\ARMCLANG\Bin\..\lib\armlib\mc_w.l(entry9b.o) from C:\Keil_v5\ARM\ARMCLANG\Bin\..\lib\armlib\mc_w.l.
              definition:  _main_init$exit
              reference :  main
Loading member C:\Keil_v5\ARM\ARMCLANG\Bin\..\lib\armlib\mc_w.l(entry10a.o) from C:\Keil_v5\ARM\ARMCLANG\Bin\..\lib\armlib\mc_w.l.
              definition:  __rt_final_cpp
Loading member C:\Keil_v5\ARM\ARMCLANG\Bin\..\lib\armlib\mc_w.l(entry10b.o) from C:\Keil_v5\ARM\ARMCLANG\Bin\..\lib\armlib\mc_w.l.
              definition:  __rt_final_cpp$nonempty
              weak ref  :  __cxa_finalize
Loading member C:\Keil_v5\ARM\ARMCLANG\Bin\..\lib\armlib\mc_w.l(entry11a.o) from C:\Keil_v5\ARM\ARMCLANG\Bin\..\lib\armlib\mc_w.l.
              definition:  __rt_final_exit
Loading member C:\Keil_v5\ARM\ARMCLANG\Bin\..\lib\armlib\mc_w.l(entry11b.o) from C:\Keil_v5\ARM\ARMCLANG\Bin\..\lib\armlib\mc_w.l.
              definition:  __rt_final_exit$nonempty
              weak ref  :  _microlib_exit
Loading member C:\Keil_v5\ARM\ARMCLANG\Bin\..\lib\armlib\mc_w.l(fputc.o) from C:\Keil_v5\ARM\ARMCLANG\Bin\..\lib\armlib\mc_w.l.
              definition:  fputc
              reference :  __I$use$semihosting$fputc
              reference :  __semihosting_library_function
Loading member C:\Keil_v5\ARM\ARMCLANG\Bin\..\lib\armlib\mc_w.l(fputc_h.o) from C:\Keil_v5\ARM\ARMCLANG\Bin\..\lib\armlib\mc_w.l.
              definition:  _fputc$hlt
              reference :  __I$use$semihosting$fputc
              reference :  __semihosting_library_function
Loading member C:\Keil_v5\ARM\ARMCLANG\Bin\..\lib\armlib\mc_w.l(stdout.o) from C:\Keil_v5\ARM\ARMCLANG\Bin\..\lib\armlib\mc_w.l.
              definition:  __stdout
Loading member C:\Keil_v5\ARM\ARMCLANG\Bin\..\lib\armlib\mc_w.l(aeabi_sdiv.o) from C:\Keil_v5\ARM\ARMCLANG\Bin\..\lib\armlib\mc_w.l.
              definition:  __aeabi_idiv$standardlib
              definition:  __aeabi_idivmod$standardlib
              definition:  __aeabi_uidiv$standardlib
              definition:  __aeabi_uidivmod$standardlib
Loading member C:\Keil_v5\ARM\ARMCLANG\Bin\..\lib\armlib\mc_w.l(uidiv.o) from C:\Keil_v5\ARM\ARMCLANG\Bin\..\lib\armlib\mc_w.l.
              definition:  __aeabi_uidiv
              definition:  __aeabi_uidivmod
Loading member C:\Keil_v5\ARM\ARMCLANG\Bin\..\lib\armlib\mc_w.l(uldiv.o) from C:\Keil_v5\ARM\ARMCLANG\Bin\..\lib\armlib\mc_w.l.
              definition:  __aeabi_uldivmod
              reference :  __aeabi_llsl
              reference :  __aeabi_llsr
Loading member C:\Keil_v5\ARM\ARMCLANG\Bin\..\lib\armlib\mc_w.l(iusefp.o) from C:\Keil_v5\ARM\ARMCLANG\Bin\..\lib\armlib\mc_w.l.
              definition:  __I$use$fp
Loading member C:\Keil_v5\ARM\ARMCLANG\Bin\..\lib\armlib\mc_w.l(__ARM_resolve_target1.o) from C:\Keil_v5\ARM\ARMCLANG\Bin\..\lib\armlib\mc_w.l.
              definition:  __ARM_resolve_target1
Loading member C:\Keil_v5\ARM\ARMCLANG\Bin\..\lib\armlib\mc_w.l(__ARM_resolve_target1_abs32.o) from C:\Keil_v5\ARM\ARMCLANG\Bin\..\lib\armlib\mc_w.l.
              definition:  __ARM_resolve_target1_abs32
Loading member C:\Keil_v5\ARM\ARMCLANG\Bin\..\lib\armlib\mf_w.l(dadd.o) from C:\Keil_v5\ARM\ARMCLANG\Bin\..\lib\armlib\mf_w.l.
              definition:  __aeabi_dadd
              definition:  __aeabi_dsub
              definition:  __aeabi_drsub
              reference :  __I$use$fp
              reference :  __aeabi_lasr
              reference :  __aeabi_llsl
              reference :  _double_epilogue
              reference :  _double_round
Loading member C:\Keil_v5\ARM\ARMCLANG\Bin\..\lib\armlib\mf_w.l(dmul.o) from C:\Keil_v5\ARM\ARMCLANG\Bin\..\lib\armlib\mf_w.l.
              definition:  __aeabi_dmul
              reference :  __I$use$fp
              reference :  _double_epilogue
Loading member C:\Keil_v5\ARM\ARMCLANG\Bin\..\lib\armlib\mf_w.l(ddiv.o) from C:\Keil_v5\ARM\ARMCLANG\Bin\..\lib\armlib\mf_w.l.
              definition:  __aeabi_ddiv
              reference :  __I$use$fp
              reference :  _double_round
Loading member C:\Keil_v5\ARM\ARMCLANG\Bin\..\lib\armlib\mf_w.l(dfixul.o) from C:\Keil_v5\ARM\ARMCLANG\Bin\..\lib\armlib\mf_w.l.
              definition:  __aeabi_d2ulz
              reference :  __I$use$fp
              reference :  __aeabi_llsl
              reference :  __aeabi_llsr
Loading member C:\Keil_v5\ARM\ARMCLANG\Bin\..\lib\armlib\mf_w.l(cdrcmple.o) from C:\Keil_v5\ARM\ARMCLANG\Bin\..\lib\armlib\mf_w.l.
              definition:  __aeabi_cdrcmple
              reference :  __I$use$fp
Selecting member init.o(C:\Keil_v5\ARM\ARMCLANG\Bin\..\lib\armlib\mc_w.l) to define __scatterload.
Selecting member iusesemip.o(C:\Keil_v5\ARM\ARMCLANG\Bin\..\lib\armlib\mc_w.l) to define __I$use$semihosting$fputc.
Selecting member semi.o(C:\Keil_v5\ARM\ARMCLANG\Bin\..\lib\armlib\mc_w.l) to define __semihosting_library_function.
Selecting member llshl.o(C:\Keil_v5\ARM\ARMCLANG\Bin\..\lib\armlib\mc_w.l) to define __aeabi_llsl.
Selecting member llushr.o(C:\Keil_v5\ARM\ARMCLANG\Bin\..\lib\armlib\mc_w.l) to define __aeabi_llsr.
Selecting member llsshr.o(C:\Keil_v5\ARM\ARMCLANG\Bin\..\lib\armlib\mc_w.l) to define __aeabi_lasr.
Selecting member depilogue.o(C:\Keil_v5\ARM\ARMCLANG\Bin\..\lib\armlib\mf_w.l) to define _double_epilogue.
Selecting member depilogue.o(C:\Keil_v5\ARM\ARMCLANG\Bin\..\lib\armlib\mf_w.l) to define _double_round.
Loading member C:\Keil_v5\ARM\ARMCLANG\Bin\..\lib\armlib\mc_w.l(init.o) from C:\Keil_v5\ARM\ARMCLANG\Bin\..\lib\armlib\mc_w.l.
              definition:  __scatterload
              definition:  __scatterload_rt2
              reference :  Region$$Table$$Base
              reference :  Region$$Table$$Limit
              reference :  __main_after_scatterload
              weak ref  :  __decompress
Loading member C:\Keil_v5\ARM\ARMCLANG\Bin\..\lib\armlib\mc_w.l(semi.o) from C:\Keil_v5\ARM\ARMCLANG\Bin\..\lib\armlib\mc_w.l.
              definition:  __semihosting_library_function
Loading member C:\Keil_v5\ARM\ARMCLANG\Bin\..\lib\armlib\mc_w.l(llshl.o) from C:\Keil_v5\ARM\ARMCLANG\Bin\..\lib\armlib\mc_w.l.
              definition:  __aeabi_llsl
              definition:  _ll_shift_l
Loading member C:\Keil_v5\ARM\ARMCLANG\Bin\..\lib\armlib\mc_w.l(llushr.o) from C:\Keil_v5\ARM\ARMCLANG\Bin\..\lib\armlib\mc_w.l.
              definition:  __aeabi_llsr
              definition:  _ll_ushift_r
Loading member C:\Keil_v5\ARM\ARMCLANG\Bin\..\lib\armlib\mc_w.l(llsshr.o) from C:\Keil_v5\ARM\ARMCLANG\Bin\..\lib\armlib\mc_w.l.
              definition:  __aeabi_lasr
              definition:  _ll_sshift_r
Loading member C:\Keil_v5\ARM\ARMCLANG\Bin\..\lib\armlib\mc_w.l(iusesemip.o) from C:\Keil_v5\ARM\ARMCLANG\Bin\..\lib\armlib\mc_w.l.
              definition:  __I$use$semihosting$fputc
Loading member C:\Keil_v5\ARM\ARMCLANG\Bin\..\lib\armlib\mf_w.l(depilogue.o) from C:\Keil_v5\ARM\ARMCLANG\Bin\..\lib\armlib\mf_w.l.
              definition:  _double_round
              definition:  _double_epilogue
              reference :  __I$use$fp
              reference :  __aeabi_llsl
              reference :  __aeabi_llsr
Cleaning up Comdat Group Sections
Renaming symbol _main_clock to _main_clock$temp.
Renaming symbol _main_clock$no_clock to _main_clock.
Renaming symbol _main_cpp_init to $$Temp.
Renaming symbol _main_cpp_init$empty to _main_cpp_init.
Renaming symbol $$Temp to _main_cpp_init$empty.
              definition:  BuildAttributes$$THM_ISAv4$E$P$D$K$B$S$7EM$VFPi3$EXTD16$VFPS$VFMA$PE$A:L22UL41UL21$X:L11$S22US41US21$IEEE1$IW$~IW$USESV6$~STKCKD$USESV7$~SHL$OTIME$ROPI$EBA8$MICROLIB$REQ8$PRES8$EABIv2
Building image.
Finding section cross-references

==============================================================================

Section Cross References

    .\build\startup_stm32l476xx.o(RESET) refers to .\build\startup_stm32l476xx.o(.text) for Reset_Handler
    .\build\startup_stm32l476xx.o(.text) refers to C:\Keil_v5\ARM\ARMCLANG\Bin\..\lib\armlib\mc_w.l(entry.o)(.ARM.Collect$$$$00000000) for __main
    .\build\main.o(.text.main) refers to C:\Keil_v5\ARM\ARMCLANG\Bin\..\lib\armlib\mc_w.l(printfa.o)(i.__0printf) for __2printf
    .\build\main.o(.text.main) refers to .\build\main.o(.bss.led_ld2) for led_ld2
    .\build\main.o(.ARM.exidx.text.main) refers to .\build\main.o(.text.main) for [Anonymous Symbol]
    .\build\main.o(.text._GLOBAL__sub_I_main.cpp) refers to .\build\main.o(.bss.led_ld2) for led_ld2
    .\build\main.o(.ARM.exidx.text._GLOBAL__sub_I_main.cpp) refers to .\build\main.o(.text._GLOBAL__sub_I_main.cpp) for [Anonymous Symbol]
    .\build\main.o(.init_array) refers to .\build\main.o(.text._GLOBAL__sub_I_main.cpp) for _GLOBAL__sub_I_main.cpp
    C:\Keil_v5\ARM\ARMCLANG\Bin\..\lib\armlib\mc_w.l(entry.o)(.ARM.Collect$$$$00000000) refers (Special) to C:\Keil_v5\ARM\ARMCLANG\Bin\..\lib\armlib\mc_w.l(entry10a.o)(.ARM.Collect$$$$0000000D) for __rt_final_cpp
    C:\Keil_v5\ARM\ARMCLANG\Bin\..\lib\armlib\mc_w.l(entry.o)(.ARM.Collect$$$$00000000) refers (Special) to C:\Keil_v5\ARM\ARMCLANG\Bin\..\lib\armlib\mc_w.l(entry11a.o)(.ARM.Collect$$$$0000000F) for __rt_final_exit
    C:\Keil_v5\ARM\ARMCLANG\Bin\..\lib\armlib\mc_w.l(entry.o)(.ARM.Collect$$$$00000000) refers (Special) to C:\Keil_v5\ARM\ARMCLANG\Bin\..\lib\armlib\mc_w.l(entry7b.o)(.ARM.Collect$$$$00000008) for _main_clock
    C:\Keil_v5\ARM\ARMCLANG\Bin\..\lib\armlib\mc_w.l(entry.o)(.ARM.Collect$$$$00000000) refers (Special) to C:\Keil_v5\ARM\ARMCLANG\Bin\..\lib\armlib\mc_w.l(entry8b.o)(.ARM.Collect$$$$0000000A) for _main_cpp_init
    C:\Keil_v5\ARM\ARMCLANG\Bin\..\lib\armlib\mc_w.l(entry.o)(.ARM.Collect$$$$00000000) refers (Special) to C:\Keil_v5\ARM\ARMCLANG\Bin\..\lib\armlib\mc_w.l(entry9a.o)(.ARM.Collect$$$$0000000B) for _main_init
    C:\Keil_v5\ARM\ARMCLANG\Bin\..\lib\armlib\mc_w.l(entry.o)(.ARM.Collect$$$$00000000) refers (Special) to C:\Keil_v5\ARM\ARMCLANG\Bin\..\lib\armlib\mc_w.l(entry5.o)(.ARM.Collect$$$$00000004) for _main_scatterload
    C:\Keil_v5\ARM\ARMCLANG\Bin\..\lib\armlib\mc_w.l(entry.o)(.ARM.Collect$$$$00000000) refers (Special) to C:\Keil_v5\ARM\ARMCLANG\Bin\..\lib\armlib\mc_w.l(entry2.o)(.ARM.Collect$$$$00000001) for _main_stk
    C:\Keil_v5\ARM\ARMCLANG\Bin\..\lib\armlib\mc_w.l(printfb.o)(i.__0fprintf$bare) refers to C:\Keil_v5\ARM\ARMCLANG\Bin\..\lib\armlib\mc_w.l(printfb.o)(i._printf_core) for _printf_core
    C:\Keil_v5\ARM\ARMCLANG\Bin\..\lib\armlib\mc_w.l(printfb.o)(i.__0fprintf$bare) refers to C:\Keil_v5\ARM\ARMCLANG\Bin\..\lib\armlib\mc_w.l(fputc.o)(i.fputc) for fputc
    C:\Keil_v5\ARM\ARMCLANG\Bin\..\lib\armlib\mc_w.l(printfb.o)(i.__0printf$bare) refers to C:\Keil_v5\ARM\ARMCLANG\Bin\..\lib\armlib\mc_w.l(printfb.o)(i._printf_core) for _printf_core
    C:\Keil_v5\ARM\ARMCLANG\Bin\..\lib\armlib\mc_w.l(printfb.o)(i.__0printf$bare) refers to C:\Keil_v5\ARM\ARMCLANG\Bin\..\lib\armlib\mc_w.l(fputc.o)(i.fputc) for fputc
    C:\Keil_v5\ARM\ARMCLANG\Bin\..\lib\armlib\mc_w.l(printfb.o)(i.__0printf$bare) refers to C:\Keil_v5\ARM\ARMCLANG\Bin\..\lib\armlib\mc_w.l(stdout.o)(.data) for __stdout
    C:\Keil_v5\ARM\ARMCLANG\Bin\..\lib\armlib\mc_w.l(printfb.o)(i.__0snprintf$bare) refers to C:\Keil_v5\ARM\ARMCLANG\Bin\..\lib\armlib\mc_w.l(printfb.o)(i._printf_core) for _printf_core
    C:\Keil_v5\ARM\ARMCLANG\Bin\..\lib\armlib\mc_w.l(printfb.o)(i.__0snprintf$bare) refers to C:\Keil_v5\ARM\ARMCLANG\Bin\..\lib\armlib\mc_w.l(printfb.o)(i._snputc) for _snputc
    C:\Keil_v5\ARM\ARMCLANG\Bin\..\lib\armlib\mc_w.l(printfb.o)(i.__0sprintf$bare) refers to C:\Keil_v5\ARM\ARMCLANG\Bin\..\lib\armlib\mc_w.l(printfb.o)(i._printf_core) for _printf_core
    C:\Keil_v5\ARM\ARMCLANG\Bin\..\lib\armlib\mc_w.l(printfb.o)(i.__0sprintf$bare) refers to C:\Keil_v5\ARM\ARMCLANG\Bin\..\lib\armlib\mc_w.l(printfb.o)(i._sputc) for _sputc
    C:\Keil_v5\ARM\ARMCLANG\Bin\..\lib\armlib\mc_w.l(printfb.o)(i.__0vfprintf$bare) refers to C:\Keil_v5\ARM\ARMCLANG\Bin\..\lib\armlib\mc_w.l(printfb.o)(i._printf_core) for _printf_core
    C:\Keil_v5\ARM\ARMCLANG\Bin\..\lib\armlib\mc_w.l(printfb.o)(i.__0vfprintf$bare) refers to C:\Keil_v5\ARM\ARMCLANG\Bin\..\lib\armlib\mc_w.l(fputc.o)(i.fputc) for fputc
    C:\Keil_v5\ARM\ARMCLANG\Bin\..\lib\armlib\mc_w.l(printfb.o)(i.__0vprintf$bare) refers to C:\Keil_v5\ARM\ARMCLANG\Bin\..\lib\armlib\mc_w.l(printfb.o)(i._printf_core) for _printf_core
    C:\Keil_v5\ARM\ARMCLANG\Bin\..\lib\armlib\mc_w.l(printfb.o)(i.__0vprintf$bare) refers to C:\Keil_v5\ARM\ARMCLANG\Bin\..\lib\armlib\mc_w.l(fputc.o)(i.fputc) for fputc
    C:\Keil_v5\ARM\ARMCLANG\Bin\..\lib\armlib\mc_w.l(printfb.o)(i.__0vprintf$bare) refers to C:\Keil_v5\ARM\ARMCLANG\Bin\..\lib\armlib\mc_w.l(stdout.o)(.data) for __stdout
    C:\Keil_v5\ARM\ARMCLANG\Bin\..\lib\armlib\mc_w.l(printfb.o)(i.__0vsnprintf$bare) refers to C:\Keil_v5\ARM\ARMCLANG\Bin\..\lib\armlib\mc_w.l(printfb.o)(i._printf_core) for _printf_core
    C:\Keil_v5\ARM\ARMCLANG\Bin\..\lib\armlib\mc_w.l(printfb.o)(i.__0vsnprintf$bare) refers to C:\Keil_v5\ARM\ARMCLANG\Bin\..\lib\armlib\mc_w.l(printfb.o)(i._snputc) for _snputc
    C:\Keil_v5\ARM\ARMCLANG\Bin\..\lib\armlib\mc_w.l(printfb.o)(i.__0vsprintf$bare) refers to C:\Keil_v5\ARM\ARMCLANG\Bin\..\lib\armlib\mc_w.l(printfb.o)(i._printf_core) for _printf_core
    C:\Keil_v5\ARM\ARMCLANG\Bin\..\lib\armlib\mc_w.l(printfb.o)(i.__0vsprintf$bare) refers to C:\Keil_v5\ARM\ARMCLANG\Bin\..\lib\armlib\mc_w.l(printfb.o)(i._sputc) for _sputc
    C:\Keil_v5\ARM\ARMCLANG\Bin\..\lib\armlib\mc_w.l(printf0.o)(i.__0fprintf$0) refers to C:\Keil_v5\ARM\ARMCLANG\Bin\..\lib\armlib\mc_w.l(printf0.o)(i._printf_core) for _printf_core
    C:\Keil_v5\ARM\ARMCLANG\Bin\..\lib\armlib\mc_w.l(printf0.o)(i.__0fprintf$0) refers to C:\Keil_v5\ARM\ARMCLANG\Bin\..\lib\armlib\mc_w.l(fputc.o)(i.fputc) for fputc
    C:\Keil_v5\ARM\ARMCLANG\Bin\..\lib\armlib\mc_w.l(printf0.o)(i.__0printf$0) refers to C:\Keil_v5\ARM\ARMCLANG\Bin\..\lib\armlib\mc_w.l(printf0.o)(i._printf_core) for _printf_core
    C:\Keil_v5\ARM\ARMCLANG\Bin\..\lib\armlib\mc_w.l(printf0.o)(i.__0printf$0) refers to C:\Keil_v5\ARM\ARMCLANG\Bin\..\lib\armlib\mc_w.l(fputc.o)(i.fputc) for fputc
    C:\Keil_v5\ARM\ARMCLANG\Bin\..\lib\armlib\mc_w.l(printf0.o)(i.__0printf$0) refers to C:\Keil_v5\ARM\ARMCLANG\Bin\..\lib\armlib\mc_w.l(stdout.o)(.data) for __stdout
    C:\Keil_v5\ARM\ARMCLANG\Bin\..\lib\armlib\mc_w.l(printf0.o)(i.__0snprintf$0) refers to C:\Keil_v5\ARM\ARMCLANG\Bin\..\lib\armlib\mc_w.l(printf0.o)(i._printf_core) for _printf_core
    C:\Keil_v5\ARM\ARMCLANG\Bin\..\lib\armlib\mc_w.l(printf0.o)(i.__0snprintf$0) refers to C:\Keil_v5\ARM\ARMCLANG\Bin\..\lib\armlib\mc_w.l(printf0.o)(i._snputc) for _snputc
    C:\Keil_v5\ARM\ARMCLANG\Bin\..\lib\armlib\mc_w.l(printf0.o)(i.__0sprintf$0) refers to C:\Keil_v5\ARM\ARMCLANG\Bin\..\lib\armlib\mc_w.l(printf0.o)(i._printf_core) for _printf_core
    C:\Keil_v5\ARM\ARMCLANG\Bin\..\lib\armlib\mc_w.l(printf0.o)(i.__0sprintf$0) refers to C:\Keil_v5\ARM\ARMCLANG\Bin\..\lib\armlib\mc_w.l(printf0.o)(i._sputc) for _sputc
    C:\Keil_v5\ARM\ARMCLANG\Bin\..\lib\armlib\mc_w.l(printf0.o)(i.__0vfprintf$0) refers to C:\Keil_v5\ARM\ARMCLANG\Bin\..\lib\armlib\mc_w.l(printf0.o)(i._printf_core) for _printf_core
    C:\Keil_v5\ARM\ARMCLANG\Bin\..\lib\armlib\mc_w.l(printf0.o)(i.__0vfprintf$0) refers to C:\Keil_v5\ARM\ARMCLANG\Bin\..\lib\armlib\mc_w.l(fputc.o)(i.fputc) for fputc
    C:\Keil_v5\ARM\ARMCLANG\Bin\..\lib\armlib\mc_w.l(printf0.o)(i.__0vprintf$0) refers to C:\Keil_v5\ARM\ARMCLANG\Bin\..\lib\armlib\mc_w.l(printf0.o)(i._printf_core) for _printf_core
    C:\Keil_v5\ARM\ARMCLANG\Bin\..\lib\armlib\mc_w.l(printf0.o)(i.__0vprintf$0) refers to C:\Keil_v5\ARM\ARMCLANG\Bin\..\lib\armlib\mc_w.l(fputc.o)(i.fputc) for fputc
    C:\Keil_v5\ARM\ARMCLANG\Bin\..\lib\armlib\mc_w.l(printf0.o)(i.__0vprintf$0) refers to C:\Keil_v5\ARM\ARMCLANG\Bin\..\lib\armlib\mc_w.l(stdout.o)(.data) for __stdout
    C:\Keil_v5\ARM\ARMCLANG\Bin\..\lib\armlib\mc_w.l(printf0.o)(i.__0vsnprintf$0) refers to C:\Keil_v5\ARM\ARMCLANG\Bin\..\lib\armlib\mc_w.l(printf0.o)(i._printf_core) for _printf_core
    C:\Keil_v5\ARM\ARMCLANG\Bin\..\lib\armlib\mc_w.l(printf0.o)(i.__0vsnprintf$0) refers to C:\Keil_v5\ARM\ARMCLANG\Bin\..\lib\armlib\mc_w.l(printf0.o)(i._snputc) for _snputc
    C:\Keil_v5\ARM\ARMCLANG\Bin\..\lib\armlib\mc_w.l(printf0.o)(i.__0vsprintf$0) refers to C:\Keil_v5\ARM\ARMCLANG\Bin\..\lib\armlib\mc_w.l(printf0.o)(i._printf_core) for _printf_core
    C:\Keil_v5\ARM\ARMCLANG\Bin\..\lib\armlib\mc_w.l(printf0.o)(i.__0vsprintf$0) refers to C:\Keil_v5\ARM\ARMCLANG\Bin\..\lib\armlib\mc_w.l(printf0.o)(i._sputc) for _sputc
    C:\Keil_v5\ARM\ARMCLANG\Bin\..\lib\armlib\mc_w.l(printf1.o)(i.__0fprintf$1) refers to C:\Keil_v5\ARM\ARMCLANG\Bin\..\lib\armlib\mc_w.l(printf1.o)(i._printf_core) for _printf_core
    C:\Keil_v5\ARM\ARMCLANG\Bin\..\lib\armlib\mc_w.l(printf1.o)(i.__0fprintf$1) refers to C:\Keil_v5\ARM\ARMCLANG\Bin\..\lib\armlib\mc_w.l(fputc.o)(i.fputc) for fputc
    C:\Keil_v5\ARM\ARMCLANG\Bin\..\lib\armlib\mc_w.l(printf1.o)(i.__0printf$1) refers to C:\Keil_v5\ARM\ARMCLANG\Bin\..\lib\armlib\mc_w.l(printf1.o)(i._printf_core) for _printf_core
    C:\Keil_v5\ARM\ARMCLANG\Bin\..\lib\armlib\mc_w.l(printf1.o)(i.__0printf$1) refers to C:\Keil_v5\ARM\ARMCLANG\Bin\..\lib\armlib\mc_w.l(fputc.o)(i.fputc) for fputc
    C:\Keil_v5\ARM\ARMCLANG\Bin\..\lib\armlib\mc_w.l(printf1.o)(i.__0printf$1) refers to C:\Keil_v5\ARM\ARMCLANG\Bin\..\lib\armlib\mc_w.l(stdout.o)(.data) for __stdout
    C:\Keil_v5\ARM\ARMCLANG\Bin\..\lib\armlib\mc_w.l(printf1.o)(i.__0snprintf$1) refers to C:\Keil_v5\ARM\ARMCLANG\Bin\..\lib\armlib\mc_w.l(printf1.o)(i._printf_core) for _printf_core
    C:\Keil_v5\ARM\ARMCLANG\Bin\..\lib\armlib\mc_w.l(printf1.o)(i.__0snprintf$1) refers to C:\Keil_v5\ARM\ARMCLANG\Bin\..\lib\armlib\mc_w.l(printf1.o)(i._snputc) for _snputc
    C:\Keil_v5\ARM\ARMCLANG\Bin\..\lib\armlib\mc_w.l(printf1.o)(i.__0sprintf$1) refers to C:\Keil_v5\ARM\ARMCLANG\Bin\..\lib\armlib\mc_w.l(printf1.o)(i._printf_core) for _printf_core
    C:\Keil_v5\ARM\ARMCLANG\Bin\..\lib\armlib\mc_w.l(printf1.o)(i.__0sprintf$1) refers to C:\Keil_v5\ARM\ARMCLANG\Bin\..\lib\armlib\mc_w.l(printf1.o)(i._sputc) for _sputc
    C:\Keil_v5\ARM\ARMCLANG\Bin\..\lib\armlib\mc_w.l(printf1.o)(i.__0vfprintf$1) refers to C:\Keil_v5\ARM\ARMCLANG\Bin\..\lib\armlib\mc_w.l(printf1.o)(i._printf_core) for _printf_core
    C:\Keil_v5\ARM\ARMCLANG\Bin\..\lib\armlib\mc_w.l(printf1.o)(i.__0vfprintf$1) refers to C:\Keil_v5\ARM\ARMCLANG\Bin\..\lib\armlib\mc_w.l(fputc.o)(i.fputc) for fputc
    C:\Keil_v5\ARM\ARMCLANG\Bin\..\lib\armlib\mc_w.l(printf1.o)(i.__0vprintf$1) refers to C:\Keil_v5\ARM\ARMCLANG\Bin\..\lib\armlib\mc_w.l(printf1.o)(i._printf_core) for _printf_core
    C:\Keil_v5\ARM\ARMCLANG\Bin\..\lib\armlib\mc_w.l(printf1.o)(i.__0vprintf$1) refers to C:\Keil_v5\ARM\ARMCLANG\Bin\..\lib\armlib\mc_w.l(fputc.o)(i.fputc) for fputc
    C:\Keil_v5\ARM\ARMCLANG\Bin\..\lib\armlib\mc_w.l(printf1.o)(i.__0vprintf$1) refers to C:\Keil_v5\ARM\ARMCLANG\Bin\..\lib\armlib\mc_w.l(stdout.o)(.data) for __stdout
    C:\Keil_v5\ARM\ARMCLANG\Bin\..\lib\armlib\mc_w.l(printf1.o)(i.__0vsnprintf$1) refers to C:\Keil_v5\ARM\ARMCLANG\Bin\..\lib\armlib\mc_w.l(printf1.o)(i._printf_core) for _printf_core
    C:\Keil_v5\ARM\ARMCLANG\Bin\..\lib\armlib\mc_w.l(printf1.o)(i.__0vsnprintf$1) refers to C:\Keil_v5\ARM\ARMCLANG\Bin\..\lib\armlib\mc_w.l(printf1.o)(i._snputc) for _snputc
    C:\Keil_v5\ARM\ARMCLANG\Bin\..\lib\armlib\mc_w.l(printf1.o)(i.__0vsprintf$1) refers to C:\Keil_v5\ARM\ARMCLANG\Bin\..\lib\armlib\mc_w.l(printf1.o)(i._printf_core) for _printf_core
    C:\Keil_v5\ARM\ARMCLANG\Bin\..\lib\armlib\mc_w.l(printf1.o)(i.__0vsprintf$1) refers to C:\Keil_v5\ARM\ARMCLANG\Bin\..\lib\armlib\mc_w.l(printf1.o)(i._sputc) for _sputc
    C:\Keil_v5\ARM\ARMCLANG\Bin\..\lib\armlib\mc_w.l(printf1.o)(i._printf_core) refers to C:\Keil_v5\ARM\ARMCLANG\Bin\..\lib\armlib\mc_w.l(uidiv.o)(.text) for __aeabi_uidivmod
    C:\Keil_v5\ARM\ARMCLANG\Bin\..\lib\armlib\mc_w.l(printf2.o)(i.__0fprintf$2) refers to C:\Keil_v5\ARM\ARMCLANG\Bin\..\lib\armlib\mc_w.l(printf2.o)(i._printf_core) for _printf_core
    C:\Keil_v5\ARM\ARMCLANG\Bin\..\lib\armlib\mc_w.l(printf2.o)(i.__0fprintf$2) refers to C:\Keil_v5\ARM\ARMCLANG\Bin\..\lib\armlib\mc_w.l(fputc.o)(i.fputc) for fputc
    C:\Keil_v5\ARM\ARMCLANG\Bin\..\lib\armlib\mc_w.l(printf2.o)(i.__0printf$2) refers to C:\Keil_v5\ARM\ARMCLANG\Bin\..\lib\armlib\mc_w.l(printf2.o)(i._printf_core) for _printf_core
    C:\Keil_v5\ARM\ARMCLANG\Bin\..\lib\armlib\mc_w.l(printf2.o)(i.__0printf$2) refers to C:\Keil_v5\ARM\ARMCLANG\Bin\..\lib\armlib\mc_w.l(fputc.o)(i.fputc) for fputc
    C:\Keil_v5\ARM\ARMCLANG\Bin\..\lib\armlib\mc_w.l(printf2.o)(i.__0printf$2) refers to C:\Keil_v5\ARM\ARMCLANG\Bin\..\lib\armlib\mc_w.l(stdout.o)(.data) for __stdout
    C:\Keil_v5\ARM\ARMCLANG\Bin\..\lib\armlib\mc_w.l(printf2.o)(i.__0snprintf$2) refers to C:\Keil_v5\ARM\ARMCLANG\Bin\..\lib\armlib\mc_w.l(printf2.o)(i._printf_core) for _printf_core
    C:\Keil_v5\ARM\ARMCLANG\Bin\..\lib\armlib\mc_w.l(printf2.o)(i.__0snprintf$2) refers to C:\Keil_v5\ARM\ARMCLANG\Bin\..\lib\armlib\mc_w.l(printf2.o)(i._snputc) for _snputc
    C:\Keil_v5\ARM\ARMCLANG\Bin\..\lib\armlib\mc_w.l(printf2.o)(i.__0sprintf$2) refers to C:\Keil_v5\ARM\ARMCLANG\Bin\..\lib\armlib\mc_w.l(printf2.o)(i._printf_core) for _printf_core
    C:\Keil_v5\ARM\ARMCLANG\Bin\..\lib\armlib\mc_w.l(printf2.o)(i.__0sprintf$2) refers to C:\Keil_v5\ARM\ARMCLANG\Bin\..\lib\armlib\mc_w.l(printf2.o)(i._sputc) for _sputc
    C:\Keil_v5\ARM\ARMCLANG\Bin\..\lib\armlib\mc_w.l(printf2.o)(i.__0vfprintf$2) refers to C:\Keil_v5\ARM\ARMCLANG\Bin\..\lib\armlib\mc_w.l(printf2.o)(i._printf_core) for _printf_core
    C:\Keil_v5\ARM\ARMCLANG\Bin\..\lib\armlib\mc_w.l(printf2.o)(i.__0vfprintf$2) refers to C:\Keil_v5\ARM\ARMCLANG\Bin\..\lib\armlib\mc_w.l(fputc.o)(i.fputc) for fputc
    C:\Keil_v5\ARM\ARMCLANG\Bin\..\lib\armlib\mc_w.l(printf2.o)(i.__0vprintf$2) refers to C:\Keil_v5\ARM\ARMCLANG\Bin\..\lib\armlib\mc_w.l(printf2.o)(i._printf_core) for _printf_core
    C:\Keil_v5\ARM\ARMCLANG\Bin\..\lib\armlib\mc_w.l(printf2.o)(i.__0vprintf$2) refers to C:\Keil_v5\ARM\ARMCLANG\Bin\..\lib\armlib\mc_w.l(fputc.o)(i.fputc) for fputc
    C:\Keil_v5\ARM\ARMCLANG\Bin\..\lib\armlib\mc_w.l(printf2.o)(i.__0vprintf$2) refers to C:\Keil_v5\ARM\ARMCLANG\Bin\..\lib\armlib\mc_w.l(stdout.o)(.data) for __stdout
    C:\Keil_v5\ARM\ARMCLANG\Bin\..\lib\armlib\mc_w.l(printf2.o)(i.__0vsnprintf$2) refers to C:\Keil_v5\ARM\ARMCLANG\Bin\..\lib\armlib\mc_w.l(printf2.o)(i._printf_core) for _printf_core
    C:\Keil_v5\ARM\ARMCLANG\Bin\..\lib\armlib\mc_w.l(printf2.o)(i.__0vsnprintf$2) refers to C:\Keil_v5\ARM\ARMCLANG\Bin\..\lib\armlib\mc_w.l(printf2.o)(i._snputc) for _snputc
    C:\Keil_v5\ARM\ARMCLANG\Bin\..\lib\armlib\mc_w.l(printf2.o)(i.__0vsprintf$2) refers to C:\Keil_v5\ARM\ARMCLANG\Bin\..\lib\armlib\mc_w.l(printf2.o)(i._printf_core) for _printf_core
    C:\Keil_v5\ARM\ARMCLANG\Bin\..\lib\armlib\mc_w.l(printf2.o)(i.__0vsprintf$2) refers to C:\Keil_v5\ARM\ARMCLANG\Bin\..\lib\armlib\mc_w.l(printf2.o)(i._sputc) for _sputc
    C:\Keil_v5\ARM\ARMCLANG\Bin\..\lib\armlib\mc_w.l(printf3.o)(i.__0fprintf$3) refers to C:\Keil_v5\ARM\ARMCLANG\Bin\..\lib\armlib\mc_w.l(printf3.o)(i._printf_core) for _printf_core
    C:\Keil_v5\ARM\ARMCLANG\Bin\..\lib\armlib\mc_w.l(printf3.o)(i.__0fprintf$3) refers to C:\Keil_v5\ARM\ARMCLANG\Bin\..\lib\armlib\mc_w.l(fputc.o)(i.fputc) for fputc
    C:\Keil_v5\ARM\ARMCLANG\Bin\..\lib\armlib\mc_w.l(printf3.o)(i.__0printf$3) refers to C:\Keil_v5\ARM\ARMCLANG\Bin\..\lib\armlib\mc_w.l(printf3.o)(i._printf_core) for _printf_core
    C:\Keil_v5\ARM\ARMCLANG\Bin\..\lib\armlib\mc_w.l(printf3.o)(i.__0printf$3) refers to C:\Keil_v5\ARM\ARMCLANG\Bin\..\lib\armlib\mc_w.l(fputc.o)(i.fputc) for fputc
    C:\Keil_v5\ARM\ARMCLANG\Bin\..\lib\armlib\mc_w.l(printf3.o)(i.__0printf$3) refers to C:\Keil_v5\ARM\ARMCLANG\Bin\..\lib\armlib\mc_w.l(stdout.o)(.data) for __stdout
    C:\Keil_v5\ARM\ARMCLANG\Bin\..\lib\armlib\mc_w.l(printf3.o)(i.__0snprintf$3) refers to C:\Keil_v5\ARM\ARMCLANG\Bin\..\lib\armlib\mc_w.l(printf3.o)(i._printf_core) for _printf_core
    C:\Keil_v5\ARM\ARMCLANG\Bin\..\lib\armlib\mc_w.l(printf3.o)(i.__0snprintf$3) refers to C:\Keil_v5\ARM\ARMCLANG\Bin\..\lib\armlib\mc_w.l(printf3.o)(i._snputc) for _snputc
    C:\Keil_v5\ARM\ARMCLANG\Bin\..\lib\armlib\mc_w.l(printf3.o)(i.__0sprintf$3) refers to C:\Keil_v5\ARM\ARMCLANG\Bin\..\lib\armlib\mc_w.l(printf3.o)(i._printf_core) for _printf_core
    C:\Keil_v5\ARM\ARMCLANG\Bin\..\lib\armlib\mc_w.l(printf3.o)(i.__0sprintf$3) refers to C:\Keil_v5\ARM\ARMCLANG\Bin\..\lib\armlib\mc_w.l(printf3.o)(i._sputc) for _sputc
    C:\Keil_v5\ARM\ARMCLANG\Bin\..\lib\armlib\mc_w.l(printf3.o)(i.__0vfprintf$3) refers to C:\Keil_v5\ARM\ARMCLANG\Bin\..\lib\armlib\mc_w.l(printf3.o)(i._printf_core) for _printf_core
    C:\Keil_v5\ARM\ARMCLANG\Bin\..\lib\armlib\mc_w.l(printf3.o)(i.__0vfprintf$3) refers to C:\Keil_v5\ARM\ARMCLANG\Bin\..\lib\armlib\mc_w.l(fputc.o)(i.fputc) for fputc
    C:\Keil_v5\ARM\ARMCLANG\Bin\..\lib\armlib\mc_w.l(printf3.o)(i.__0vprintf$3) refers to C:\Keil_v5\ARM\ARMCLANG\Bin\..\lib\armlib\mc_w.l(printf3.o)(i._printf_core) for _printf_core
    C:\Keil_v5\ARM\ARMCLANG\Bin\..\lib\armlib\mc_w.l(printf3.o)(i.__0vprintf$3) refers to C:\Keil_v5\ARM\ARMCLANG\Bin\..\lib\armlib\mc_w.l(fputc.o)(i.fputc) for fputc
    C:\Keil_v5\ARM\ARMCLANG\Bin\..\lib\armlib\mc_w.l(printf3.o)(i.__0vprintf$3) refers to C:\Keil_v5\ARM\ARMCLANG\Bin\..\lib\armlib\mc_w.l(stdout.o)(.data) for __stdout
    C:\Keil_v5\ARM\ARMCLANG\Bin\..\lib\armlib\mc_w.l(printf3.o)(i.__0vsnprintf$3) refers to C:\Keil_v5\ARM\ARMCLANG\Bin\..\lib\armlib\mc_w.l(printf3.o)(i._printf_core) for _printf_core
    C:\Keil_v5\ARM\ARMCLANG\Bin\..\lib\armlib\mc_w.l(printf3.o)(i.__0vsnprintf$3) refers to C:\Keil_v5\ARM\ARMCLANG\Bin\..\lib\armlib\mc_w.l(printf3.o)(i._snputc) for _snputc
    C:\Keil_v5\ARM\ARMCLANG\Bin\..\lib\armlib\mc_w.l(printf3.o)(i.__0vsprintf$3) refers to C:\Keil_v5\ARM\ARMCLANG\Bin\..\lib\armlib\mc_w.l(printf3.o)(i._printf_core) for _printf_core
    C:\Keil_v5\ARM\ARMCLANG\Bin\..\lib\armlib\mc_w.l(printf3.o)(i.__0vsprintf$3) refers to C:\Keil_v5\ARM\ARMCLANG\Bin\..\lib\armlib\mc_w.l(printf3.o)(i._sputc) for _sputc
    C:\Keil_v5\ARM\ARMCLANG\Bin\..\lib\armlib\mc_w.l(printf3.o)(i._printf_core) refers to C:\Keil_v5\ARM\ARMCLANG\Bin\..\lib\armlib\mc_w.l(uidiv.o)(.text) for __aeabi_uidivmod
    C:\Keil_v5\ARM\ARMCLANG\Bin\..\lib\armlib\mc_w.l(printf4.o)(i.__0fprintf$4) refers to C:\Keil_v5\ARM\ARMCLANG\Bin\..\lib\armlib\mc_w.l(printf4.o)(i._printf_core) for _printf_core
    C:\Keil_v5\ARM\ARMCLANG\Bin\..\lib\armlib\mc_w.l(printf4.o)(i.__0fprintf$4) refers to C:\Keil_v5\ARM\ARMCLANG\Bin\..\lib\armlib\mc_w.l(fputc.o)(i.fputc) for fputc
    C:\Keil_v5\ARM\ARMCLANG\Bin\..\lib\armlib\mc_w.l(printf4.o)(i.__0printf$4) refers to C:\Keil_v5\ARM\ARMCLANG\Bin\..\lib\armlib\mc_w.l(printf4.o)(i._printf_core) for _printf_core
    C:\Keil_v5\ARM\ARMCLANG\Bin\..\lib\armlib\mc_w.l(printf4.o)(i.__0printf$4) refers to C:\Keil_v5\ARM\ARMCLANG\Bin\..\lib\armlib\mc_w.l(fputc.o)(i.fputc) for fputc
    C:\Keil_v5\ARM\ARMCLANG\Bin\..\lib\armlib\mc_w.l(printf4.o)(i.__0printf$4) refers to C:\Keil_v5\ARM\ARMCLANG\Bin\..\lib\armlib\mc_w.l(stdout.o)(.data) for __stdout
    C:\Keil_v5\ARM\ARMCLANG\Bin\..\lib\armlib\mc_w.l(printf4.o)(i.__0snprintf$4) refers to C:\Keil_v5\ARM\ARMCLANG\Bin\..\lib\armlib\mc_w.l(printf4.o)(i._printf_core) for _printf_core
    C:\Keil_v5\ARM\ARMCLANG\Bin\..\lib\armlib\mc_w.l(printf4.o)(i.__0snprintf$4) refers to C:\Keil_v5\ARM\ARMCLANG\Bin\..\lib\armlib\mc_w.l(printf4.o)(i._snputc) for _snputc
    C:\Keil_v5\ARM\ARMCLANG\Bin\..\lib\armlib\mc_w.l(printf4.o)(i.__0sprintf$4) refers to C:\Keil_v5\ARM\ARMCLANG\Bin\..\lib\armlib\mc_w.l(printf4.o)(i._printf_core) for _printf_core
    C:\Keil_v5\ARM\ARMCLANG\Bin\..\lib\armlib\mc_w.l(printf4.o)(i.__0sprintf$4) refers to C:\Keil_v5\ARM\ARMCLANG\Bin\..\lib\armlib\mc_w.l(printf4.o)(i._sputc) for _sputc
    C:\Keil_v5\ARM\ARMCLANG\Bin\..\lib\armlib\mc_w.l(printf4.o)(i.__0vfprintf$4) refers to C:\Keil_v5\ARM\ARMCLANG\Bin\..\lib\armlib\mc_w.l(printf4.o)(i._printf_core) for _printf_core
    C:\Keil_v5\ARM\ARMCLANG\Bin\..\lib\armlib\mc_w.l(printf4.o)(i.__0vfprintf$4) refers to C:\Keil_v5\ARM\ARMCLANG\Bin\..\lib\armlib\mc_w.l(fputc.o)(i.fputc) for fputc
    C:\Keil_v5\ARM\ARMCLANG\Bin\..\lib\armlib\mc_w.l(printf4.o)(i.__0vprintf$4) refers to C:\Keil_v5\ARM\ARMCLANG\Bin\..\lib\armlib\mc_w.l(printf4.o)(i._printf_core) for _printf_core
    C:\Keil_v5\ARM\ARMCLANG\Bin\..\lib\armlib\mc_w.l(printf4.o)(i.__0vprintf$4) refers to C:\Keil_v5\ARM\ARMCLANG\Bin\..\lib\armlib\mc_w.l(fputc.o)(i.fputc) for fputc
    C:\Keil_v5\ARM\ARMCLANG\Bin\..\lib\armlib\mc_w.l(printf4.o)(i.__0vprintf$4) refers to C:\Keil_v5\ARM\ARMCLANG\Bin\..\lib\armlib\mc_w.l(stdout.o)(.data) for __stdout
    C:\Keil_v5\ARM\ARMCLANG\Bin\..\lib\armlib\mc_w.l(printf4.o)(i.__0vsnprintf$4) refers to C:\Keil_v5\ARM\ARMCLANG\Bin\..\lib\armlib\mc_w.l(printf4.o)(i._printf_core) for _printf_core
    C:\Keil_v5\ARM\ARMCLANG\Bin\..\lib\armlib\mc_w.l(printf4.o)(i.__0vsnprintf$4) refers to C:\Keil_v5\ARM\ARMCLANG\Bin\..\lib\armlib\mc_w.l(printf4.o)(i._snputc) for _snputc
    C:\Keil_v5\ARM\ARMCLANG\Bin\..\lib\armlib\mc_w.l(printf4.o)(i.__0vsprintf$4) refers to C:\Keil_v5\ARM\ARMCLANG\Bin\..\lib\armlib\mc_w.l(printf4.o)(i._printf_core) for _printf_core
    C:\Keil_v5\ARM\ARMCLANG\Bin\..\lib\armlib\mc_w.l(printf4.o)(i.__0vsprintf$4) refers to C:\Keil_v5\ARM\ARMCLANG\Bin\..\lib\armlib\mc_w.l(printf4.o)(i._sputc) for _sputc
    C:\Keil_v5\ARM\ARMCLANG\Bin\..\lib\armlib\mc_w.l(printf4.o)(i._printf_core) refers to C:\Keil_v5\ARM\ARMCLANG\Bin\..\lib\armlib\mc_w.l(uldiv.o)(.text) for __aeabi_uldivmod
    C:\Keil_v5\ARM\ARMCLANG\Bin\..\lib\armlib\mc_w.l(printf5.o)(i.__0fprintf$5) refers to C:\Keil_v5\ARM\ARMCLANG\Bin\..\lib\armlib\mc_w.l(printf5.o)(i._printf_core) for _printf_core
    C:\Keil_v5\ARM\ARMCLANG\Bin\..\lib\armlib\mc_w.l(printf5.o)(i.__0fprintf$5) refers to C:\Keil_v5\ARM\ARMCLANG\Bin\..\lib\armlib\mc_w.l(fputc.o)(i.fputc) for fputc
    C:\Keil_v5\ARM\ARMCLANG\Bin\..\lib\armlib\mc_w.l(printf5.o)(i.__0printf$5) refers to C:\Keil_v5\ARM\ARMCLANG\Bin\..\lib\armlib\mc_w.l(printf5.o)(i._printf_core) for _printf_core
    C:\Keil_v5\ARM\ARMCLANG\Bin\..\lib\armlib\mc_w.l(printf5.o)(i.__0printf$5) refers to C:\Keil_v5\ARM\ARMCLANG\Bin\..\lib\armlib\mc_w.l(fputc.o)(i.fputc) for fputc
    C:\Keil_v5\ARM\ARMCLANG\Bin\..\lib\armlib\mc_w.l(printf5.o)(i.__0printf$5) refers to C:\Keil_v5\ARM\ARMCLANG\Bin\..\lib\armlib\mc_w.l(stdout.o)(.data) for __stdout
    C:\Keil_v5\ARM\ARMCLANG\Bin\..\lib\armlib\mc_w.l(printf5.o)(i.__0snprintf$5) refers to C:\Keil_v5\ARM\ARMCLANG\Bin\..\lib\armlib\mc_w.l(printf5.o)(i._printf_core) for _printf_core
    C:\Keil_v5\ARM\ARMCLANG\Bin\..\lib\armlib\mc_w.l(printf5.o)(i.__0snprintf$5) refers to C:\Keil_v5\ARM\ARMCLANG\Bin\..\lib\armlib\mc_w.l(printf5.o)(i._snputc) for _snputc
    C:\Keil_v5\ARM\ARMCLANG\Bin\..\lib\armlib\mc_w.l(printf5.o)(i.__0sprintf$5) refers to C:\Keil_v5\ARM\ARMCLANG\Bin\..\lib\armlib\mc_w.l(printf5.o)(i._printf_core) for _printf_core
    C:\Keil_v5\ARM\ARMCLANG\Bin\..\lib\armlib\mc_w.l(printf5.o)(i.__0sprintf$5) refers to C:\Keil_v5\ARM\ARMCLANG\Bin\..\lib\armlib\mc_w.l(printf5.o)(i._sputc) for _sputc
    C:\Keil_v5\ARM\ARMCLANG\Bin\..\lib\armlib\mc_w.l(printf5.o)(i.__0vfprintf$5) refers to C:\Keil_v5\ARM\ARMCLANG\Bin\..\lib\armlib\mc_w.l(printf5.o)(i._printf_core) for _printf_core
    C:\Keil_v5\ARM\ARMCLANG\Bin\..\lib\armlib\mc_w.l(printf5.o)(i.__0vfprintf$5) refers to C:\Keil_v5\ARM\ARMCLANG\Bin\..\lib\armlib\mc_w.l(fputc.o)(i.fputc) for fputc
    C:\Keil_v5\ARM\ARMCLANG\Bin\..\lib\armlib\mc_w.l(printf5.o)(i.__0vprintf$5) refers to C:\Keil_v5\ARM\ARMCLANG\Bin\..\lib\armlib\mc_w.l(printf5.o)(i._printf_core) for _printf_core
    C:\Keil_v5\ARM\ARMCLANG\Bin\..\lib\armlib\mc_w.l(printf5.o)(i.__0vprintf$5) refers to C:\Keil_v5\ARM\ARMCLANG\Bin\..\lib\armlib\mc_w.l(fputc.o)(i.fputc) for fputc
    C:\Keil_v5\ARM\ARMCLANG\Bin\..\lib\armlib\mc_w.l(printf5.o)(i.__0vprintf$5) refers to C:\Keil_v5\ARM\ARMCLANG\Bin\..\lib\armlib\mc_w.l(stdout.o)(.data) for __stdout
    C:\Keil_v5\ARM\ARMCLANG\Bin\..\lib\armlib\mc_w.l(printf5.o)(i.__0vsnprintf$5) refers to C:\Keil_v5\ARM\ARMCLANG\Bin\..\lib\armlib\mc_w.l(printf5.o)(i._printf_core) for _printf_core
    C:\Keil_v5\ARM\ARMCLANG\Bin\..\lib\armlib\mc_w.l(printf5.o)(i.__0vsnprintf$5) refers to C:\Keil_v5\ARM\ARMCLANG\Bin\..\lib\armlib\mc_w.l(printf5.o)(i._snputc) for _snputc
    C:\Keil_v5\ARM\ARMCLANG\Bin\..\lib\armlib\mc_w.l(printf5.o)(i.__0vsprintf$5) refers to C:\Keil_v5\ARM\ARMCLANG\Bin\..\lib\armlib\mc_w.l(printf5.o)(i._printf_core) for _printf_core
    C:\Keil_v5\ARM\ARMCLANG\Bin\..\lib\armlib\mc_w.l(printf5.o)(i.__0vsprintf$5) refers to C:\Keil_v5\ARM\ARMCLANG\Bin\..\lib\armlib\mc_w.l(printf5.o)(i._sputc) for _sputc
    C:\Keil_v5\ARM\ARMCLANG\Bin\..\lib\armlib\mc_w.l(printf5.o)(i._printf_core) refers to C:\Keil_v5\ARM\ARMCLANG\Bin\..\lib\armlib\mc_w.l(uldiv.o)(.text) for __aeabi_uldivmod
    C:\Keil_v5\ARM\ARMCLANG\Bin\..\lib\armlib\mc_w.l(printf6.o)(i.__0fprintf$6) refers to C:\Keil_v5\ARM\ARMCLANG\Bin\..\lib\armlib\mc_w.l(printf6.o)(i._printf_core) for _printf_core
    C:\Keil_v5\ARM\ARMCLANG\Bin\..\lib\armlib\mc_w.l(printf6.o)(i.__0fprintf$6) refers to C:\Keil_v5\ARM\ARMCLANG\Bin\..\lib\armlib\mc_w.l(fputc.o)(i.fputc) for fputc
    C:\Keil_v5\ARM\ARMCLANG\Bin\..\lib\armlib\mc_w.l(printf6.o)(i.__0printf$6) refers to C:\Keil_v5\ARM\ARMCLANG\Bin\..\lib\armlib\mc_w.l(printf6.o)(i._printf_core) for _printf_core
    C:\Keil_v5\ARM\ARMCLANG\Bin\..\lib\armlib\mc_w.l(printf6.o)(i.__0printf$6) refers to C:\Keil_v5\ARM\ARMCLANG\Bin\..\lib\armlib\mc_w.l(fputc.o)(i.fputc) for fputc
    C:\Keil_v5\ARM\ARMCLANG\Bin\..\lib\armlib\mc_w.l(printf6.o)(i.__0printf$6) refers to C:\Keil_v5\ARM\ARMCLANG\Bin\..\lib\armlib\mc_w.l(stdout.o)(.data) for __stdout
    C:\Keil_v5\ARM\ARMCLANG\Bin\..\lib\armlib\mc_w.l(printf6.o)(i.__0snprintf$6) refers to C:\Keil_v5\ARM\ARMCLANG\Bin\..\lib\armlib\mc_w.l(printf6.o)(i._printf_core) for _printf_core
    C:\Keil_v5\ARM\ARMCLANG\Bin\..\lib\armlib\mc_w.l(printf6.o)(i.__0snprintf$6) refers to C:\Keil_v5\ARM\ARMCLANG\Bin\..\lib\armlib\mc_w.l(printf6.o)(i._snputc) for _snputc
    C:\Keil_v5\ARM\ARMCLANG\Bin\..\lib\armlib\mc_w.l(printf6.o)(i.__0sprintf$6) refers to C:\Keil_v5\ARM\ARMCLANG\Bin\..\lib\armlib\mc_w.l(printf6.o)(i._printf_core) for _printf_core
    C:\Keil_v5\ARM\ARMCLANG\Bin\..\lib\armlib\mc_w.l(printf6.o)(i.__0sprintf$6) refers to C:\Keil_v5\ARM\ARMCLANG\Bin\..\lib\armlib\mc_w.l(printf6.o)(i._sputc) for _sputc
    C:\Keil_v5\ARM\ARMCLANG\Bin\..\lib\armlib\mc_w.l(printf6.o)(i.__0vfprintf$6) refers to C:\Keil_v5\ARM\ARMCLANG\Bin\..\lib\armlib\mc_w.l(printf6.o)(i._printf_core) for _printf_core
    C:\Keil_v5\ARM\ARMCLANG\Bin\..\lib\armlib\mc_w.l(printf6.o)(i.__0vfprintf$6) refers to C:\Keil_v5\ARM\ARMCLANG\Bin\..\lib\armlib\mc_w.l(fputc.o)(i.fputc) for fputc
    C:\Keil_v5\ARM\ARMCLANG\Bin\..\lib\armlib\mc_w.l(printf6.o)(i.__0vprintf$6) refers to C:\Keil_v5\ARM\ARMCLANG\Bin\..\lib\armlib\mc_w.l(printf6.o)(i._printf_core) for _printf_core
    C:\Keil_v5\ARM\ARMCLANG\Bin\..\lib\armlib\mc_w.l(printf6.o)(i.__0vprintf$6) refers to C:\Keil_v5\ARM\ARMCLANG\Bin\..\lib\armlib\mc_w.l(fputc.o)(i.fputc) for fputc
    C:\Keil_v5\ARM\ARMCLANG\Bin\..\lib\armlib\mc_w.l(printf6.o)(i.__0vprintf$6) refers to C:\Keil_v5\ARM\ARMCLANG\Bin\..\lib\armlib\mc_w.l(stdout.o)(.data) for __stdout
    C:\Keil_v5\ARM\ARMCLANG\Bin\..\lib\armlib\mc_w.l(printf6.o)(i.__0vsnprintf$6) refers to C:\Keil_v5\ARM\ARMCLANG\Bin\..\lib\armlib\mc_w.l(printf6.o)(i._printf_core) for _printf_core
    C:\Keil_v5\ARM\ARMCLANG\Bin\..\lib\armlib\mc_w.l(printf6.o)(i.__0vsnprintf$6) refers to C:\Keil_v5\ARM\ARMCLANG\Bin\..\lib\armlib\mc_w.l(printf6.o)(i._snputc) for _snputc
    C:\Keil_v5\ARM\ARMCLANG\Bin\..\lib\armlib\mc_w.l(printf6.o)(i.__0vsprintf$6) refers to C:\Keil_v5\ARM\ARMCLANG\Bin\..\lib\armlib\mc_w.l(printf6.o)(i._printf_core) for _printf_core
    C:\Keil_v5\ARM\ARMCLANG\Bin\..\lib\armlib\mc_w.l(printf6.o)(i.__0vsprintf$6) refers to C:\Keil_v5\ARM\ARMCLANG\Bin\..\lib\armlib\mc_w.l(printf6.o)(i._sputc) for _sputc
    C:\Keil_v5\ARM\ARMCLANG\Bin\..\lib\armlib\mc_w.l(printf6.o)(i._printf_core) refers to C:\Keil_v5\ARM\ARMCLANG\Bin\..\lib\armlib\mc_w.l(printf6.o)(i._printf_pre_padding) for _printf_pre_padding
    C:\Keil_v5\ARM\ARMCLANG\Bin\..\lib\armlib\mc_w.l(printf6.o)(i._printf_core) refers to C:\Keil_v5\ARM\ARMCLANG\Bin\..\lib\armlib\mc_w.l(uidiv.o)(.text) for __aeabi_uidivmod
    C:\Keil_v5\ARM\ARMCLANG\Bin\..\lib\armlib\mc_w.l(printf6.o)(i._printf_core) refers to C:\Keil_v5\ARM\ARMCLANG\Bin\..\lib\armlib\mc_w.l(printf6.o)(i._printf_post_padding) for _printf_post_padding
    C:\Keil_v5\ARM\ARMCLANG\Bin\..\lib\armlib\mc_w.l(printf7.o)(i.__0fprintf$7) refers to C:\Keil_v5\ARM\ARMCLANG\Bin\..\lib\armlib\mc_w.l(printf7.o)(i._printf_core) for _printf_core
    C:\Keil_v5\ARM\ARMCLANG\Bin\..\lib\armlib\mc_w.l(printf7.o)(i.__0fprintf$7) refers to C:\Keil_v5\ARM\ARMCLANG\Bin\..\lib\armlib\mc_w.l(fputc.o)(i.fputc) for fputc
    C:\Keil_v5\ARM\ARMCLANG\Bin\..\lib\armlib\mc_w.l(printf7.o)(i.__0printf$7) refers to C:\Keil_v5\ARM\ARMCLANG\Bin\..\lib\armlib\mc_w.l(printf7.o)(i._printf_core) for _printf_core
    C:\Keil_v5\ARM\ARMCLANG\Bin\..\lib\armlib\mc_w.l(printf7.o)(i.__0printf$7) refers to C:\Keil_v5\ARM\ARMCLANG\Bin\..\lib\armlib\mc_w.l(fputc.o)(i.fputc) for fputc
    C:\Keil_v5\ARM\ARMCLANG\Bin\..\lib\armlib\mc_w.l(printf7.o)(i.__0printf$7) refers to C:\Keil_v5\ARM\ARMCLANG\Bin\..\lib\armlib\mc_w.l(stdout.o)(.data) for __stdout
    C:\Keil_v5\ARM\ARMCLANG\Bin\..\lib\armlib\mc_w.l(printf7.o)(i.__0snprintf$7) refers to C:\Keil_v5\ARM\ARMCLANG\Bin\..\lib\armlib\mc_w.l(printf7.o)(i._printf_core) for _printf_core
    C:\Keil_v5\ARM\ARMCLANG\Bin\..\lib\armlib\mc_w.l(printf7.o)(i.__0snprintf$7) refers to C:\Keil_v5\ARM\ARMCLANG\Bin\..\lib\armlib\mc_w.l(printf7.o)(i._snputc) for _snputc
    C:\Keil_v5\ARM\ARMCLANG\Bin\..\lib\armlib\mc_w.l(printf7.o)(i.__0sprintf$7) refers to C:\Keil_v5\ARM\ARMCLANG\Bin\..\lib\armlib\mc_w.l(printf7.o)(i._printf_core) for _printf_core
    C:\Keil_v5\ARM\ARMCLANG\Bin\..\lib\armlib\mc_w.l(printf7.o)(i.__0sprintf$7) refers to C:\Keil_v5\ARM\ARMCLANG\Bin\..\lib\armlib\mc_w.l(printf7.o)(i._sputc) for _sputc
    C:\Keil_v5\ARM\ARMCLANG\Bin\..\lib\armlib\mc_w.l(printf7.o)(i.__0vfprintf$7) refers to C:\Keil_v5\ARM\ARMCLANG\Bin\..\lib\armlib\mc_w.l(printf7.o)(i._printf_core) for _printf_core
    C:\Keil_v5\ARM\ARMCLANG\Bin\..\lib\armlib\mc_w.l(printf7.o)(i.__0vfprintf$7) refers to C:\Keil_v5\ARM\ARMCLANG\Bin\..\lib\armlib\mc_w.l(fputc.o)(i.fputc) for fputc
    C:\Keil_v5\ARM\ARMCLANG\Bin\..\lib\armlib\mc_w.l(printf7.o)(i.__0vprintf$7) refers to C:\Keil_v5\ARM\ARMCLANG\Bin\..\lib\armlib\mc_w.l(printf7.o)(i._printf_core) for _printf_core
    C:\Keil_v5\ARM\ARMCLANG\Bin\..\lib\armlib\mc_w.l(printf7.o)(i.__0vprintf$7) refers to C:\Keil_v5\ARM\ARMCLANG\Bin\..\lib\armlib\mc_w.l(fputc.o)(i.fputc) for fputc
    C:\Keil_v5\ARM\ARMCLANG\Bin\..\lib\armlib\mc_w.l(printf7.o)(i.__0vprintf$7) refers to C:\Keil_v5\ARM\ARMCLANG\Bin\..\lib\armlib\mc_w.l(stdout.o)(.data) for __stdout
    C:\Keil_v5\ARM\ARMCLANG\Bin\..\lib\armlib\mc_w.l(printf7.o)(i.__0vsnprintf$7) refers to C:\Keil_v5\ARM\ARMCLANG\Bin\..\lib\armlib\mc_w.l(printf7.o)(i._printf_core) for _printf_core
    C:\Keil_v5\ARM\ARMCLANG\Bin\..\lib\armlib\mc_w.l(printf7.o)(i.__0vsnprintf$7) refers to C:\Keil_v5\ARM\ARMCLANG\Bin\..\lib\armlib\mc_w.l(printf7.o)(i._snputc) for _snputc
    C:\Keil_v5\ARM\ARMCLANG\Bin\..\lib\armlib\mc_w.l(printf7.o)(i.__0vsprintf$7) refers to C:\Keil_v5\ARM\ARMCLANG\Bin\..\lib\armlib\mc_w.l(printf7.o)(i._printf_core) for _printf_core
    C:\Keil_v5\ARM\ARMCLANG\Bin\..\lib\armlib\mc_w.l(printf7.o)(i.__0vsprintf$7) refers to C:\Keil_v5\ARM\ARMCLANG\Bin\..\lib\armlib\mc_w.l(printf7.o)(i._sputc) for _sputc
    C:\Keil_v5\ARM\ARMCLANG\Bin\..\lib\armlib\mc_w.l(printf7.o)(i._printf_core) refers to C:\Keil_v5\ARM\ARMCLANG\Bin\..\lib\armlib\mc_w.l(printf7.o)(i._printf_pre_padding) for _printf_pre_padding
    C:\Keil_v5\ARM\ARMCLANG\Bin\..\lib\armlib\mc_w.l(printf7.o)(i._printf_core) refers to C:\Keil_v5\ARM\ARMCLANG\Bin\..\lib\armlib\mc_w.l(uldiv.o)(.text) for __aeabi_uldivmod
    C:\Keil_v5\ARM\ARMCLANG\Bin\..\lib\armlib\mc_w.l(printf7.o)(i._printf_core) refers to C:\Keil_v5\ARM\ARMCLANG\Bin\..\lib\armlib\mc_w.l(printf7.o)(i._printf_post_padding) for _printf_post_padding
    C:\Keil_v5\ARM\ARMCLANG\Bin\..\lib\armlib\mc_w.l(printf8.o)(i.__0fprintf$8) refers to C:\Keil_v5\ARM\ARMCLANG\Bin\..\lib\armlib\mc_w.l(printf8.o)(i._printf_core) for _printf_core
    C:\Keil_v5\ARM\ARMCLANG\Bin\..\lib\armlib\mc_w.l(printf8.o)(i.__0fprintf$8) refers to C:\Keil_v5\ARM\ARMCLANG\Bin\..\lib\armlib\mc_w.l(fputc.o)(i.fputc) for fputc
    C:\Keil_v5\ARM\ARMCLANG\Bin\..\lib\armlib\mc_w.l(printf8.o)(i.__0printf$8) refers to C:\Keil_v5\ARM\ARMCLANG\Bin\..\lib\armlib\mc_w.l(printf8.o)(i._printf_core) for _printf_core
    C:\Keil_v5\ARM\ARMCLANG\Bin\..\lib\armlib\mc_w.l(printf8.o)(i.__0printf$8) refers to C:\Keil_v5\ARM\ARMCLANG\Bin\..\lib\armlib\mc_w.l(fputc.o)(i.fputc) for fputc
    C:\Keil_v5\ARM\ARMCLANG\Bin\..\lib\armlib\mc_w.l(printf8.o)(i.__0printf$8) refers to C:\Keil_v5\ARM\ARMCLANG\Bin\..\lib\armlib\mc_w.l(stdout.o)(.data) for __stdout
    C:\Keil_v5\ARM\ARMCLANG\Bin\..\lib\armlib\mc_w.l(printf8.o)(i.__0snprintf$8) refers to C:\Keil_v5\ARM\ARMCLANG\Bin\..\lib\armlib\mc_w.l(printf8.o)(i._printf_core) for _printf_core
    C:\Keil_v5\ARM\ARMCLANG\Bin\..\lib\armlib\mc_w.l(printf8.o)(i.__0snprintf$8) refers to C:\Keil_v5\ARM\ARMCLANG\Bin\..\lib\armlib\mc_w.l(printf8.o)(i._snputc) for _snputc
    C:\Keil_v5\ARM\ARMCLANG\Bin\..\lib\armlib\mc_w.l(printf8.o)(i.__0sprintf$8) refers to C:\Keil_v5\ARM\ARMCLANG\Bin\..\lib\armlib\mc_w.l(printf8.o)(i._printf_core) for _printf_core
    C:\Keil_v5\ARM\ARMCLANG\Bin\..\lib\armlib\mc_w.l(printf8.o)(i.__0sprintf$8) refers to C:\Keil_v5\ARM\ARMCLANG\Bin\..\lib\armlib\mc_w.l(printf8.o)(i._sputc) for _sputc
    C:\Keil_v5\ARM\ARMCLANG\Bin\..\lib\armlib\mc_w.l(printf8.o)(i.__0vfprintf$8) refers to C:\Keil_v5\ARM\ARMCLANG\Bin\..\lib\armlib\mc_w.l(printf8.o)(i._printf_core) for _printf_core
    C:\Keil_v5\ARM\ARMCLANG\Bin\..\lib\armlib\mc_w.l(printf8.o)(i.__0vfprintf$8) refers to C:\Keil_v5\ARM\ARMCLANG\Bin\..\lib\armlib\mc_w.l(fputc.o)(i.fputc) for fputc
    C:\Keil_v5\ARM\ARMCLANG\Bin\..\lib\armlib\mc_w.l(printf8.o)(i.__0vprintf$8) refers to C:\Keil_v5\ARM\ARMCLANG\Bin\..\lib\armlib\mc_w.l(printf8.o)(i._printf_core) for _printf_core
    C:\Keil_v5\ARM\ARMCLANG\Bin\..\lib\armlib\mc_w.l(printf8.o)(i.__0vprintf$8) refers to C:\Keil_v5\ARM\ARMCLANG\Bin\..\lib\armlib\mc_w.l(fputc.o)(i.fputc) for fputc
    C:\Keil_v5\ARM\ARMCLANG\Bin\..\lib\armlib\mc_w.l(printf8.o)(i.__0vprintf$8) refers to C:\Keil_v5\ARM\ARMCLANG\Bin\..\lib\armlib\mc_w.l(stdout.o)(.data) for __stdout
    C:\Keil_v5\ARM\ARMCLANG\Bin\..\lib\armlib\mc_w.l(printf8.o)(i.__0vsnprintf$8) refers to C:\Keil_v5\ARM\ARMCLANG\Bin\..\lib\armlib\mc_w.l(printf8.o)(i._printf_core) for _printf_core
    C:\Keil_v5\ARM\ARMCLANG\Bin\..\lib\armlib\mc_w.l(printf8.o)(i.__0vsnprintf$8) refers to C:\Keil_v5\ARM\ARMCLANG\Bin\..\lib\armlib\mc_w.l(printf8.o)(i._snputc) for _snputc
    C:\Keil_v5\ARM\ARMCLANG\Bin\..\lib\armlib\mc_w.l(printf8.o)(i.__0vsprintf$8) refers to C:\Keil_v5\ARM\ARMCLANG\Bin\..\lib\armlib\mc_w.l(printf8.o)(i._printf_core) for _printf_core
    C:\Keil_v5\ARM\ARMCLANG\Bin\..\lib\armlib\mc_w.l(printf8.o)(i.__0vsprintf$8) refers to C:\Keil_v5\ARM\ARMCLANG\Bin\..\lib\armlib\mc_w.l(printf8.o)(i._sputc) for _sputc
    C:\Keil_v5\ARM\ARMCLANG\Bin\..\lib\armlib\mc_w.l(printf8.o)(i._printf_core) refers to C:\Keil_v5\ARM\ARMCLANG\Bin\..\lib\armlib\mc_w.l(printf8.o)(i._printf_pre_padding) for _printf_pre_padding
    C:\Keil_v5\ARM\ARMCLANG\Bin\..\lib\armlib\mc_w.l(printf8.o)(i._printf_core) refers to C:\Keil_v5\ARM\ARMCLANG\Bin\..\lib\armlib\mc_w.l(uldiv.o)(.text) for __aeabi_uldivmod
    C:\Keil_v5\ARM\ARMCLANG\Bin\..\lib\armlib\mc_w.l(printf8.o)(i._printf_core) refers to C:\Keil_v5\ARM\ARMCLANG\Bin\..\lib\armlib\mc_w.l(printf8.o)(i._printf_post_padding) for _printf_post_padding
    C:\Keil_v5\ARM\ARMCLANG\Bin\..\lib\armlib\mc_w.l(printfa.o)(i.__0fprintf) refers (Special) to C:\Keil_v5\ARM\ARMCLANG\Bin\..\lib\armlib\mc_w.l(iusefp.o)(.text) for __I$use$fp
    C:\Keil_v5\ARM\ARMCLANG\Bin\..\lib\armlib\mc_w.l(printfa.o)(i.__0fprintf) refers to C:\Keil_v5\ARM\ARMCLANG\Bin\..\lib\armlib\mc_w.l(printfa.o)(i._printf_core) for _printf_core
    C:\Keil_v5\ARM\ARMCLANG\Bin\..\lib\armlib\mc_w.l(printfa.o)(i.__0fprintf) refers to C:\Keil_v5\ARM\ARMCLANG\Bin\..\lib\armlib\mc_w.l(fputc.o)(i.fputc) for fputc
    C:\Keil_v5\ARM\ARMCLANG\Bin\..\lib\armlib\mc_w.l(printfa.o)(i.__0printf) refers (Special) to C:\Keil_v5\ARM\ARMCLANG\Bin\..\lib\armlib\mc_w.l(iusefp.o)(.text) for __I$use$fp
    C:\Keil_v5\ARM\ARMCLANG\Bin\..\lib\armlib\mc_w.l(printfa.o)(i.__0printf) refers to C:\Keil_v5\ARM\ARMCLANG\Bin\..\lib\armlib\mc_w.l(printfa.o)(i._printf_core) for _printf_core
    C:\Keil_v5\ARM\ARMCLANG\Bin\..\lib\armlib\mc_w.l(printfa.o)(i.__0printf) refers to C:\Keil_v5\ARM\ARMCLANG\Bin\..\lib\armlib\mc_w.l(fputc.o)(i.fputc) for fputc
    C:\Keil_v5\ARM\ARMCLANG\Bin\..\lib\armlib\mc_w.l(printfa.o)(i.__0printf) refers to C:\Keil_v5\ARM\ARMCLANG\Bin\..\lib\armlib\mc_w.l(stdout.o)(.data) for __stdout
    C:\Keil_v5\ARM\ARMCLANG\Bin\..\lib\armlib\mc_w.l(printfa.o)(i.__0snprintf) refers (Special) to C:\Keil_v5\ARM\ARMCLANG\Bin\..\lib\armlib\mc_w.l(iusefp.o)(.text) for __I$use$fp
    C:\Keil_v5\ARM\ARMCLANG\Bin\..\lib\armlib\mc_w.l(printfa.o)(i.__0snprintf) refers to C:\Keil_v5\ARM\ARMCLANG\Bin\..\lib\armlib\mc_w.l(printfa.o)(i._printf_core) for _printf_core
    C:\Keil_v5\ARM\ARMCLANG\Bin\..\lib\armlib\mc_w.l(printfa.o)(i.__0snprintf) refers to C:\Keil_v5\ARM\ARMCLANG\Bin\..\lib\armlib\mc_w.l(printfa.o)(i._snputc) for _snputc
    C:\Keil_v5\ARM\ARMCLANG\Bin\..\lib\armlib\mc_w.l(printfa.o)(i.__0sprintf) refers (Special) to C:\Keil_v5\ARM\ARMCLANG\Bin\..\lib\armlib\mc_w.l(iusefp.o)(.text) for __I$use$fp
    C:\Keil_v5\ARM\ARMCLANG\Bin\..\lib\armlib\mc_w.l(printfa.o)(i.__0sprintf) refers to C:\Keil_v5\ARM\ARMCLANG\Bin\..\lib\armlib\mc_w.l(printfa.o)(i._printf_core) for _printf_core
    C:\Keil_v5\ARM\ARMCLANG\Bin\..\lib\armlib\mc_w.l(printfa.o)(i.__0sprintf) refers to C:\Keil_v5\ARM\ARMCLANG\Bin\..\lib\armlib\mc_w.l(printfa.o)(i._sputc) for _sputc
    C:\Keil_v5\ARM\ARMCLANG\Bin\..\lib\armlib\mc_w.l(printfa.o)(i.__0vfprintf) refers (Special) to C:\Keil_v5\ARM\ARMCLANG\Bin\..\lib\armlib\mc_w.l(iusefp.o)(.text) for __I$use$fp
    C:\Keil_v5\ARM\ARMCLANG\Bin\..\lib\armlib\mc_w.l(printfa.o)(i.__0vfprintf) refers to C:\Keil_v5\ARM\ARMCLANG\Bin\..\lib\armlib\mc_w.l(printfa.o)(i._printf_core) for _printf_core
    C:\Keil_v5\ARM\ARMCLANG\Bin\..\lib\armlib\mc_w.l(printfa.o)(i.__0vfprintf) refers to C:\Keil_v5\ARM\ARMCLANG\Bin\..\lib\armlib\mc_w.l(fputc.o)(i.fputc) for fputc
    C:\Keil_v5\ARM\ARMCLANG\Bin\..\lib\armlib\mc_w.l(printfa.o)(i.__0vprintf) refers (Special) to C:\Keil_v5\ARM\ARMCLANG\Bin\..\lib\armlib\mc_w.l(iusefp.o)(.text) for __I$use$fp
    C:\Keil_v5\ARM\ARMCLANG\Bin\..\lib\armlib\mc_w.l(printfa.o)(i.__0vprintf) refers to C:\Keil_v5\ARM\ARMCLANG\Bin\..\lib\armlib\mc_w.l(printfa.o)(i._printf_core) for _printf_core
    C:\Keil_v5\ARM\ARMCLANG\Bin\..\lib\armlib\mc_w.l(printfa.o)(i.__0vprintf) refers to C:\Keil_v5\ARM\ARMCLANG\Bin\..\lib\armlib\mc_w.l(fputc.o)(i.fputc) for fputc
    C:\Keil_v5\ARM\ARMCLANG\Bin\..\lib\armlib\mc_w.l(printfa.o)(i.__0vprintf) refers to C:\Keil_v5\ARM\ARMCLANG\Bin\..\lib\armlib\mc_w.l(stdout.o)(.data) for __stdout
    C:\Keil_v5\ARM\ARMCLANG\Bin\..\lib\armlib\mc_w.l(printfa.o)(i.__0vsnprintf) refers (Special) to C:\Keil_v5\ARM\ARMCLANG\Bin\..\lib\armlib\mc_w.l(iusefp.o)(.text) for __I$use$fp
    C:\Keil_v5\ARM\ARMCLANG\Bin\..\lib\armlib\mc_w.l(printfa.o)(i.__0vsnprintf) refers to C:\Keil_v5\ARM\ARMCLANG\Bin\..\lib\armlib\mc_w.l(printfa.o)(i._printf_core) for _printf_core
    C:\Keil_v5\ARM\ARMCLANG\Bin\..\lib\armlib\mc_w.l(printfa.o)(i.__0vsnprintf) refers to C:\Keil_v5\ARM\ARMCLANG\Bin\..\lib\armlib\mc_w.l(printfa.o)(i._snputc) for _snputc
    C:\Keil_v5\ARM\ARMCLANG\Bin\..\lib\armlib\mc_w.l(printfa.o)(i.__0vsprintf) refers (Special) to C:\Keil_v5\ARM\ARMCLANG\Bin\..\lib\armlib\mc_w.l(iusefp.o)(.text) for __I$use$fp
    C:\Keil_v5\ARM\ARMCLANG\Bin\..\lib\armlib\mc_w.l(printfa.o)(i.__0vsprintf) refers to C:\Keil_v5\ARM\ARMCLANG\Bin\..\lib\armlib\mc_w.l(printfa.o)(i._printf_core) for _printf_core
    C:\Keil_v5\ARM\ARMCLANG\Bin\..\lib\armlib\mc_w.l(printfa.o)(i.__0vsprintf) refers to C:\Keil_v5\ARM\ARMCLANG\Bin\..\lib\armlib\mc_w.l(printfa.o)(i._sputc) for _sputc
    C:\Keil_v5\ARM\ARMCLANG\Bin\..\lib\armlib\mc_w.l(printfa.o)(i._fp_digits) refers (Special) to C:\Keil_v5\ARM\ARMCLANG\Bin\..\lib\armlib\mc_w.l(iusefp.o)(.text) for __I$use$fp
    C:\Keil_v5\ARM\ARMCLANG\Bin\..\lib\armlib\mc_w.l(printfa.o)(i._fp_digits) refers to C:\Keil_v5\ARM\ARMCLANG\Bin\..\lib\armlib\mf_w.l(dmul.o)(.text) for __aeabi_dmul
    C:\Keil_v5\ARM\ARMCLANG\Bin\..\lib\armlib\mc_w.l(printfa.o)(i._fp_digits) refers to C:\Keil_v5\ARM\ARMCLANG\Bin\..\lib\armlib\mf_w.l(ddiv.o)(.text) for __aeabi_ddiv
    C:\Keil_v5\ARM\ARMCLANG\Bin\..\lib\armlib\mc_w.l(printfa.o)(i._fp_digits) refers to C:\Keil_v5\ARM\ARMCLANG\Bin\..\lib\armlib\mf_w.l(cdrcmple.o)(.text) for __aeabi_cdrcmple
    C:\Keil_v5\ARM\ARMCLANG\Bin\..\lib\armlib\mc_w.l(printfa.o)(i._fp_digits) refers to C:\Keil_v5\ARM\ARMCLANG\Bin\..\lib\armlib\mf_w.l(dadd.o)(.text) for __aeabi_dadd
    C:\Keil_v5\ARM\ARMCLANG\Bin\..\lib\armlib\mc_w.l(printfa.o)(i._fp_digits) refers to C:\Keil_v5\ARM\ARMCLANG\Bin\..\lib\armlib\mf_w.l(dfixul.o)(.text) for __aeabi_d2ulz
    C:\Keil_v5\ARM\ARMCLANG\Bin\..\lib\armlib\mc_w.l(printfa.o)(i._fp_digits) refers to C:\Keil_v5\ARM\ARMCLANG\Bin\..\lib\armlib\mc_w.l(uldiv.o)(.text) for __aeabi_uldivmod
    C:\Keil_v5\ARM\ARMCLANG\Bin\..\lib\armlib\mc_w.l(printfa.o)(i._printf_core) refers (Special) to C:\Keil_v5\ARM\ARMCLANG\Bin\..\lib\armlib\mc_w.l(iusefp.o)(.text) for __I$use$fp
    C:\Keil_v5\ARM\ARMCLANG\Bin\..\lib\armlib\mc_w.l(printfa.o)(i._printf_core) refers to C:\Keil_v5\ARM\ARMCLANG\Bin\..\lib\armlib\mc_w.l(printfa.o)(i._printf_pre_padding) for _printf_pre_padding
    C:\Keil_v5\ARM\ARMCLANG\Bin\..\lib\armlib\mc_w.l(printfa.o)(i._printf_core) refers to C:\Keil_v5\ARM\ARMCLANG\Bin\..\lib\armlib\mc_w.l(uldiv.o)(.text) for __aeabi_uldivmod
    C:\Keil_v5\ARM\ARMCLANG\Bin\..\lib\armlib\mc_w.l(printfa.o)(i._printf_core) refers to C:\Keil_v5\ARM\ARMCLANG\Bin\..\lib\armlib\mc_w.l(printfa.o)(i._printf_post_padding) for _printf_post_padding
    C:\Keil_v5\ARM\ARMCLANG\Bin\..\lib\armlib\mc_w.l(printfa.o)(i._printf_core) refers to C:\Keil_v5\ARM\ARMCLANG\Bin\..\lib\armlib\mc_w.l(printfa.o)(i._fp_digits) for _fp_digits
    C:\Keil_v5\ARM\ARMCLANG\Bin\..\lib\armlib\mc_w.l(printfa.o)(i._printf_core) refers to C:\Keil_v5\ARM\ARMCLANG\Bin\..\lib\armlib\mc_w.l(uidiv.o)(.text) for __aeabi_uidivmod
    C:\Keil_v5\ARM\ARMCLANG\Bin\..\lib\armlib\mc_w.l(printfa.o)(i._printf_post_padding) refers (Special) to C:\Keil_v5\ARM\ARMCLANG\Bin\..\lib\armlib\mc_w.l(iusefp.o)(.text) for __I$use$fp
    C:\Keil_v5\ARM\ARMCLANG\Bin\..\lib\armlib\mc_w.l(printfa.o)(i._printf_pre_padding) refers (Special) to C:\Keil_v5\ARM\ARMCLANG\Bin\..\lib\armlib\mc_w.l(iusefp.o)(.text) for __I$use$fp
    C:\Keil_v5\ARM\ARMCLANG\Bin\..\lib\armlib\mc_w.l(printfa.o)(i._snputc) refers (Special) to C:\Keil_v5\ARM\ARMCLANG\Bin\..\lib\armlib\mc_w.l(iusefp.o)(.text) for __I$use$fp
    C:\Keil_v5\ARM\ARMCLANG\Bin\..\lib\armlib\mc_w.l(printfa.o)(i._sputc) refers (Special) to C:\Keil_v5\ARM\ARMCLANG\Bin\..\lib\armlib\mc_w.l(iusefp.o)(.text) for __I$use$fp
    C:\Keil_v5\ARM\ARMCLANG\Bin\..\lib\armlib\mc_w.l(cpp_init.o)(.emb_text) refers (Special) to C:\Keil_v5\ARM\ARMCLANG\Bin\..\lib\armlib\mc_w.l(entry8a.o)(.ARM.Collect$$$$00000009) for _main_cpp_init$empty
    C:\Keil_v5\ARM\ARMCLANG\Bin\..\lib\armlib\mc_w.l(cpp_init.o)(.init_array) refers (Special) to C:\Keil_v5\ARM\ARMCLANG\Bin\..\lib\armlib\mc_w.l(entry8a.o)(.ARM.Collect$$$$00000009) for _main_cpp_init$empty
    C:\Keil_v5\ARM\ARMCLANG\Bin\..\lib\armlib\mc_w.l(cpp_init.o)(.dummy_text) refers (Special) to C:\Keil_v5\ARM\ARMCLANG\Bin\..\lib\armlib\mc_w.l(entry8a.o)(.ARM.Collect$$$$00000009) for _main_cpp_init$empty
    C:\Keil_v5\ARM\ARMCLANG\Bin\..\lib\armlib\mc_w.l(cpp_init.o)(.text) refers (Special) to C:\Keil_v5\ARM\ARMCLANG\Bin\..\lib\armlib\mc_w.l(entry8a.o)(.ARM.Collect$$$$00000009) for _main_cpp_init$empty
    C:\Keil_v5\ARM\ARMCLANG\Bin\..\lib\armlib\mc_w.l(entry2.o)(.ARM.Collect$$$$00000001) refers to C:\Keil_v5\ARM\ARMCLANG\Bin\..\lib\armlib\mc_w.l(entry2.o)(.ARM.Collect$$$$00002712) for __lit__00000000
    C:\Keil_v5\ARM\ARMCLANG\Bin\..\lib\armlib\mc_w.l(entry2.o)(__vectab_stack_and_reset_area) refers to C:\Keil_v5\ARM\ARMCLANG\Bin\..\lib\armlib\mc_w.l(entry.o)(.ARM.Collect$$$$00000000) for __main
    C:\Keil_v5\ARM\ARMCLANG\Bin\..\lib\armlib\mc_w.l(entry5.o)(.ARM.Collect$$$$00000004) refers to C:\Keil_v5\ARM\ARMCLANG\Bin\..\lib\armlib\mc_w.l(init.o)(.text) for __scatterload
    C:\Keil_v5\ARM\ARMCLANG\Bin\..\lib\armlib\mc_w.l(entry8a.o)(.ARM.Collect$$$$00000009) refers (Weak) to C:\Keil_v5\ARM\ARMCLANG\Bin\..\lib\armlib\mc_w.l(cpp_init.o)(.text) for __cpp_initialize__aeabi_
    C:\Keil_v5\ARM\ARMCLANG\Bin\..\lib\armlib\mc_w.l(entry9a.o)(.ARM.Collect$$$$0000000B) refers to .\build\main.o(.text.main) for main
    C:\Keil_v5\ARM\ARMCLANG\Bin\..\lib\armlib\mc_w.l(entry9b.o)(.ARM.Collect$$$$0000000C) refers to .\build\main.o(.text.main) for main
    C:\Keil_v5\ARM\ARMCLANG\Bin\..\lib\armlib\mc_w.l(fputc.o)(i.fputc) refers (Special) to C:\Keil_v5\ARM\ARMCLANG\Bin\..\lib\armlib\mc_w.l(iusesemip.o)(.text) for __I$use$semihosting$fputc
    C:\Keil_v5\ARM\ARMCLANG\Bin\..\lib\armlib\mc_w.l(fputc.o)(i.fputc) refers (Special) to C:\Keil_v5\ARM\ARMCLANG\Bin\..\lib\armlib\mc_w.l(semi.o)(.text) for __semihosting_library_function
    C:\Keil_v5\ARM\ARMCLANG\Bin\..\lib\armlib\mc_w.l(fputc_h.o)(i._fputc$hlt) refers (Special) to C:\Keil_v5\ARM\ARMCLANG\Bin\..\lib\armlib\mc_w.l(iusesemip.o)(.text) for __I$use$semihosting$fputc
    C:\Keil_v5\ARM\ARMCLANG\Bin\..\lib\armlib\mc_w.l(fputc_h.o)(i._fputc$hlt) refers (Special) to C:\Keil_v5\ARM\ARMCLANG\Bin\..\lib\armlib\mc_w.l(semi.o)(.text) for __semihosting_library_function
    C:\Keil_v5\ARM\ARMCLANG\Bin\..\lib\armlib\mc_w.l(uldiv.o)(.text) refers to C:\Keil_v5\ARM\ARMCLANG\Bin\..\lib\armlib\mc_w.l(llushr.o)(.text) for __aeabi_llsr
    C:\Keil_v5\ARM\ARMCLANG\Bin\..\lib\armlib\mc_w.l(uldiv.o)(.text) refers to C:\Keil_v5\ARM\ARMCLANG\Bin\..\lib\armlib\mc_w.l(llshl.o)(.text) for __aeabi_llsl
    C:\Keil_v5\ARM\ARMCLANG\Bin\..\lib\armlib\mf_w.l(dadd.o)(.text) refers (Special) to C:\Keil_v5\ARM\ARMCLANG\Bin\..\lib\armlib\mc_w.l(iusefp.o)(.text) for __I$use$fp
    C:\Keil_v5\ARM\ARMCLANG\Bin\..\lib\armlib\mf_w.l(dadd.o)(.text) refers to C:\Keil_v5\ARM\ARMCLANG\Bin\..\lib\armlib\mc_w.l(llshl.o)(.text) for __aeabi_llsl
    C:\Keil_v5\ARM\ARMCLANG\Bin\..\lib\armlib\mf_w.l(dadd.o)(.text) refers to C:\Keil_v5\ARM\ARMCLANG\Bin\..\lib\armlib\mc_w.l(llsshr.o)(.text) for __aeabi_lasr
    C:\Keil_v5\ARM\ARMCLANG\Bin\..\lib\armlib\mf_w.l(dadd.o)(.text) refers to C:\Keil_v5\ARM\ARMCLANG\Bin\..\lib\armlib\mf_w.l(depilogue.o)(.text) for _double_epilogue
    C:\Keil_v5\ARM\ARMCLANG\Bin\..\lib\armlib\mf_w.l(dmul.o)(.text) refers (Special) to C:\Keil_v5\ARM\ARMCLANG\Bin\..\lib\armlib\mc_w.l(iusefp.o)(.text) for __I$use$fp
    C:\Keil_v5\ARM\ARMCLANG\Bin\..\lib\armlib\mf_w.l(dmul.o)(.text) refers to C:\Keil_v5\ARM\ARMCLANG\Bin\..\lib\armlib\mf_w.l(depilogue.o)(.text) for _double_epilogue
    C:\Keil_v5\ARM\ARMCLANG\Bin\..\lib\armlib\mf_w.l(ddiv.o)(.text) refers (Special) to C:\Keil_v5\ARM\ARMCLANG\Bin\..\lib\armlib\mc_w.l(iusefp.o)(.text) for __I$use$fp
    C:\Keil_v5\ARM\ARMCLANG\Bin\..\lib\armlib\mf_w.l(ddiv.o)(.text) refers to C:\Keil_v5\ARM\ARMCLANG\Bin\..\lib\armlib\mf_w.l(depilogue.o)(.text) for _double_round
    C:\Keil_v5\ARM\ARMCLANG\Bin\..\lib\armlib\mf_w.l(dfixul.o)(.text) refers (Special) to C:\Keil_v5\ARM\ARMCLANG\Bin\..\lib\armlib\mc_w.l(iusefp.o)(.text) for __I$use$fp
    C:\Keil_v5\ARM\ARMCLANG\Bin\..\lib\armlib\mf_w.l(dfixul.o)(.text) refers to C:\Keil_v5\ARM\ARMCLANG\Bin\..\lib\armlib\mc_w.l(llushr.o)(.text) for __aeabi_llsr
    C:\Keil_v5\ARM\ARMCLANG\Bin\..\lib\armlib\mf_w.l(dfixul.o)(.text) refers to C:\Keil_v5\ARM\ARMCLANG\Bin\..\lib\armlib\mc_w.l(llshl.o)(.text) for __aeabi_llsl
    C:\Keil_v5\ARM\ARMCLANG\Bin\..\lib\armlib\mf_w.l(cdrcmple.o)(.text) refers (Special) to C:\Keil_v5\ARM\ARMCLANG\Bin\..\lib\armlib\mc_w.l(iusefp.o)(.text) for __I$use$fp
    C:\Keil_v5\ARM\ARMCLANG\Bin\..\lib\armlib\mc_w.l(init.o)(.text) refers to C:\Keil_v5\ARM\ARMCLANG\Bin\..\lib\armlib\mc_w.l(entry5.o)(.ARM.Collect$$$$00000004) for __main_after_scatterload
    C:\Keil_v5\ARM\ARMCLANG\Bin\..\lib\armlib\mf_w.l(depilogue.o)(.text) refers (Special) to C:\Keil_v5\ARM\ARMCLANG\Bin\..\lib\armlib\mc_w.l(iusefp.o)(.text) for __I$use$fp
    C:\Keil_v5\ARM\ARMCLANG\Bin\..\lib\armlib\mf_w.l(depilogue.o)(.text) refers to C:\Keil_v5\ARM\ARMCLANG\Bin\..\lib\armlib\mc_w.l(llshl.o)(.text) for __aeabi_llsl
    C:\Keil_v5\ARM\ARMCLANG\Bin\..\lib\armlib\mf_w.l(depilogue.o)(.text) refers to C:\Keil_v5\ARM\ARMCLANG\Bin\..\lib\armlib\mc_w.l(llushr.o)(.text) for __aeabi_llsr

Checking duplicate symbol definitions

==============================================================================

Removing Unused input sections from the image.

    Removing .\build\main.o(.text), (0 bytes).
    Removing .\build\main.o(.ARM.exidx.text.main), (8 bytes).
    Removing .\build\main.o(.ARM.exidx.text._GLOBAL__sub_I_main.cpp), (8 bytes).
    Removing .\build\main.o(.ARM.use_no_argv), (4 bytes).

4 unused section(s) (total 20 bytes) removed from the image.
